******************************************************************************
                  TI ARM Linker PC v18.12.3                    
******************************************************************************
>> Linked Sat Dec 21 16:06:04 2019

OUTPUT FILE NAME:   <httpget_CC3220S_LAUNCHXL_tirtos_ccs2.out>
ENTRY POINT SYMBOL: "_c_int00"  address: 2001668d


MEMORY CONFIGURATION

         name            origin    length      used     unused   attr    fill
----------------------  --------  ---------  --------  --------  ----  --------
  SRAM0                 20000000   00004000  0000070c  000038f4  RW X
  SRAM                  20004000   0003c000  00020f1a  0001b0e6  RW X


SEGMENT ALLOCATION MAP

run origin  load origin   length   init length attrs members
----------  ----------- ---------- ----------- ----- -------
20003c00    20003c00    00000400   00000000    rw-
  20003c00    20003c00    00000400   00000000    rw- .stack
20004000    20004000    0001d7a8   000157a2    r-x
  20004000    20004000    0000003c   0000003c    r-- .resetVecs
  20004040    20004040    00015762   00015762    r-x .text
  200197a8    200197a8    00008000   00000000    r-- .priheap
20021800    20021800    00001518   00000000    rw-
  20021800    20021800    00001518   00000000    rw- .bss
20022d18    20022d18    00000f81   00000f81    r--
  20022d18    20022d18    00000f81   00000f81    r-- .const
20023c9c    20023c9c    00000e43   00000000    rw-
  20023c9c    20023c9c    00000e43   00000000    rw- .data
20024ae0    20024ae0    000004a0   000004a0    r--
  20024ae0    20024ae0    000004a0   000004a0    r-- .cinit


SECTION ALLOCATION MAP

 output                                  attributes/
section   page    origin      length       input sections
--------  ----  ----------  ----------   ----------------
.vecs      0    20000000    0000030c     NOLOAD SECTION
                  20000000    0000030c     release_pem4.oem4 (.vecs)

.stack     0    20003c00    00000400     UNINITIALIZED
                  20003c00    00000400     --HOLE--

.text      0    20004040    00015762     
                  20004040    00000a4e     rtsv7M4_T_le_eabi.lib : _printfi.c.obj (.text:__TI_printfi)
                  20004a8e    00000002     ti_drivers_config.obj (.text:Board_initHook)
                  20004a90    000008cc     simplelink.a : driver.obj (.text:_SlDrvMsgRead)
                  2000535c    000006a0     httpget.obj (.text:httpTask)
                  200059fc    000004bc     simplelink.a : sl_socket.obj (.text:_SlSocketHandleAsync_Select)
                  20005eb8    0000042c     driverlib.a : prcm.obj (.text:PRCMCC3200MCUInit)
                  200062e4    0000040c     httpclient_release.a : httpclient.oem4 (.text:sendRequest)
                  200066f0    00000384     simplelink.a : driver.obj (.text:_SlDrvMsgWrite)
                  20006a74    000002f0     PEMS.obj (.text:mainThread)
                  20006d64    000002e0     simplelink.a : driver.obj (.text:_SlDrvWaitForPoolObj)
                  20007044    000002d8                  : driver.obj (.text:_SlDrvRxHdrRead)
                  2000731c    000002b4                  : sl_socket.obj (.text:sl_Select)
                  200075d0    00000294                  : driver.obj (.text:_SlDrvReleasePoolObj)
                  20007864    00000280     drivers_cc32xx.aem4 : UARTCC32XX.oem4 (.text:UARTCC32XX_open)
                  20007ae4    0000027c     simplelink.a : wlan.obj (.text:sl_WlanConnect)
                  20007d60    00000268     rtsv7M4_T_le_eabi.lib : _printfi.c.obj (.text:_pconv_a)
                  20007fc8    0000025c     simplelink.a : driver.obj (.text:_SlDrvDataReadOp)
                  20008224    00000244     PEMS.obj (.text:update_values)
                  20008468    00000224     simplelink.a : driver.obj (.text:_SlDrvDriverCBInit)
                  2000868c    00000218                  : driver.obj (.text:_SlDrvDataWriteOp)
                  200088a4    000001fc     httpclient_release.a : httpclient.oem4 (.text:SlNetSock_connectURI)
                  20008aa0    000001f4     simplelink.a : driver.obj (.text:_SlDrvMsgReadCmdCtx)
                  20008c94    000001f2                  : netapp.obj (.text:_SlNetAppEventHandler)
                  20008e86    00000002     drivers_cc32xx.aem4 : CaptureCC32XX.oem4 (.text:CaptureCC32XX_init)
                  20008e88    000001e0     httpclient_release.a : httpclient.oem4 (.text:HTTPClient_connect2)
                  20009068    000001d4     drivers_cc32xx.aem4 : GPIOCC32XX.oem4 (.text:GPIO_setConfig)
                  2000923c    000001d0                         : SPICC32XXDMA.oem4 (.text:SPICC32XXDMA_transfer)
                  2000940c    000001cc     rtsv7M4_T_le_eabi.lib : _printfi.c.obj (.text:_pconv_g)
                  200095d8    000001c8     simplelink.a : device.obj (.text:sl_Stop)
                  200097a0    000001b8     dht22.obj (.text:DHT_translateData)
                  20009958    000001b8     drivers_cc32xx.aem4 : SPICC32XXDMA.oem4 (.text:configDMA)
                  20009b10    000001b6     rtsv7M4_T_le_eabi.lib : fd_add_t2.asm.obj (.text)
                  20009cc6    00000002     drivers_cc32xx.aem4 : PWMTimerCC32XX.oem4 (.text:PWMTimerCC32XX_init)
                  20009cc8    000001b4     simplelink.a : driver.obj (.text:_SlDrvReleaseAllActivePendingPoolObj)
                  20009e7c    000001b0     PEMS.obj (.text:execute_reading)
                  2000a02c    000001ac     simplelink.a : sl_socket.obj (.text:sl_Accept)
                  2000a1d8    000001a0     httpclient_release.a : httpclient.oem4 (.text:manageResponseHeaders)
                  2000a378    00000194                          : httpclient.oem4 (.text:redirect)
                  2000a50c    0000018c     simplelink.a : sl_socket.obj (.text:_SlDrvRegisterForSelectAsync)
                  2000a698    00000184                  : driver.obj (.text:_SlDrvFindAndSetActiveObj)
                  2000a81c    00000178                  : sl_socket.obj (.text:sl_Connect)
                  2000a994    00000177     httpclient_release.a : httpclient.oem4 (.text:readResponseHeader)
                  2000ab0b    00000001     --HOLE-- [fill = 0]
                  2000ab0c    00000170     simplelink.a : netapp.obj (.text:sl_NetAppDnsGetHostByName)
                  2000ac7c    00000158     drivers_cc32xx.aem4 : SPICC32XXDMA.oem4 (.text:SPICC32XXDMA_open)
                  2000add4    00000158     platform.obj (.text:SimpleLinkNetAppEventHandler)
                  2000af2c    00000154     simplelink.a : sl_socket.obj (.text:sl_RecvFrom)
                  2000b080    0000014c     dpl_cc32xx.aem4 : PowerCC32XX_tirtos.oem4 (.text:PowerCC32XX_sleepPolicy)
                  2000b1cc    0000014c     simplelink.a : sl_socket.obj (.text:sl_StartTLS)
                  2000b318    00000148     drivers_cc32xx.aem4 : PowerCC32XX.oem4 (.text:parkPins)
                  2000b460    00000148     httpclient_release.a : httpclient.oem4 (.text:parseURI)
                  2000b5a8    00000148     PEMS.obj (.text:thresholdMin)
                  2000b6f0    00000144     PEMS.obj (.text:thresholdMax)
                  2000b834    00000140     drivers_cc32xx.aem4 : PWMTimerCC32XX.oem4 (.text:PWMTimerCC32XX_setDutyAndPeriod)
                  2000b974    00000140     simplelink.a : driver.obj (.text:_SlDrvMsgReadSpawnCtx)
                  2000bab4    0000013c                  : driver.obj (.text:_SlDrvDriverCBDeinit)
                  2000bbf0    0000013c                  : sl_socket.obj (.text:_SlDrvGetNextTimeoutValue)
                  2000bd2c    0000013c     rtsv7M4_T_le_eabi.lib : _printfi.c.obj (.text:_pconv_e)
                  2000be68    00000138     drivers_cc32xx.aem4 : PowerCC32XX.oem4 (.text:Power_sleep)
                  2000bfa0    00000138     simplelink.a : driver.obj (.text:_SlSpawnMsgListInsert)
                  2000c0d8    00000136     rtsv7M4_T_le_eabi.lib : fd_div_t2.asm.obj (.text)
                  2000c20e    00000002     drivers_cc32xx.aem4 : TimerCC32XX.oem4 (.text:TimerCC32XX_init)
                  2000c210    00000134     simplelink.a : sl_socket.obj (.text:_SlSocketHandleAsync_StartTLS)
                  2000c344    00000004     dpl_cc32xx.aem4 : ClockP_tirtos.oem4 (.text:ClockP_getCpuFreq)
                  2000c348    00000130     sysbios.aem4 : BIOS.obj (.text:ti_sysbios_knl_Semaphore_pend__E)
                  2000c478    00000128     drivers_cc32xx.aem4 : TimerCC32XX.oem4 (.text:TimerCC32XX_open)
                  2000c5a0    00000128     simplelink.a : driver.obj (.text:_SlDrvClassifyRxMsg)
                  2000c6c8    00000124                  : fs.obj (.text:sl_FsOpen)
                  2000c7ec    00000121     httpclient_release.a : httpclient.oem4 (.text:getChunkedData)
                  2000c90d    00000001     --HOLE-- [fill = 0]
                  2000c90e    00000002     drivers_cc32xx.aem4 : UARTCC32XX.oem4 (.text:UARTCC32XX_init)
                  2000c910    00000120                         : UARTCC32XX.oem4 (.text:UARTCC32XX_close)
                  2000ca30    00000120     simplelink.a : driver.obj (.text:_SlDrvAsyncEventGenericHandler)
                  2000cb50    00000120     rtsv7M4_T_le_eabi.lib : _printfi.c.obj (.text:fcvt)
                  2000cc70    00000120     simplelink.a : device.obj (.text:sl_Start)
                  2000cd90    00000120     sysbios.aem4 : BIOS.obj (.text:xdc_runtime_Startup_startMods__I)
                  2000ceb0    00000118     simplelink.a : netapp.obj (.text:_SlNetAppHandleAsync_DnsGetHostByService)
                  2000cfc8    00000114     rtsv7M4_T_le_eabi.lib : fputs.c.obj (.text:fputs)
                  2000d0dc    00000110     PEMS.obj (.text:enter)
                  2000d1ec    00000110     rtsv7M4_T_le_eabi.lib : strtoul.c.obj (.text:strtoul)
                  2000d2fc    00000004     dpl_cc32xx.aem4 : ClockP_tirtos.oem4 (.text:ClockP_setTimeout)
                  2000d300    00000110     sysbios.aem4 : BIOS.obj (.text:ti_sysbios_knl_Task_postInit__I)
                  2000d410    00000108     httpclient_release.a : httpclient.oem4 (.text:HTTPClient_setHeader)
                  2000d518    00000108     slnetsock_release.a : slnetutils.oem4 (.text:SlNetUtil_str2BinIpV6)
                  2000d620    00000104     simplelink.a : device.obj (.text:_SlDeviceEventHandler)
                  2000d724    00000104                  : driver.obj (.text:_SlDrvCmdOp)
                  2000d828    00000104     sysbios.aem4 : BIOS.obj (.text:ti_sysbios_knl_Task_Instance_finalize__E)
                  2000d92c    00000100     simplelink.a : driver.obj (.text:_SlDrvObjGlobalLockWaitForever)
                  2000da2c    00000100                  : fs.obj (.text:sl_FsWrite)
                  2000db2c    000000fc     rtsv7M4_T_le_eabi.lib : fd_mul_t2.asm.obj (.text)
                  2000dc28    000000fc     simplelink.a : sl_socket.obj (.text:sl_Close)
                  2000dd24    000000f8     slnetifwifi.a : slnetifwifi.obj (.text:SlNetIfWifi_loadSecObj)
                  2000de1c    000000f4     httpclient_release.a : httpclient.oem4 (.text:httpProxyTunnel)
                  2000df10    000000f4     lcd.obj (.text:lcd_init_4bit)
                  2000e004    000000f4     simplelink.a : sl_socket.obj (.text:sl_SendTo)
                  2000e0f8    000000f2     drivers_cc32xx.aem4 : SPICC32XXDMA.oem4 (.text:SPICC32XXDMA_transferCancel)
                  2000e1ea    000000f2                         : UARTCC32XX.oem4 (.text:UARTCC32XX_control)
                  2000e2dc    000000f0                         : PWMTimerCC32XX.oem4 (.text:PWMTimerCC32XX_open)
                  2000e3cc    000000f0     platform.obj (.text:WiFi_thread)
                  2000e4bc    00000004     dpl_cc32xx.aem4 : ClockP_tirtos.oem4 (.text:ClockP_start)
                  2000e4c0    000000f0     sysbios.aem4 : BIOS.obj (.text:pthread_create)
                  2000e5b0    000000f0                  : BIOS.obj (.text:ti_sysbios_knl_Task_Instance_init__E)
                  2000e6a0    000000ec     PEMS.obj (.text:act_on_devices)
                  2000e78c    00000004     dpl_cc32xx.aem4 : ClockP_tirtos.oem4 (.text:ClockP_stop)
                  2000e790    000000ec     sysbios.aem4 : BIOS.obj (.text:clock_gettime)
                  2000e87c    000000e8     slnetsock_release.a : slnetif.oem4 (.text:SlNetIf_add)
                  2000e964    000000e4     drivers_cc32xx.aem4 : CaptureCC32XX.oem4 (.text:CaptureCC32XX_open)
                  2000ea48    000000dc     rtsv7M4_T_le_eabi.lib : setvbuf.c.obj (.text:setvbuf)
                  2000eb24    000000dc     PEMS.obj (.text:update_text)
                  2000ec00    000000d8     drivers_cc32xx.aem4 : SPICC32XXDMA.oem4 (.text:SPICC32XXDMA_close)
                  2000ecd8    000000d8     simplelink.a : device.obj (.text:_SlDeviceHandleAsync_InitComplete)
                  2000edb0    000000d8                  : driver.obj (.text:_SlDrvWaitForInternalAsyncEvent)
                  2000ee88    000000d8                  : netapp.obj (.text:_SlNetAppHandleAsync_NetAppReceive)
                  2000ef60    000000d2     httpclient_release.a : httpclient.oem4 (.text:HTTPClient_connect)
                  2000f032    00000002     rtsv7M4_T_le_eabi.lib : _lock.c.obj (.text:_nop)
                  2000f034    000000d0     simplelink.a : driver.obj (.text:_SlDrvRemoveFromList)
                  2000f104    000000d0     httpclient_release.a : httpclient.oem4 (.text:getStatus)
                  2000f1d4    000000d0     rtsv7M4_T_le_eabi.lib : s_scalbn.c.obj (.text:scalbn)
                  2000f2a4    00000004     dpl_cc32xx.aem4 : HwiP_tirtos.oem4 (.text:HwiP_clearInterrupt)
                  2000f2a8    000000d0     sysbios.aem4 : BIOS.obj (.text:ti_sysbios_heaps_HeapMem_alloc__E)
                  2000f378    000000cc     httpclient_release.a : httpclient.oem4 (.text:sprsend)
                  2000f444    000000cc     sysbios.aem4 : m3_Hwi_asm.obj (.text:ti_sysbios_family_arm_m3_Hwi_dispatch__I)
                  2000f510    000000ca     drivers_cc32xx.aem4 : UARTCC32XX.oem4 (.text:UARTCC32XX_write)
                  2000f5da    000000c8                         : SPICC32XXDMA.oem4 (.text:spiHwiFxn)
                  2000f6a2    00000002     rtsv7M4_T_le_eabi.lib : div0.asm.obj (.text)
                  2000f6a4    000000c4     drivers_cc32xx.aem4 : GPIOCC32XX.oem4 (.text:GPIO_init)
                  2000f768    000000c4                         : PWMTimerCC32XX.oem4 (.text:PWMTimerCC32XX_stop)
                  2000f82c    00000004     dpl_cc32xx.aem4 : HwiP_tirtos.oem4 (.text:HwiP_disable)
                  2000f830    000000c4     sysbios.aem4 : BIOS.obj (.text:ti_sysbios_knl_Task_sleep__E)
                  2000f8f4    000000c0     simplelink.a : cc_pal.obj (.text:NwpPowerOff)
                  2000f9b4    000000c0     httpclient_release.a : httpclient.oem4 (.text:resHeaderFieldHandler)
                  2000fa74    000000c0     drivers_cc32xx.aem4 : PowerCC32XX.oem4 (.text:restoreParkedPins)
                  2000fb34    000000c0     simplelink.a : netcfg.obj (.text:sl_NetCfgGet)
                  2000fbf4    000000bc                  : netapp.obj (.text:_SlNetAppSendResponse)
                  2000fcb0    000000bc                  : sl_socket.obj (.text:sl_Send)
                  2000fd6c    00000004     dpl_cc32xx.aem4 : HwiP_tirtos.oem4 (.text:HwiP_disableInterrupt)
                  2000fd70    000000bc     sysbios.aem4 : BIOS.obj (.text:xdc_runtime_Core_createObject__I)
                  2000fe2c    000000ba     drivers_cc32xx.aem4 : UARTCC32XX.oem4 (.text:UARTCC32XX_readPolling)
                  2000fee6    00000002     release_pem4.oem4 (.text:ti_sysbios_BIOS_nullFunc__I)
                  2000fee8    000000b8     httpclient_release.a : httpclient.oem4 (.text:HTTPClient_readResponseBody)
                  2000ffa0    000000b8     drivers_cc32xx.aem4 : PWMTimerCC32XX.oem4 (.text:PWMTimerCC32XX_setDuty)
                  20010058    000000b8     simplelink.a : netapp.obj (.text:_SlNetAppHandleAsync_DnsGetHostByName)
                  20010110    000000b8                  : netapp.obj (.text:_SlNetAppHandleAsync_PingResponse)
                  200101c8    000000b8     drivers_cc32xx.aem4 : UARTCC32XX.oem4 (.text:initHw)
                  20010280    000000b8     simplelink.a : wlan.obj (.text:sl_WlanGet)
                  20010338    000000b8     sysbios.aem4 : BIOS.obj (.text:ti_sysbios_family_arm_m3_Hwi_Instance_init__E)
                  200103f0    000000b6     drivers_cc32xx.aem4 : UARTCC32XX.oem4 (.text:readTaskCallback)
                  200104a6    00000002     release_pem4.oem4 (.text:xdc_runtime_Startup_reset__I)
                  200104a8    000000b4     dht22.obj (.text:DHT_read)
                  2001055c    000000b4     simplelink.a : driver.obj (.text:_SlDrvHandleFatalError)
                  20010610    000000b4                  : netutil.obj (.text:_SlNetUtilHandleAsync_Cmd)
                  200106c4    000000b4                  : sl_socket.obj (.text:sl_GetSockOpt)
                  20010778    000000b1     rtsv7M4_T_le_eabi.lib : _printfi.c.obj (.text:_ltostr)
                  20010829    00000003     --HOLE-- [fill = 0]
                  2001082c    000000b0     slnetifwifi.a : slnetifwifi.obj (.text:SlNetIfWifi_getSockOpt)
                  200108dc    000000ae                   : slnetifwifi.obj (.text:matchModeByRole)
                  2001098a    000000ae     drivers_cc32xx.aem4 : UARTCC32XX.oem4 (.text:readIsrTextBlocking)
                  20010a38    000000ac     MHZ16.obj (.text:UART_CO2_init)
                  20010ae4    000000ac     simplelink.a : sl_socket.obj (.text:_SlSocketHandleAsync_Close)
                  20010b90    000000ac                  : sl_socket.obj (.text:_SlSocketHandleAsync_Connect)
                  20010c3c    000000ac     httpclient_release.a : httpclient.oem4 (.text:sendReqHeaders)
                  20010ce8    000000a8     driverlib.a : prcm.obj (.text:PRCMPeripheralClockGet)
                  20010d90    000000a8     drivers_cc32xx.aem4 : PowerCC32XX.oem4 (.text:PowerCC32XX_configureWakeup)
                  20010e38    000000a8                         : UARTCC32XX.oem4 (.text:readTaskBlocking)
                  20010ee0    000000a8     simplelink.a : fs.obj (.text:sl_FsClose)
                  20010f88    000000a6                  : driver.obj (.text:_SlDrvIsTimeoutExpired)
                  2001102e    00000002     --HOLE-- [fill = 0]
                  20011030    000000a4     drivers_cc32xx.aem4 : PWMTimerCC32XX.oem4 (.text:initHw)
                  200110d4    000000a4     platform.obj (.text:mainPost)
                  20011178    000000a4     simplelink.a : sl_socket.obj (.text:sl_Bind)
                  2001121c    00000004     dpl_cc32xx.aem4 : HwiP_tirtos.oem4 (.text:HwiP_enableInterrupt)
                  20011220    000000a4     sysbios.aem4 : BIOS.obj (.text:ti_sysbios_knl_Task_setPri__E)
                  200112c4    000000a2     drivers_cc32xx.aem4 : UARTCC32XX.oem4 (.text:readIsrTextCallback)
                  20011366    000000a2                         : UARTCC32XX.oem4 (.text:writeData)
                  20011408    000000a0     simplelink.a : fs.obj (.text:FsGetCreateFsMode)
                  200114a8    000000a0     IRBlaster.obj (.text:IR_Init)
                  20011548    000000a0     simplelink.a : sl_socket.obj (.text:_SlDrvUnRegisterForSelectAsync)
                  200115e8    000000a0                  : driver.obj (.text:_SlSpawnMsgListProcess)
                  20011688    000000a0     auto_init.aem4 : auto_init.oem4 (.text)
                  20011728    0000009e     simplelink.a : cc_pal.obj (.text:spi_Read)
                  200117c6    0000009e                  : cc_pal.obj (.text:spi_Write)
                  20011864    00000004     drivers_cc32xx.aem4 : SPICC32XXDMA.oem4 (.text:SPICC32XXDMA_init)
                  20011868    0000009c     sysbios.aem4 : BIOS.obj (.text:_pthread_removeThreadKeys)
                  20011904    0000009c     rtsv7M4_T_le_eabi.lib : memcpy_t2.asm.obj (.text)
                  200119a0    00000098     httpclient_release.a : httpclient.oem4 (.text:HTTPClient_sendRequest)
                  20011a38    00000098     drivers_cc32xx.aem4 : PWMTimerCC32XX.oem4 (.text:PWMTimerCC32XX_setPeriod)
                  20011ad0    00000098                         : GPIOCC32XX.oem4 (.text:powerNotifyFxn)
                  20011b68    00000098     httpclient_release.a : httpclient.oem4 (.text:resHeaderNameToHash)
                  20011c00    00000096     rtsv7M4_T_le_eabi.lib : ull_div_t2.asm.obj (.text)
                  20011c96    00000002     --HOLE-- [fill = 0]
                  20011c98    00000094     simplelink.a : cc_pal.obj (.text:Semaphore_pend_handle)
                  20011d2c    00000094     drivers_cc32xx.aem4 : SPICC32XXDMA.oem4 (.text:initHw)
                  20011dc0    00000094     httpclient_release.a : httpclient.oem4 (.text:locationParser)
                  20011e54    00000004     dpl_cc32xx.aem4 : SemaphoreP_tirtos.oem4 (.text:SemaphoreP_post)
                  20011e58    00000094     sysbios.aem4 : BIOS.obj (.text:ti_sysbios_knl_Task_exit__E)
                  20011eec    00000092     slnetsock_release.a : slnetsock.oem4 (.text:SlNetSock_create)
                  20011f7e    00000002     --HOLE-- [fill = 0]
                  20011f80    00000090     drivers_cc32xx.aem4 : CaptureCC32XX.oem4 (.text:CaptureCC32XX_hwiIntFunction)
                  20012010    00000090     slnetsock_release.a : slnetsock.oem4 (.text:SlNetSock_getVirtualSdConf)
                  200120a0    00000090     simplelink.a : device.obj (.text:_SlDeviceHandleAsync_Stop)
                  20012130    00000090                  : sl_socket.obj (.text:_SlSocketHandleAsync_Accept)
                  200121c0    00000090     drivers_cc32xx.aem4 : PowerCC32XX.oem4 (.text:restoreNVICRegs)
                  20012250    00000090     sysbios.aem4 : BIOS.obj (.text:ti_sysbios_knl_Task_Module_startup__E)
                  200122e0    0000008c     simplelink.a : driver.obj (.text:_SlDrvDriverIsApiAllowed)
                  2001236c    0000008c     rtsv7M4_T_le_eabi.lib : fputc.c.obj (.text:fputc)
                  200123f8    0000008c     simplelink.a : sl_socket.obj (.text:sl_Recv)
                  20012484    00000004     slnetsock_release.a : slnetif.oem4 (.text:SlNetIf_init)
                  20012488    0000008c     sysbios.aem4 : BIOS.obj (.text:xdc_runtime_Memory_alloc__E)
                  20012514    00000088     drivers_cc32xx.aem4 : PWMTimerCC32XX.oem4 (.text:PWMTimerCC32XX_close)
                  2001259c    00000088     driverlib.a : pin.obj (.text:PinConfigSet)
                  20012624    00000088     drivers_cc32xx.aem4 : TimerCC32XX.oem4 (.text:TimerCC32XX_setPeriod)
                  200126ac    00000088     simplelink.a : driver.obj (.text:_SlDrvProtectAsyncRespSetting)
                  20012734    00000088     httpclient_release.a : httpclient.oem4 (.text:createSecAttribs)
                  200127bc    00000088     PEMS.obj (.text:down_arrows)
                  20012844    00000088     httpclient_release.a : httpclient.oem4 (.text:readLine)
                  200128cc    00000088     simplelink.a : eventreg.obj (.text:sl_UnregisterLibsEventHandler)
                  20012954    00000004     slnetsock_release.a : slnetutils.oem4 (.text:SlNetUtil_init)
                  20012958    00000088     sysbios.aem4 : BIOS.obj (.text:ti_sysbios_family_arm_m3_Hwi_initNVIC__E)
                  200129e0    00000088     PEMS.obj (.text:up_arrows)
                  20012a68    00000086     rtsv7M4_T_le_eabi.lib : fd_cmp_t2.asm.obj (.text:__aeabi_cdcmple)
                  20012aee    00000086                           : fd_cmp_t2.asm.obj (.text:__aeabi_cdrcmple)
                  20012b74    00000004                           : printf.c.obj (.text:_outc)
                  20012b78    00000086     sysbios.aem4 : BIOS.obj (.text:xdc_runtime_Core_constructObject__I)
                  20012bfe    00000002     --HOLE-- [fill = 0]
                  20012c00    00000084     drivers_cc32xx.aem4 : PowerCC32XX.oem4 (.text:Power_init)
                  20012c84    00000084     slnetifwifi.a : slnetifwifi.obj (.text:SlNetIfWifi_sockstartSec)
                  20012d08    00000084     slnetsock_release.a : slnetutils.oem4 (.text:SlNetUtil_getHostByName)
                  20012d8c    00000084     lcd.obj (.text:lcd_byte)
                  20012e10    00000084     drivers_cc32xx.aem4 : PowerCC32XX.oem4 (.text:saveNVICRegs)
                  20012e94    00000084     simplelink.a : sl_socket.obj (.text:sl_SetSockOpt)
                  20012f18    00000084     sysbios.aem4 : BIOS.obj (.text:ti_sysbios_family_arm_m3_Hwi_postInit__I)
                  20012f9c    00000004     rtsv7M4_T_le_eabi.lib : printf.c.obj (.text:_outs)
                  20012fa0    00000084     sysbios.aem4 : BIOS.obj (.text:ti_sysbios_heaps_HeapMem_free__E)
                  20013024    00000080     drivers_cc32xx.aem4 : PowerCC32XX.oem4 (.text:Power_setDependency)
                  200130a4    00000004     release_pem4.oem4 (.text:ti_sysbios_BIOS_RtsGateProxy_enter__E)
                  200130a8    00000080     sysbios.aem4 : BIOS.obj (.text:ti_sysbios_knl_Clock_workFunc__E)
                  20013128    00000080     IRBlaster.obj (.text:turn_AC_OFF)
                  200131a8    00000080     IRBlaster.obj (.text:turn_AC_ON)
                  20013228    0000007c     drivers_cc32xx.aem4 : CaptureCC32XX.oem4 (.text:CaptureCC32XX_start)
                  200132a4    0000007c     platform.obj (.text:Connect)
                  20013320    0000007c     drivers_cc32xx.aem4 : UDMACC32XX.oem4 (.text:UDMACC32XX_open)
                  2001339c    00000004     release_pem4.oem4 (.text:ti_sysbios_BIOS_RtsGateProxy_leave__E)
                  200133a0    0000007c     sysbios.aem4 : BIOS.obj (.text:_pthread_abstime2ticks)
                  2001341c    0000007c     drivers_cc32xx.aem4 : UARTCC32XX.oem4 (.text:readIsrBinaryBlocking)
                  20013498    0000007a     rtsv7M4_T_le_eabi.lib : memset_t2.asm.obj (.text)
                  20013512    00000002     --HOLE-- [fill = 0]
                  20013514    00000078     drivers_cc32xx.aem4 : GPIOCC32XX.oem4 (.text:GPIO_hwiIntFxn)
                  2001358c    00000078                         : TimerCC32XX.oem4 (.text:TimerCC32XX_start)
                  20013604    00000078                         : CaptureCC32XX.oem4 (.text:initHw)
                  2001367c    00000078                         : UARTCC32XX.oem4 (.text:readIsrBinaryCallback)
                  200136f4    00000078     simplelink.a : sl_socket.obj (.text:sl_Socket)
                  2001376c    00000074     slnetsock_release.a : slnetsock.oem4 (.text:SlNetSock_AllocVirtualSocket)
                  200137e0    00000074     drivers_cc32xx.aem4 : UARTCC32XX.oem4 (.text:UARTCC32XX_hwiIntFxn)
                  20013854    00000074     rtsv7M4_T_le_eabi.lib : fclose.c.obj (.text:__TI_closefile)
                  200138c8    00000074     sysbios.aem4 : BIOS.obj (.text:xdc_runtime_Core_deleteObject__I)
                  2001393c    00000070     httpclient_release.a : httpclient.oem4 (.text:HTTPClient_disconnect)
                  200139ac    00000070     simplelink.a : driver.obj (.text:_SlDrvCmdSend_noLock)
                  20013a1c    00000004     release_pem4.oem4 (.text:ti_sysbios_family_arm_m3_Hwi_delete)
                  20013a20    00000070     sysbios.aem4 : BIOS.obj (.text:acquireMutexNone$45)
                  20013a90    00000070                  : BIOS.obj (.text:ti_sysbios_heaps_HeapMem_initPrimary__I)
                  20013b00    0000006e     rtsv7M4_T_le_eabi.lib : _printfi.c.obj (.text:_mcpy)
                  20013b6e    00000002     --HOLE-- [fill = 0]
                  20013b70    0000006c     drivers_cc32xx.aem4 : CaptureCC32XX.oem4 (.text:CaptureCC32XX_close)
                  20013bdc    0000006c     rtsv7M4_T_le_eabi.lib : hostrename.c.obj (.text:HOSTrename)
                  20013c48    0000006c     httpclient_release.a : httpclient.oem4 (.text:HTTPClient_getHeader)
                  20013cb4    0000006c     slnetsock_release.a : slnetutils.oem4 (.text:SlNetUtil_str2BinIpV4)
                  20013d20    0000006c     simplelink.a : device.obj (.text:_SlDeviceHandleResetRequestInternally)
                  20013d8c    0000006c                  : sl_socket.obj (.text:_SlDrvOpenCtrlSocket)
                  20013df8    0000006c                  : netapp.obj (.text:_SlNetAppSendTokenValue)
                  20013e64    0000006c     PEMS.obj (.text:cursor_moveto)
                  20013ed0    0000006c     sysbios.aem4 : BIOS.obj (.text:ti_sysbios_knl_Swi_restoreHwi__E)
                  20013f3c    00000068     rtsv7M4_T_le_eabi.lib : hostlseek.c.obj (.text:HOSTlseek)
                  20013fa4    00000068     drivers_cc32xx.aem4 : PWMTimerCC32XX.oem4 (.text:PWMTimerCC32XX_start)
                  2001400c    00000068     simplelink.a : driver.obj (.text:_SlSpawnMsgListGetCount)
                  20014074    00000068     rtsv7M4_T_le_eabi.lib : copy_decompress_lzss.c.obj (.text:decompress:lzss:__TI_decompress_lzss)
                  200140dc    00000068                           : printf.c.obj (.text:printf)
                  20014144    00000004     release_pem4.oem4 (.text:ti_sysbios_family_arm_m3_TaskSupport_Module__startupDone__S)
                  20014148    00000068     sysbios.aem4 : BIOS.obj (.text:pthread_exit)
                  200141b0    00000068     simplelink.a : cc_pal.obj (.text:spi_Open)
                  20014218    00000066     drivers_cc32xx.aem4 : UARTCC32XX.oem4 (.text:UARTCC32XX_writeCancel)
                  2001427e    00000002     --HOLE-- [fill = 0]
                  20014280    00000064                         : PowerCC32XX.oem4 (.text:PowerCC32XX_setParkState)
                  200142e4    00000064     rtsv7M4_T_le_eabi.lib : fseek.c.obj (.text:fseek)
                  20014348    00000064     main_tirtos.obj (.text:main)
                  200143ac    00000004     release_pem4.oem4 (.text:ti_sysbios_heaps_HeapMem_Module_GateProxy_enter__E)
                  200143b0    00000064     sysbios.aem4 : BIOS.obj (.text:pthread_join)
                  20014414    00000004     release_pem4.oem4 (.text:ti_sysbios_heaps_HeapMem_Module_GateProxy_leave__E)
                  20014418    00000064     sysbios.aem4 : BIOS.obj (.text:ti_sysbios_family_arm_m3_Hwi_dispatchC__I)
                  2001447c    00000062     drivers_cc32xx.aem4 : UARTCC32XX.oem4 (.text:UARTCC32XX_writePolling)
                  200144de    00000062     rtsv7M4_T_le_eabi.lib : _io_perm.c.obj (.text:__TI_wrt_ok)
                  20014540    00000060                           : hostopen.c.obj (.text:HOSTopen)
                  200145a0    00000060     driverlib.a : prcm.obj (.text:PRCMSysResetCauseGet)
                  20014600    00000060     sysbios.aem4 : BIOS.obj (.text:ti_sysbios_knl_Semaphore_post__E)
                  20014660    00000060                  : BIOS.obj (.text:ti_sysbios_knl_Swi_run__I)
                  200146c0    0000005e     slnetifwifi.a : slnetifwifi.obj (.text:SlNetIfWifi_setSockOpt)
                  2001471e    00000002     --HOLE-- [fill = 0]
                  20014720    0000005c     drivers_cc32xx.aem4 : CaptureCC32XX.oem4 (.text:CaptureCC32XX_stop)
                  2001477c    0000005c                         : GPIOCC32XX.oem4 (.text:GPIO_setCallback)
                  200147d8    0000005c     simplelink.a : spawn.obj (.text:_SlInternalSpawn)
                  20014834    0000005c     rtsv7M4_T_le_eabi.lib : close.c.obj (.text:close)
                  20014890    0000005c                           : s_frexp.c.obj (.text:frexp)
                  200148ec    0000005c     httpclient_release.a : httpclient.oem4 (.text:readRawResponseBody)
                  20014948    0000005c     sysbios.aem4 : BIOS.obj (.text:ti_sysbios_family_arm_m3_Timer_start__E)
                  200149a4    00000004     release_pem4.oem4 (.text:ti_sysbios_knl_Clock_TimerProxy_getMaxTicks__E)
                  200149a8    0000005c     sysbios.aem4 : BIOS.obj (.text:ti_sysbios_knl_Swi_schedule__I)
                  20014a04    00000004     release_pem4.oem4 (.text:ti_sysbios_knl_Clock_TimerProxy_setPeriodMicroSecs__E)
                  20014a08    0000005c     sysbios.aem4 : BIOS.obj (.text:ti_sysbios_knl_Task_startCore__E)
                  20014a64    00000004     release_pem4.oem4 (.text:ti_sysbios_knl_Clock_TimerProxy_start__E)
                  20014a68    0000005c     sysbios.aem4 : BIOS.obj (.text:xdc_runtime_Startup_exec__E)
                  20014ac4    00000058     drivers_cc32xx.aem4 : GPIOCC32XX.oem4 (.text:GPIO_write)
                  20014b1c    00000058     rtsv7M4_T_le_eabi.lib : hostread.c.obj (.text:HOSTread)
                  20014b74    00000058                           : hostwrite.c.obj (.text:HOSTwrite)
                  20014bcc    00000058     driverlib.a : prcm.obj (.text:PRCMPeripheralReset)
                  20014c24    00000058     drivers_cc32xx.aem4 : PowerCC32XX.oem4 (.text:Power_releaseDependency)
                  20014c7c    00000058     slnetsock_release.a : slnetsock.oem4 (.text:SlNetSock_recv)
                  20014cd4    00000058                         : slnetsock.oem4 (.text:SlNetSock_send)
                  20014d2c    00000058     simplelink.a : sl_socket.obj (.text:_SlDrvClearCtrlSocket)
                  20014d84    00000004     release_pem4.oem4 (.text:ti_sysbios_knl_Clock_TimerProxy_stop__E)
                  20014d88    00000058     sysbios.aem4 : BIOS.obj (.text:pthread_mutex_init)
                  20014de0    00000058     simplelink.a : sl_socket.obj (.text:sl_Listen)
                  20014e38    00000058                  : eventreg.obj (.text:sl_RegisterLibsEventHandler)
                  20014e90    00000058     sysbios.aem4 : BIOS.obj (.text:ti_sysbios_family_arm_cc32xx_Seconds_getCount__I)
                  20014ee8    00000056     drivers_cc32xx.aem4 : TimerCC32XX.oem4 (.text:TimerCC32XX_stop)
                  20014f3e    00000056     rtsv7M4_T_le_eabi.lib : _printfi.c.obj (.text:_pconv_f)
                  20014f94    00000054     simplelink.a : driver.obj (.text:_SlDrvRxIrqHandler)
                  20014fe8    00000054     rtsv7M4_T_le_eabi.lib : ltoa.c.obj (.text:ltoa)
                  2001503c    00000054     drivers_cc32xx.aem4 : UARTCC32XX.oem4 (.text:ringBufGet)
                  20015090    00000054     sysbios.aem4 : BIOS.obj (.text:ti_sysbios_family_arm_cc32xx_Seconds_getTime__E)
                  200150e4    00000054     release_pem4.oem4 (.text:ti_sysbios_family_arm_m3_Hwi_create)
                  20015138    00000054     sysbios.aem4 : BIOS.obj (.text:ti_sysbios_family_arm_m3_Timer_setPeriod__E)
                  2001518c    00000052     drivers_cc32xx.aem4 : PowerCC32XX_asm.oem4 (.text:PowerCC32XX_resumeLPDS)
                  200151de    00000052     rtsv7M4_T_le_eabi.lib : _printfi.c.obj (.text:_ecpy)
                  20015230    00000052     drivers_cc32xx.aem4 : TimerCC32XX.oem4 (.text:initHw)
                  20015282    00000002     --HOLE-- [fill = 0]
                  20015284    00000050     dpl_cc32xx.aem4 : ClockP_tirtos.oem4 (.text:ClockP_create)
                  200152d4    00000050     simplelink.a : cc_pal.obj (.text:NwpRegisterInterruptHandler)
                  20015324    00000050     slnetsock_release.a : slnetif.oem4 (.text:SlNetIf_queryIf)
                  20015374    00000050     drivers_cc32xx.aem4 : TimerCC32XX.oem4 (.text:TimerCC32XX_allocateTimerResource)
                  200153c4    00000050     simplelink.a : sl_socket.obj (.text:_SlDrvCloseCtrlSocket)
                  20015414    00000050                  : driver.obj (.text:_SlDrvCmdSend_noWait)
                  20015464    00000050                  : driver.obj (.text:_SlDrvUpdateApiInProgress)
                  200154b4    00000050                  : spawn.obj (.text:_SlInternalSpawnTaskEntry)
                  20015504    00000050                  : eventreg.obj (.text:_SlNetAppHttpServerHdlr)
                  20015554    00000050                  : eventreg.obj (.text:_SlNetAppRequestHdlr)
                  200155a4    00000050     httpclient_release.a : httpclient.oem4 (.text:removeRequestHeader)
                  200155f4    00000004     release_pem4.oem4 (.text:ti_sysbios_knl_Clock_delete)
                  200155f8    00000050     sysbios.aem4 : BIOS.obj (.text:ti_sysbios_family_arm_m3_Hwi_Module_startup__E)
                  20015648    00000050                  : BIOS.obj (.text:ti_sysbios_knl_Clock_Instance_init__E)
                  20015698    00000050     release_pem4.oem4 (.text:ti_sysbios_knl_Task_create)
                  200156e8    0000004c     drivers_cc32xx.aem4 : GPIOCC32XX.oem4 (.text:GPIO_enableInt)
                  20015734    0000004c     simplelink.a : cc_pal.obj (.text:NwpWaitForShutDownInd)
                  20015780    0000004c     drivers_cc32xx.aem4 : PowerCC32XX.oem4 (.text:PowerCC32XX_parkPin)
                  200157cc    0000004c     slnetifwifi.a : slnetifwifi.obj (.text:SlNetIfWifi_getConnectionStatus)
                  20015818    0000004c     slnetsock_release.a : slnetsock.oem4 (.text:SlNetSock_freeVirtualSocket)
                  20015864    0000004c                         : slnetsock.oem4 (.text:SlNetSock_startSec)
                  200158b0    0000004c     rtsv7M4_T_le_eabi.lib : fflush.c.obj (.text:__TI_doflush)
                  200158fc    0000004c                           : atoi.c.obj (.text:atoi)
                  20015948    0000004c                           : cpy_tbl.c.obj (.text:copy_in)
                  20015994    0000004c     drivers_cc32xx.aem4 : PWMTimerCC32XX.oem4 (.text:getDutyCounts)
                  200159e0    0000004c                         : PWMTimerCC32XX.oem4 (.text:getPeriodCounts)
                  20015a2c    0000004c     dht22.obj (.text:initCapture)
                  20015a78    0000004c     MHZ16.obj (.text:readMHZ16)
                  20015ac4    0000004c     drivers_cc32xx.aem4 : PowerCC32XX.oem4 (.text:restorePeriphClocks)
                  20015b10    0000004c     simplelink.a : wlan.obj (.text:sl_WlanSetMode)
                  20015b5c    0000004c     sysbios.aem4 : m3_TaskSupport_asm.obj (.text:ti_sysbios_family_arm_m3_TaskSupport_buildTaskStack)
                  20015ba8    0000004c                  : BIOS.obj (.text:ti_sysbios_heaps_HeapMem_getStats__E)
                  20015bf4    00000004     release_pem4.oem4 (.text:ti_sysbios_knl_Semaphore_delete)
                  20015bf8    0000004c     sysbios.aem4 : BIOS.obj (.text:ti_sysbios_knl_Swi_runLoop__I)
                  20015c44    00000004     release_pem4.oem4 (.text:ti_sysbios_knl_Task_delete)
                  20015c48    0000004c     sysbios.aem4 : BIOS.obj (.text:ti_sysbios_knl_Task_allBlockedFunction__I)
                  20015c94    00000004     release_pem4.oem4 (.text:xdc_runtime_System_Module_GateProxy_enter__E)
                  20015c98    0000004c     sysbios.aem4 : BIOS.obj (.text:ti_sysbios_knl_Task_schedule__I)
                  20015ce4    00000048     driverlib.a : flash.obj (.text:FlashDisable)
                  20015d2c    00000048                 : prcm.obj (.text:PRCMLPDSEnter)
                  20015d74    00000048                 : prcm.obj (.text:PRCMPeripheralClkEnable)
                  20015dbc    00000048     drivers_cc32xx.aem4 : PowerCC32XX.oem4 (.text:Power_releaseConstraint)
                  20015e04    00000048     slnetsock_release.a : slnetsock.oem4 (.text:SlNetSock_connect)
                  20015e4c    00000048                         : slnetsock.oem4 (.text:SlNetSock_init)
                  20015e94    00000048     simplelink.a : eventreg.obj (.text:_SlDeviceFatalErrorEvtHdlr)
                  20015edc    00000048                  : eventreg.obj (.text:_SlDeviceGeneralEvtHdlr)
                  20015f24    00000048                  : driver.obj (.text:_SlDrvSyncObjWaitTimeout)
                  20015f6c    00000048                  : eventreg.obj (.text:_SlNetAppEvtHdlr)
                  20015fb4    00000048                  : eventreg.obj (.text:_SlNetAppRequestMemFree)
                  20015ffc    00000048                  : eventreg.obj (.text:_SlSockEvtHdlr)
                  20016044    00000048                  : eventreg.obj (.text:_SlWlanEvtHdlr)
                  2001608c    00000048     dht22.obj (.text:capture)
                  200160d4    00000048     rtsv7M4_T_le_eabi.lib : fd_toi_t2.asm.obj (.text)
                  2001611c    00000004     release_pem4.oem4 (.text:xdc_runtime_System_Module_GateProxy_leave__E)
                  20016120    00000048     sysbios.aem4 : BIOS.obj (.text:ti_sysbios_family_arm_m3_Hwi_disableInterrupt__E)
                  20016168    00000048                  : BIOS.obj (.text:ti_sysbios_family_arm_m3_Hwi_enableInterrupt__E)
                  200161b0    00000048                  : m3_Hwi_asm_switch.obj (.text:ti_sysbios_family_arm_m3_Hwi_initStacks__E)
                  200161f8    00000048                  : BIOS.obj (.text:ti_sysbios_family_arm_m3_Timer_initDevice__I)
                  20016240    00000048                  : BIOS.obj (.text:ti_sysbios_knl_Mailbox_Module_startup__E)
                  20016288    00000048                  : BIOS.obj (.text:xdc_runtime_Core_assignParams__I)
                  200162d0    00000046     drivers_cc32xx.aem4 : RingBuf.oem4 (.text:RingBuf_put)
                  20016316    00000046                         : TimerCC32XX.oem4 (.text:getPrescaler)
                  2001635c    00000044                         : Capture.oem4 (.text:Capture_init)
                  200163a0    00000044     rtsv7M4_T_le_eabi.lib : hostclose.c.obj (.text:HOSTclose)
                  200163e4    00000044                           : hostunlink.c.obj (.text:HOSTunlink)
                  20016428    00000044     httpclient_release.a : httpclient.oem4 (.text:HTTPClient_create)
                  2001646c    00000044     driverlib.a : prcm.obj (.text:PRCMLPDSRestoreInfoSet)
                  200164b0    00000044     drivers_cc32xx.aem4 : PWM.oem4 (.text:PWM_init)
                  200164f4    00000044                         : PowerCC32XX_asm.oem4 (.text:PowerCC32XX_enterLPDS)
                  20016538    00000044                         : SPI.oem4 (.text:SPI_init)
                  2001657c    00000044     slnetsock_release.a : slnetutils.oem4 (.text:SlNetUtil_strTok)
                  200165c0    00000044     drivers_cc32xx.aem4 : Timer.oem4 (.text:Timer_init)
                  20016604    00000044                         : UART.oem4 (.text:UART_init)
                  20016648    00000044     IRBlaster.obj (.text:UNO)
                  2001668c    00000044     boot.aem4 : boot.oem4 (.text)
                  200166d0    00000044     rtsv7M4_T_le_eabi.lib : getdevice.c.obj (.text:getdevice)
                  20016714    00000044                           : fd_tou_t2.asm.obj (.text)
                  20016758    00000044     sysbios.aem4 : BIOS.obj (.text:ti_sysbios_family_arm_m3_Hwi_getStackInfo__E)
                  2001679c    00000004     --HOLE-- [fill = 0]
                  200167a0    00000044                  : BIOS.obj (.text:ti_sysbios_knl_Mailbox_postInit__I)
                  200167e4    00000004     --HOLE-- [fill = 0]
                  200167e8    00000044                  : BIOS.obj (.text:ti_sysbios_knl_Swi_post__E)
                  2001682c    00000004     --HOLE-- [fill = 0]
                  20016830    00000044                  : BIOS.obj (.text:xdc_runtime_System_atexit__E)
                  20016874    00000042     httpclient_release.a : httpclient.oem4 (.text:initializeCB)
                  200168b6    00000002     --HOLE-- [fill = 0]
                  200168b8    00000040     drivers_cc32xx.aem4 : Capture.oem4 (.text:Capture_open)
                  200168f8    00000040     simplelink.a : sl_socket.obj (.text:CountSetBits)
                  20016938    00000040     dpl_cc32xx.aem4 : HwiP_tirtos.oem4 (.text:HwiP_create)
                  20016978    00000040     drivers_cc32xx.aem4 : PWM.oem4 (.text:PWM_open)
                  200169b8    00000040     driverlib.a : pin.obj (.text:PinModeSet)
                  200169f8    00000040     drivers_cc32xx.aem4 : RingBuf.oem4 (.text:RingBuf_get)
                  20016a38    00000040                         : SPI.oem4 (.text:SPI_open)
                  20016a78    00000040     slnetsock_release.a : slnetsock.oem4 (.text:SlNetSock_secAttribSet)
                  20016ab8    00000040     drivers_cc32xx.aem4 : Timer.oem4 (.text:Timer_open)
                  20016af8    00000040                         : UARTCC32XX.oem4 (.text:UARTCC32XX_read)
                  20016b38    00000040                         : UART.oem4 (.text:UART_open)
                  20016b78    00000040                         : UDMACC32XX.oem4 (.text:UDMACC32XX_init)
                  20016bb8    00000040     simplelink.a : driver.obj (.text:_SlDrvGlobalObjUnLock)
                  20016bf8    00000040                  : driver.obj (.text:_SlFindAndReleasePendingCmd)
                  20016c38    00000040                  : spawn.obj (.text:_SlInternalSpawnWaitForEvent)
                  20016c78    00000040                  : eventreg.obj (.text:_SlIsEventRegistered)
                  20016cb8    00000040     httpclient_release.a : httpclient.oem4 (.text:clearReqHeaders)
                  20016cf8    00000040     rtsv7M4_T_le_eabi.lib : sprintf.c.obj (.text:sprintf)
                  20016d38    00000040     sysbios.aem4 : BIOS.obj (.text:ti_sysbios_heaps_HeapMem_Instance_init__E)
                  20016d78    00000040     rtsv7M4_T_le_eabi.lib : vsnprintf.c.obj (.text:vsnprintf)
                  20016db8    0000003e     slnetsock_release.a : slnetsock.oem4 (.text:SlNetSock_close)
                  20016df6    0000003e     simplelink.a : sl_socket.obj (.text:_SlSocketBuildAddress)
                  20016e34    0000003e     rtsv7M4_T_le_eabi.lib : _printfi.c.obj (.text:_fcpy)
                  20016e72    00000006     drivers_cc32xx.aem4 : CaptureCC32XX.oem4 (.text:CaptureCC32XX_control)
                  20016e78    0000003e     sysbios.aem4 : BIOS.obj (.text:sem_timedwait)
                  20016eb6    00000002     --HOLE-- [fill = 0]
                  20016eb8    0000003c     drivers_cc32xx.aem4 : PowerCC32XX.oem4 (.text:Power_setConstraint)
                  20016ef4    0000003c     dpl_cc32xx.aem4 : SemaphoreP_tirtos.oem4 (.text:SemaphoreP_create)
                  20016f30    0000003c     simplelink.a : netapp.obj (.text:_SlNetAppCopyPingResultsToReport)
                  20016f6c    00000004     --HOLE-- [fill = 0]
                  20016f70    0000003c     sysbios.aem4 : BIOS.obj (.text:pthread_mutex_unlock)
                  20016fac    00000004     --HOLE-- [fill = 0]
                  20016fb0    0000003c                  : BIOS.obj (.text:sleep)
                  20016fec    00000004     --HOLE-- [fill = 0]
                  20016ff0    0000003c                  : BIOS.obj (.text:ti_sysbios_family_arm_m3_Hwi_Instance_finalize__E)
                  2001702c    00000004     --HOLE-- [fill = 0]
                  20017030    0000003c                  : BIOS.obj (.text:ti_sysbios_family_arm_m3_Timer_setPeriodMicroSecs__E)
                  2001706c    0000003c     release_pem4.oem4 (.text:ti_sysbios_knl_Clock_create)
                  200170a8    0000003c     sysbios.aem4 : BIOS.obj (.text:ti_sysbios_knl_Clock_walkQueuePeriodic__E)
                  200170e4    00000004     --HOLE-- [fill = 0]
                  200170e8    0000003c                  : BIOS.obj (.text:ti_sysbios_knl_Swi_restore__E)
                  20017124    0000003c     simplelink.a : sl_socket.obj (.text:to_mSec)
                  20017160    0000003c     sysbios.aem4 : BIOS.obj (.text:usleep)
                  2001719c    00000004     --HOLE-- [fill = 0]
                  200171a0    0000003c                  : BIOS.obj (.text:xdc_runtime_System_processAtExit__E)
                  200171dc    0000003a     slnetifwifi.a : slnetifwifi.obj (.text:SlNetIfWifi_getIPAddr)
                  20017216    0000003a     drivers_cc32xx.aem4 : TimerCC32XX.oem4 (.text:TimerCC32XX_close)
                  20017250    0000003a     httpclient_release.a : httpclient.oem4 (.text:clearResponseValues)
                  2001728a    0000003a     dpl_cc32xx.aem4 : PowerCC32XX_tirtos.oem4 (.text:getCountsRTC)
                  200172c4    0000003a     drivers_cc32xx.aem4 : CaptureCC32XX.oem4 (.text:getPowerMgrId)
                  200172fe    0000003a                         : PWMTimerCC32XX.oem4 (.text:getPowerMgrId)
                  20017338    0000003a     httpclient_release.a : httpclient.oem4 (.text:stringncasecmp)
                  20017372    00000002     --HOLE-- [fill = 0]
                  20017374    00000038     drivers_cc32xx.aem4 : GPIOCC32XX.oem4 (.text:GPIO_read)
                  200173ac    00000038     driverlib.a : prcm.obj (.text:PRCMLPDSEnterKeepDebugIf)
                  200173e4    00000038     slnetifwifi.a : slnetifwifi.obj (.text:SlNetIfWifi_recvFrom)
                  2001741c    00000038                   : slnetifwifi.obj (.text:SlNetIfWifi_sendTo)
                  20017454    00000038                   : slnetifwifi.obj (.text:SlNetIfWifi_socket)
                  2001748c    00000038     slnetsock_release.a : slnetif.oem4 (.text:SlNetIf_configCheck)
                  200174c4    00000038                         : slnetutils.oem4 (.text:SlNetUtil_htonl)
                  200174fc    00000038     rtsv7M4_T_le_eabi.lib : trgmsg.c.obj (.text:__TI_writemsg)
                  20017534    00000038     drivers_cc32xx.aem4 : PowerCC32XX.oem4 (.text:notify)
                  2001756c    00000038     platform.obj (.text:printError)
                  200175a4    00000038     httpclient_release.a : httpclient.oem4 (.text:stringcasecmp)
                  200175dc    00000004     --HOLE-- [fill = 0]
                  200175e0    00000038     sysbios.aem4 : BIOS.obj (.text:ti_sysbios_knl_Task_processVitalTaskFlag__I)
                  20017618    00000036     slnetifwifi.a : slnetifwifi.obj (.text:SlNetIfWifi_getHostByName)
                  2001764e    00000036                   : slnetifwifi.obj (.text:SlNetIfWifi_select)
                  20017684    00000036     drivers_cc32xx.aem4 : TimerCC32XX.oem4 (.text:TimerCC32XX_hwiIntFunction)
                  200176ba    00000036     driverlib.a : timer.obj (.text:TimerControlStall)
                  200176f0    00000036     drivers_cc32xx.aem4 : UARTCC32XX.oem4 (.text:UARTCC32XX_readCancel)
                  20017726    00000036     rtsv7M4_T_le_eabi.lib : strncpy.c.obj (.text:strncpy)
                  2001775c    00000034     IRBlaster.obj (.text:COMENZAR)
                  20017790    00000034     dht22.obj (.text:CtoF)
                  200177c4    00000034     driverlib.a : pin.obj (.text:PinModeGet)
                  200177f8    00000034     drivers_cc32xx.aem4 : PowerCC32XX.oem4 (.text:PowerCC32XX_restoreParkState)
                  2001782c    00000034     slnetsock_release.a : slnetutils.oem4 (.text:SlNetUtil_htons)
                  20017860    00000034     drivers_cc32xx.aem4 : TimerCC32XX.oem4 (.text:TimerCC32XX_freeTimerResource)
                  20017894    00000034                         : UDMACC32XX.oem4 (.text:UDMACC32XX_close)
                  200178c8    00000034     IRBlaster.obj (.text:ZERO)
                  200178fc    00000034     rtsv7M4_T_le_eabi.lib : fopen.c.obj (.text:__TI_cleanup)
                  20017930    00000034                           : trgmsg.c.obj (.text:__TI_readmsg)
                  20017964    00000004     --HOLE-- [fill = 0]
                  20017968    00000034     sysbios.aem4 : BIOS.obj (.text:_pthread_delete$41)
                  2001799c    00000034     drivers_cc32xx.aem4 : TimerCC32XX.oem4 (.text:getPowerMgrId)
                  200179d0    00000034     rtsv7M4_T_le_eabi.lib : strstr.c.obj (.text:strstr)
                  20017a04    00000004     --HOLE-- [fill = 0]
                  20017a08    00000034     sysbios.aem4 : BIOS.obj (.text:ti_sysbios_family_arm_m3_Timer_periodicStub__I)
                  20017a3c    00000034     release_pem4.oem4 (.text:ti_sysbios_knl_Semaphore_create)
                  20017a70    00000032     sysbios.aem4 : BIOS.obj (.text:ti_sysbios_hal_Hwi_initStack)
                  20017aa2    00000030     drivers_cc32xx.aem4 : PowerCC32XX.oem4 (.text:PowerCC32XX_restoreParkedPin)
                  20017ad2    00000002     --HOLE-- [fill = 0]
                  20017ad4    00000030     driverlib.a : timer.obj (.text:TimerControlEvent)
                  20017b04    00000030     simplelink.a : fs.obj (.text:_SlFsStrlen)
                  20017b34    00000030     rtsv7M4_T_le_eabi.lib : vsnprintf.c.obj (.text:_outs)
                  20017b64    00000030                           : getdevice.c.obj (.text:finddevice)
                  20017b94    00000030     release_pem4.oem4 (.text:ti_sysbios_BIOS_atExitFunc__I)
                  20017bc4    00000030     release_pem4.oem4 (.text:ti_sysbios_BIOS_startFunc__I)
                  20017bf4    00000004     --HOLE-- [fill = 0]
                  20017bf8    00000030     sysbios.aem4 : BIOS.obj (.text:ti_sysbios_family_arm_m3_TaskSupport_start__E)
                  20017c28    00000030     release_pem4.oem4 (.text:ti_sysbios_gates_GateHwi_Object__create__S)
                  20017c58    00000030     release_pem4.oem4 (.text:ti_sysbios_gates_GateMutex_Object__create__S)
                  20017c88    00000030     sysbios.aem4 : BIOS.obj (.text:ti_sysbios_gates_GateMutex_enter__E)
                  20017cb8    00000030     release_pem4.oem4 (.text:ti_sysbios_heaps_HeapMem_Object__create__S)
                  20017ce8    00000030     release_pem4.oem4 (.text:ti_sysbios_knl_Semaphore_construct)
                  20017d18    00000030     sysbios.aem4 : BIOS.obj (.text:ti_sysbios_knl_Semaphore_pendTimeout__I)
                  20017d48    00000030                  : BIOS.obj (.text:ti_sysbios_knl_Task_restore__E)
                  20017d78    00000030                  : BIOS.obj (.text:ti_sysbios_knl_Task_unblockI__E)
                  20017da8    0000002e     simplelink.a : cc_pal.obj (.text:Mutex_create_handle)
                  20017dd6    0000002e     rtsv7M4_T_le_eabi.lib : i_tofd_t2.asm.obj (.text)
                  20017e04    0000002e     release_pem4.oem4 (.text:ti_sysbios_rts_MemAlloc_alloc)
                  20017e32    0000002c     httpclient_release.a : httpclient.oem4 (.text:HTTPClient_destroy)
                  20017e5e    00000002     --HOLE-- [fill = 0]
                  20017e60    0000002c     simplelink.a : cc_pal.obj (.text:NwpPowerOn)
                  20017e8c    0000002c     drivers_cc32xx.aem4 : PowerCC32XX.oem4 (.text:PowerCC32XX_getParkState)
                  20017eb8    0000002c     dpl_cc32xx.aem4 : SemaphoreP_tirtos.oem4 (.text:SemaphoreP_createBinary)
                  20017ee4    0000002c     slnetifwifi.a : slnetifwifi.obj (.text:SlNetIfWifi_recv)
                  20017f10    0000002c                   : slnetifwifi.obj (.text:SlNetIfWifi_send)
                  20017f3c    0000002c     simplelink.a : driver.obj (.text:_SlDrvSyncObjWaitForever)
                  20017f68    0000002c     sysbios.aem4 : BIOS.obj (.text:_pthread_cleanupFxn)
                  20017f94    00000004     --HOLE-- [fill = 0]
                  20017f98    0000002c                  : BIOS.obj (.text:clockFxn$39)
                  20017fc4    00000004     --HOLE-- [fill = 0]
                  20017fc8    0000002c                  : BIOS.obj (.text:getTime$20)
                  20017ff4    0000002c     lcd.obj (.text:lcd_character)
                  20018020    0000002c     lcd.obj (.text:lcd_command)
                  2001804c    0000002c     lcd.obj (.text:lcd_string)
                  20018078    0000002c     rtsv7M4_T_le_eabi.lib : strncmp.c.obj (.text:strncmp)
                  200180a4    0000002c     release_pem4.oem4 (.text:ti_sysbios_gates_GateHwi_Handle__label__S)
                  200180d0    0000002c     release_pem4.oem4 (.text:ti_sysbios_gates_GateMutex_Handle__label__S)
                  200180fc    0000002c     release_pem4.oem4 (.text:ti_sysbios_heaps_HeapMem_Handle__label__S)
                  20018128    0000002c     release_pem4.oem4 (.text:ti_sysbios_knl_Clock_doTick__I)
                  20018154    0000002c     release_pem4.oem4 (.text:ti_sysbios_knl_Queue_construct)
                  20018180    0000002c     rtsv7M4_T_le_eabi.lib : unlink.c.obj (.text:unlink)
                  200181ac    0000002a     slnetsock_release.a : slnetutils.oem4 (.text:SlNetUtil_inetPton)
                  200181d6    0000002a     driverlib.a : timer.obj (.text:TimerLoadSet)
                  20018200    0000002a                 : timer.obj (.text:TimerPrescaleSet)
                  2001822a    0000002a     release_pem4.oem4 (.text:calloc)
                  20018254    00000004     --HOLE-- [fill = 0]
                  20018258    0000002a     sysbios.aem4 : BIOS.obj (.text:sem_init)
                  20018282    00000002     --HOLE-- [fill = 0]
                  20018284    00000028     dht22.obj (.text:DHT_begin)
                  200182ac    00000028     driverlib.a : prcm.obj (.text:PRCMPeripheralClkDisable)
                  200182d4    00000028     dpl_cc32xx.aem4 : PowerCC32XX_tirtos.oem4 (.text:PowerCC32XX_initPolicy)
                  200182fc    00000028     drivers_cc32xx.aem4 : PowerCC32XX.oem4 (.text:Power_registerNotify)
                  20018324    00000028     slnetsock_release.a : slnetif.oem4 (.text:SlNetIf_getIfByID)
                  2001834c    00000028                         : slnetsock.oem4 (.text:SlNetSock_secAttribDelete)
                  20018374    00000028     simplelink.a : driver.obj (.text:_SlDrvProtectionObjLockWaitForever)
                  2001839c    00000028                  : driver.obj (.text:_SlDrvProtectionObjUnLock)
                  200183c4    00000028                  : flowcont.obj (.text:_SlFlowContSet)
                  200183ec    00000028     rtsv7M4_T_le_eabi.lib : lseek.c.obj (.text:lseek)
                  20018414    00000028     sysbios.aem4 : m3_Hwi_asm.obj (.text:ti_sysbios_family_arm_m3_Hwi_excHandlerAsm__I)
                  2001843c    00000004     --HOLE-- [fill = 0]
                  20018440    00000028                  : BIOS.obj (.text:ti_sysbios_knl_Clock_addI__E)
                  20018468    00000028                  : BIOS.obj (.text:ti_sysbios_knl_Swi_Module_startup__E)
                  20018490    00000028     rtsv7M4_T_le_eabi.lib : write.c.obj (.text:write)
                  200184b8    00000026     drivers_cc32xx.aem4 : List.oem4 (.text:List_put)
                  200184de    00000026                         : List.oem4 (.text:List_remove)
                  20018504    00000024                         : PowerCC32XX.oem4 (.text:PowerCC32XX_reset)
                  20018528    00000024     slnetsock_release.a : slnetif.oem4 (.text:SlNetIf_getConnectionStatus)
                  2001854c    00000024                         : slnetsock.oem4 (.text:SlNetSock_getIfID)
                  20018570    00000024     simplelink.a : driver.obj (.text:_SlDrvIsApiInProgress)
                  20018594    00000024                  : driver.obj (.text:_SlDrvStartMeasureTimeout)
                  200185b8    00000024     sysbios.aem4 : BIOS.obj (.text:pthread_attr_init)
                  200185dc    00000024     release_pem4.oem4 (.text:ti_sysbios_BIOS_registerRTSLock__I)
                  20018600    00000024     release_pem4.oem4 (.text:ti_sysbios_BIOS_removeRTSLock__I)
                  20018624    00000004     --HOLE-- [fill = 0]
                  20018628    00000024     sysbios.aem4 : BIOS.obj (.text:ti_sysbios_family_arm_m3_Timer_postInit__I)
                  2001864c    00000004     --HOLE-- [fill = 0]
                  20018650    00000024                  : BIOS.obj (.text:ti_sysbios_family_arm_m3_Timer_startup__E)
                  20018674    00000024     release_pem4.oem4 (.text:ti_sysbios_gates_GateMutex_Object__delete__S)
                  20018698    00000024     sysbios.aem4 : BIOS.obj (.text:ti_sysbios_knl_Clock_Module_startup__E)
                  200186bc    00000024     release_pem4.oem4 (.text:ti_sysbios_knl_Clock_Object__delete__S)
                  200186e0    00000024     sysbios.aem4 : BIOS.obj (.text:ti_sysbios_knl_Clock_start__E)
                  20018704    00000004     --HOLE-- [fill = 0]
                  20018708    00000024                  : BIOS.obj (.text:ti_sysbios_knl_Semaphore_Instance_init__E)
                  2001872c    00000024     release_pem4.oem4 (.text:ti_sysbios_knl_Semaphore_Object__delete__S)
                  20018750    00000024     sysbios.aem4 : BIOS.obj (.text:ti_sysbios_knl_Task_restoreHwi__E)
                  20018774    00000004     --HOLE-- [fill = 0]
                  20018778    00000024                  : BIOS.obj (.text:xdc_runtime_Error_policyMin__E)
                  2001879c    00000022     driverlib.a : timer.obj (.text:TimerValueSet)
                  200187be    00000002     --HOLE-- [fill = 0]
                  200187c0    00000020     drivers_cc32xx.aem4 : PowerCC32XX.oem4 (.text:Power_unregisterNotify)
                  200187e0    00000020                         : RingBuf.oem4 (.text:RingBuf_peek)
                  20018800    00000020     slnetifwifi.a : slnetifwifi.obj (.text:SlNetIfWifi_accept)
                  20018820    00000020     drivers_cc32xx.aem4 : SPICC32XXDMA.oem4 (.text:getPowerMgrId)
                  20018840    00000020                         : UARTCC32XX.oem4 (.text:getPowerMgrId)
                  20018860    00000020     rtsv7M4_T_le_eabi.lib : memchr.c.obj (.text:memchr)
                  20018880    00000020                           : u_tofd_t2.asm.obj (.text)
                  200188a0    00000020     release_pem4.oem4 (.text:ti_sysbios_BIOS_rtsLock__I)
                  200188c0    00000020     release_pem4.oem4 (.text:ti_sysbios_family_arm_m3_Hwi_Object__delete__S)
                  200188e0    00000020     sysbios.aem4 : BIOS.obj (.text:ti_sysbios_family_arm_m3_Hwi_clearInterrupt__E)
                  20018900    00000020     release_pem4.oem4 (.text:ti_sysbios_gates_GateHwi_Object__delete__S)
                  20018920    00000020     release_pem4.oem4 (.text:ti_sysbios_heaps_HeapMem_Object__delete__S)
                  20018940    00000020     sysbios.aem4 : BIOS.obj (.text:ti_sysbios_knl_Idle_run__E)
                  20018960    00000020     release_pem4.oem4 (.text:ti_sysbios_knl_Semaphore_destruct)
                  20018980    00000020     release_pem4.oem4 (.text:ti_sysbios_knl_Task_Object__delete__S)
                  200189a0    0000001e     slnetifwifi.a : slnetifwifi.obj (.text:SlNetIfWifi_bind)
                  200189be    0000001e                   : slnetifwifi.obj (.text:SlNetIfWifi_connect)
                  200189dc    0000001e     driverlib.a : timer.obj (.text:TimerDisable)
                  200189fa    0000001e                 : timer.obj (.text:TimerEnable)
                  20018a18    0000001e     simplelink.a : driver.obj (.text:_SlDrvObjLockWaitForever)
                  20018a36    0000001e                  : driver.obj (.text:_SlDrvObjUnLock)
                  20018a54    0000001e                  : driver.obj (.text:_SlDrvSyncObjSignal)
                  20018a72    0000001e     drivers_cc32xx.aem4 : UDMACC32XX.oem4 (.text:postNotifyFxn)
                  20018a90    0000001e     httpclient_release.a : httpclient.oem4 (.text:searchRequestHeader)
                  20018aae    0000001e     rtsv7M4_T_le_eabi.lib : strcat.c.obj (.text:strcat)
                  20018acc    0000001e     sysbios.aem4 : m3_Hwi_asm_switch.obj (.text:ti_sysbios_family_xxx_Hwi_switchAndRunFunc)
                  20018aea    00000002     --HOLE-- [fill = 0]
                  20018aec    0000001c     driverlib.a : pin.obj (.text:PinToPadGet)
                  20018b08    0000001c                 : timer.obj (.text:TimerValueGet)
                  20018b24    0000001c     simplelink.a : device.obj (.text:_SlDeviceGetStartResponseConvert)
                  20018b40    0000001c                  : spawn.obj (.text:_SlInternalIsItSpawnThread)
                  20018b5c    0000001c     rtsv7M4_T_le_eabi.lib : memccpy.c.obj (.text:memccpy)
                  20018b78    0000001c     sysbios.aem4 : BIOS.obj (.text:ti_sysbios_family_arm_m3_Hwi_excHandler__I)
                  20018b94    00000004     --HOLE-- [fill = 0]
                  20018b98    0000001c                  : BIOS.obj (.text:ti_sysbios_family_arm_m3_Timer_Module_startup__E)
                  20018bb4    00000004     --HOLE-- [fill = 0]
                  20018bb8    0000001c                  : BIOS.obj (.text:ti_sysbios_family_arm_m3_Timer_stop__E)
                  20018bd4    00000004     --HOLE-- [fill = 0]
                  20018bd8    0000001c                  : BIOS.obj (.text:ti_sysbios_gates_GateMutex_Instance_init__E)
                  20018bf4    00000004     --HOLE-- [fill = 0]
                  20018bf8    0000001c                  : BIOS.obj (.text:ti_sysbios_knl_Clock_Instance_finalize__E)
                  20018c14    0000001c     release_pem4.oem4 (.text:ti_sysbios_knl_Queue_destruct)
                  20018c30    0000001c     sysbios.aem4 : BIOS.obj (.text:ti_sysbios_knl_Queue_put__E)
                  20018c4c    00000004     --HOLE-- [fill = 0]
                  20018c50    0000001c                  : BIOS.obj (.text:ti_sysbios_knl_Task_enter__I)
                  20018c6c    00000004     --HOLE-- [fill = 0]
                  20018c70    0000001c                  : BIOS.obj (.text:ti_sysbios_rts_ti_ReentSupport_getReent__F)
                  20018c8c    0000001c     httpclient_release.a : httpclient.oem4 (.text:validateResponseHeader)
                  20018ca8    0000001a     slnetifwifi.a : slnetifwifi.obj (.text:SlNetIfWifi_listen)
                  20018cc2    0000001a     release_pem4.oem4 (.text:free)
                  20018cdc    0000001a     sysbios.aem4 : m3_Hwi_asm.obj (.text:ti_sysbios_family_arm_m3_Hwi_pendSV__I)
                  20018cf6    00000002     --HOLE-- [fill = 0]
                  20018cf8    00000018     drivers_cc32xx.aem4 : PowerCC32XX.oem4 (.text:Power_idleFunc)
                  20018d10    00000018                         : TimerCC32XX.oem4 (.text:TimerCC32XX_getCount)
                  20018d28    00000018     driverlib.a : timer.obj (.text:TimerIntDisable)
                  20018d40    00000018                 : timer.obj (.text:TimerIntEnable)
                  20018d58    00000018                 : uart.obj (.text:UARTBusy)
                  20018d70    00000018                 : uart.obj (.text:UARTIntEnable)
                  20018d88    00000018     drivers_cc32xx.aem4 : UART.oem4 (.text:UART_Params_init)
                  20018da0    00000018     rtsv7M4_T_le_eabi.lib : args_main.c.obj (.text:_args_main)
                  20018db8    00000018                           : vsnprintf.c.obj (.text:_outc)
                  20018dd0    00000018                           : sprintf.c.obj (.text:_outs)
                  20018de8    00000018     httpclient_release.a : httpclient.oem4 (.text:countChar)
                  20018e00    00000018     dht22.obj (.text:restartCapture)
                  20018e18    00000018     rtsv7M4_T_le_eabi.lib : ll_mul_t2.asm.obj (.text)
                  20018e30    00000018                           : strcmp.c.obj (.text:strcmp)
                  20018e48    00000018     release_pem4.oem4 (.text:ti_sysbios_BIOS_rtsUnlock__I)
                  20018e60    00000018     release_pem4.oem4 (.text:ti_sysbios_family_arm_m3_Hwi_Module__startupDone__F)
                  20018e78    00000018     release_pem4.oem4 (.text:ti_sysbios_family_arm_m3_Timer_Module__startupDone__F)
                  20018e90    00000018     sysbios.aem4 : BIOS.obj (.text:ti_sysbios_gates_GateMutex_leave__E)
                  20018ea8    00000018                  : BIOS.obj (.text:ti_sysbios_knl_Task_sleepTimeout__I)
                  20018ec0    00000018     release_pem4.oem4 (.text:ti_sysbios_rts_ti_ReentSupport_getTlsAddr__I)
                  20018ed8    00000018     PEMS.obj (.text:timer_callback)
                  20018ef0    00000018     sysbios.aem4 : BIOS.obj (.text:xdc_runtime_Error_init__E)
                  20018f08    00000018                  : BIOS.obj (.text:xdc_runtime_System_exit__E)
                  20018f20    00000016     driverlib.a : prcm.obj (.text:PRCMHIBRegRead)
                  20018f36    00000016                 : prcm.obj (.text:PRCMHIBRegWrite)
                  20018f4c    00000016     simplelink.a : driver.obj (.text:_SlDrvMemZero)
                  20018f62    00000016     httpclient_release.a : httpclient.oem4 (.text:clearNonPersistResponseFilter)
                  20018f78    00000016     MHZ16.obj (.text:getPPM)
                  20018f8e    00000002     --HOLE-- [fill = 0]
                  20018f90    00000016     sysbios.aem4 : BIOS.obj (.text:pthread_mutex_destroy)
                  20018fa6    00000016     rtsv7M4_T_le_eabi.lib : strchr.c.obj (.text:strchr)
                  20018fbc    00000016     release_pem4.oem4 (.text:ti_sysbios_BIOS_exitFunc__I)
                  20018fd2    00000002     --HOLE-- [fill = 0]
                  20018fd4    00000014     drivers_cc32xx.aem4 : PWM.oem4 (.text:PWM_Params_init)
                  20018fe8    00000014                         : PowerCC32XX.oem4 (.text:Power_getDependencyCount)
                  20018ffc    00000014                         : SPI.oem4 (.text:SPI_Params_init)
                  20019010    00000014     sysbios.aem4 : BIOS.obj (.text:pthread_attr_setschedparam)
                  20019024    00000014     drivers_cc32xx.aem4 : UARTCC32XX.oem4 (.text:releasePowerConstraint)
                  20019038    00000014     rtsv7M4_T_le_eabi.lib : strcpy.c.obj (.text:strcpy)
                  2001904c    00000014                           : strlen.c.obj (.text:strlen)
                  20019060    00000014     release_pem4.oem4 (.text:ti_sysbios_family_arm_m3_Hwi_Object__get__S)
                  20019074    00000004     --HOLE-- [fill = 0]
                  20019078    00000014     sysbios.aem4 : BIOS.obj (.text:ti_sysbios_family_arm_m3_Hwi_switchFromBootStack__E)
                  2001908c    00000014     release_pem4.oem4 (.text:ti_sysbios_heaps_HeapMem_Object__get__S)
                  200190a0    00000014     sysbios.aem4 : BIOS.obj (.text:ti_sysbios_knl_Clock_tickReconfig__E)
                  200190b4    00000014     release_pem4.oem4 (.text:ti_sysbios_knl_Swi_Object__get__S)
                  200190c8    00000014     IRBlaster.obj (.text:timerCallback)
                  200190dc    00000012     drivers_cc32xx.aem4 : RingBuf.oem4 (.text:RingBuf_construct)
                  200190ee    00000012     dpl_cc32xx.aem4 : SemaphoreP_tirtos.oem4 (.text:SemaphoreP_pend)
                  20019100    00000012     slnetifwifi.a : slnetifwifi.obj (.text:SlNetIfWifi_close)
                  20019112    00000012     driverlib.a : timer.obj (.text:TimerIntClear)
                  20019124    00000004     --HOLE-- [fill = 0]
                  20019128    00000012     sysbios.aem4 : BIOS.obj (.text:_pthread_runStub$41)
                  2001913a    00000012     drivers_cc32xx.aem4 : PWMTimerCC32XX.oem4 (.text:postNotifyFxn)
                  2001914c    00000004     --HOLE-- [fill = 0]
                  20019150    00000012     sysbios.aem4 : BIOS.obj (.text:ti_sysbios_hal_Hwi_Module_startup__E)
                  20019162    00000012     rtsv7M4_T_le_eabi.lib : wcslen.c.obj (.text:wcslen)
                  20019174    00000012     release_pem4.oem4 (.text:xdc_runtime_Startup_exec__I)
                  20019186    00000010     ti_drivers_config.obj (.text:Board_init)
                  20019196    00000002     --HOLE-- [fill = 0]
                  20019198    00000010     drivers_cc32xx.aem4 : Capture.oem4 (.text:Capture_Params_init)
                  200191a8    00000010     dpl_cc32xx.aem4 : HwiP_tirtos.oem4 (.text:HwiP_Params_init)
                  200191b8    00000010     slnetsock_release.a : slnetsock.oem4 (.text:SlNetSock_secAttribCreate)
                  200191c8    00000010     drivers_cc32xx.aem4 : Timer.oem4 (.text:Timer_Params_init)
                  200191d8    00000010     simplelink.a : driver.obj (.text:_SlDrvDispatchHttpServerEvents)
                  200191e8    00000010                  : driver.obj (.text:_SlDrvDispatchNetAppRequestEvents)
                  200191f8    00000010                  : driver.obj (.text:_SlDrvIsSpawnOwnGlobalLock)
                  20019208    00000010     ti_drivers_config.obj (.text:dmaErrorFxn)
                  20019218    00000010     sysbios.aem4 : BIOS.obj (.text:pthread_mutexattr_init)
                  20019228    00000010                  : BIOS.obj (.text:pthread_mutexattr_settype)
                  20019238    00000010     drivers_cc32xx.aem4 : UARTCC32XX.oem4 (.text:readBlockingTimeout)
                  20019248    00000010     httpclient_release.a : httpclient.oem4 (.text:skipWhiteSpace)
                  20019258    00000010     sysbios.aem4 : BIOS.obj (.text:ti_sysbios_BIOS_getCpuFreq__E)
                  20019268    00000010                  : BIOS.obj (.text:ti_sysbios_BIOS_setThreadType__E)
                  20019278    00000010                  : BIOS.obj (.text:ti_sysbios_BIOS_start__E)
                  20019288    00000010                  : m3_TaskSupport_asm.obj (.text:ti_sysbios_family_arm_m3_TaskSupport_glue)
                  20019298    00000010                  : m3_TaskSupport_asm.obj (.text:ti_sysbios_family_arm_m3_TaskSupport_swap__E)
                  200192a8    00000010                  : BIOS.obj (.text:ti_sysbios_gates_GateMutex_Instance_finalize__E)
                  200192b8    00000010     release_pem4.oem4 (.text:ti_sysbios_knl_Mailbox_Object__get__S)
                  200192c8    00000010     sysbios.aem4 : BIOS.obj (.text:ti_sysbios_knl_Semaphore_Instance_finalize__E)
                  200192d8    00000010                  : BIOS.obj (.text:ti_sysbios_knl_Swi_disable__E)
                  200192e8    00000010     release_pem4.oem4 (.text:ti_sysbios_knl_Task_Object__get__S)
                  200192f8    00000010     sysbios.aem4 : BIOS.obj (.text:ti_sysbios_knl_Task_disable__E)
                  20019308    00000010                  : BIOS.obj (.text:xdc_runtime_Memory_free__E)
                  20019318    00000010                  : BIOS.obj (.text:xdc_runtime_SysCallback_abort__E)
                  20019328    00000010                  : BIOS.obj (.text:xdc_runtime_SysCallback_exit__E)
                  20019338    0000000e     drivers_cc32xx.aem4 : RingBuf.oem4 (.text:RingBuf_isFull)
                  20019346    0000000e     simplelink.a : driver.obj (.text:_SlDrvResetCmdExt)
                  20019354    0000000e     rtsv7M4_T_le_eabi.lib : copy_decompress_none.c.obj (.text:decompress:none:__TI_decompress_none)
                  20019362    0000000e     drivers_cc32xx.aem4 : SPICC32XXDMA.oem4 (.text:postNotifyFxn)
                  20019370    0000000e     sysbios.aem4 : BIOS.obj (.text:pthread_attr_setdetachstate)
                  2001937e    00000002     --HOLE-- [fill = 0]
                  20019380    0000000e                  : BIOS.obj (.text:sem_wait)
                  2001938e    0000000e     simplelink.a : cc_pal.obj (.text:spi_Close)
                  2001939c    00000004     --HOLE-- [fill = 0]
                  200193a0    0000000e     sysbios.aem4 : BIOS.obj (.text:ti_sysbios_knl_Idle_loop__E)
                  200193ae    00000002     --HOLE-- [fill = 0]
                  200193b0    0000000e                  : BIOS.obj (.text:ti_sysbios_knl_Queue_empty__E)
                  200193be    0000000c     dpl_cc32xx.aem4 : ClockP_tirtos.oem4 (.text:ClockP_delete)
                  200193ca    00000002     --HOLE-- [fill = 0]
                  200193cc    0000000c                     : ClockP_tirtos.oem4 (.text:ClockP_getSystemTickPeriod)
                  200193d8    0000000c                     : HwiP_tirtos.oem4 (.text:HwiP_delete)
                  200193e4    0000000c     simplelink.a : cc_pal.obj (.text:NwpMaskInterrupt)
                  200193f0    0000000c                  : cc_pal.obj (.text:NwpUnMaskInterrupt)
                  200193fc    0000000c     drivers_cc32xx.aem4 : PowerCC32XX.oem4 (.text:Power_getConstraintMask)
                  20019408    0000000c     dpl_cc32xx.aem4 : SemaphoreP_tirtos.oem4 (.text:SemaphoreP_delete)
                  20019414    0000000c     platform.obj (.text:SimpleLinkHttpServerEventHandler)
                  20019420    0000000c     platform.obj (.text:SimpleLinkNetAppRequestEventHandler)
                  2001942c    0000000c     simplelink.a : device.obj (.text:_SlDeviceResetRequestInitCompletedCB)
                  20019438    0000000c     rtsv7M4_T_le_eabi.lib : _lock.c.obj (.text:_register_lock)
                  20019444    0000000c                           : _lock.c.obj (.text:_register_unlock)
                  20019450    0000000c                           : s_copysign.c.obj (.text:copysign)
                  2001945c    0000000c                           : copy_zero_init.c.obj (.text:decompress:ZI:__TI_zero_init)
                  20019468    0000000c     drivers_cc32xx.aem4 : CaptureCC32XX.oem4 (.text:postNotifyFxn)
                  20019474    0000000c                         : TimerCC32XX.oem4 (.text:postNotifyFxn)
                  20019480    0000000c                         : UARTCC32XX.oem4 (.text:postNotifyFxn)
                  2001948c    00000004     --HOLE-- [fill = 0]
                  20019490    0000000c     sysbios.aem4 : BIOS.obj (.text:pthread_self)
                  2001949c    0000000c     release_pem4.oem4 (.text:ti_sysbios_family_arm_m3_Hwi_Params__init__S)
                  200194a8    0000000c     sysbios.aem4 : BIOS.obj (.text:ti_sysbios_family_arm_m3_Hwi_disableFxn__E)
                  200194b4    00000004     --HOLE-- [fill = 0]
                  200194b8    0000000c                  : BIOS.obj (.text:ti_sysbios_family_arm_m3_TaskSupport_getStackAlignment__E)
                  200194c4    00000004     --HOLE-- [fill = 0]
                  200194c8    0000000c                  : BIOS.obj (.text:ti_sysbios_gates_GateHwi_enter__E)
                  200194d4    0000000c     release_pem4.oem4 (.text:ti_sysbios_knl_Clock_Params__init__S)
                  200194e0    0000000c     sysbios.aem4 : BIOS.obj (.text:ti_sysbios_knl_Clock_getTicks__E)
                  200194ec    00000004     --HOLE-- [fill = 0]
                  200194f0    0000000c                  : BIOS.obj (.text:ti_sysbios_knl_Clock_setTicks__E)
                  200194fc    00000004     --HOLE-- [fill = 0]
                  20019500    0000000c                  : BIOS.obj (.text:ti_sysbios_knl_Clock_tickStart__E)
                  2001950c    00000004     --HOLE-- [fill = 0]
                  20019510    0000000c                  : BIOS.obj (.text:ti_sysbios_knl_Clock_tickStop__E)
                  2001951c    0000000c     release_pem4.oem4 (.text:ti_sysbios_knl_Queue_Object__get__S)
[...]
20022c5c  DHT_Data                                                        
20022c68  DeviceCB                                                        
20022c74  Msg                                                             
20022c80  args                                                            
20022c8c  captParams                                                      
20022c98  finaldata                                                       
20022ca4  packet                                                          
20022cb0  params                                                          
20022cc4  parmbuf                                                         
20022ccc  udmaCC3220SObject                                               
20022cdc  CO2uart                                                         
20022ce0  ClockP_tickPeriod                                               
20022ce4  buffer                                                          
20022ce8  captHandle                                                      
20022cec  i                                                               
20022cf0  j                                                               
20022cf4  mode                                                            
20022cf8  pwm1                                                            
20022cfc  spiCC32XXSDMAscratchBuf                                         
20022d00  ti_sysbios_knl_Task_Instance_State_0_hookEnv__A                 
20022d04  timer                                                           
20022d08  timer0                                                          
20022d0c  uartCO2                                                         
20022d10  D4                                                              
20022d11  D5                                                              
20022d12  D6                                                              
20022d13  D7                                                              
20022d14  E                                                               
20022d15  Rs                                                              
20022d16  RxIrqCnt                                                        
20022d17  TEMP                                                            
20022fa0  _ctypes_                                                        
200230a1  ti_sysbios_knl_Clock_tickMode__C                                
200230a2  ti_sysbios_family_arm_m3_Hwi_Module__id__C                      
2002324c  OpcodeTranslateTable                                            
200232bc  _SlActionLookupTable                                            
2002330c  PowerCC32XX_config                                              
2002334c  spiCC32XXDMAHWAttrs                                             
20023388  ti_sysbios_knl_Task_Object__PARAMS__C                           
2002345a  ti_sysbios_family_arm_m3_Timer_Module__id__C                    
2002345c  ti_sysbios_family_arm_m3_Hwi_Object__PARAMS__C                  
2002348c  UARTCC32XX_fxnTable                                             
200234b4  ti_sysbios_heaps_HeapMem_Module__FXNS__C                        
200234dc  PWMTimerCC32XX_fxnTable                                         
20023500  UART_defaultParams                                              
20023524  ti_sysbios_gates_GateHwi_Module__FXNS__C                        
20023548  ti_sysbios_gates_GateMutex_Module__FXNS__C                      
2002356c  ti_sysbios_heaps_HeapMem_Object__PARAMS__C                      
20023590  ti_sysbios_knl_Clock_Object__PARAMS__C                          
200235b4  ti_sysbios_knl_Semaphore_Object__PARAMS__C                      
2002363f  ti_sysbios_knl_Clock_tickSource__C                              
20023660  SPI_defaultParams                                               
200236a0  TimerCC32XX_fxnTable                                            
20023700  ti_sysbios_family_arm_m3_Hwi_Object__DESC__C                    
20023720  ti_sysbios_gates_GateHwi_Object__DESC__C                        
20023740  ti_sysbios_gates_GateMutex_Object__DESC__C                      
20023760  ti_sysbios_heaps_HeapMem_Object__DESC__C                        
20023780  ti_sysbios_knl_Clock_Object__DESC__C                            
200237a0  ti_sysbios_knl_Queue_Object__DESC__C                            
200237c0  ti_sysbios_knl_Semaphore_Object__DESC__C                        
200237e0  ti_sysbios_knl_Task_Object__DESC__C                             
20023800  timerCC32XXHWAttrs                                              
20023820  xdc_runtime_Startup_sfxnTab__A                                  
20023840  CaptureCC32XX_fxnTable                                          
20023858  PWM_defaultParams                                               
20023870  SPICC32XXDMA_fxnTable                                           
20023888  Timer_config                                                    
200238a0  ti_sysbios_gates_GateHwi_Object__PARAMS__C                      
200238b8  ti_sysbios_gates_GateMutex_Object__PARAMS__C                    
200238d0  ti_sysbios_knl_Queue_Object__PARAMS__C                          
200238e8  ti_sysbios_knl_Task_hooks__A                                    
20023978  GPIOCC32XX_config                                               
20023a3c  xdc_runtime_Startup_sfxnRts__A                                  
20023a58  Capture_config                                                  
20023a64  PWM_config                                                      
20023a70  SPI_config                                                      
20023a7c  UART_config                                                     
20023ac4  udmaCC3220SHWAttrs                                              
20023ad0  xdc_runtime_Startup_firstFxns__A                                
20023ae4  UDMACC32XX_config                                               
20023aec  captureCC32XXHWAttrs                                            
20023b0c  outPinTypes                                                     
20023b1c  ti_sysbios_knl_Idle_funcList__A                                 
20023b24  ti_sysbios_knl_Idle_funcList__C                                 
20023b2c  ti_sysbios_knl_Task_hooks__C                                    
20023b3c  xdc_runtime_Startup_firstFxns__C                                
20023b44  xdc_runtime_Startup_lastFxns__C                                 
20023b52  inPinTypes                                                      
20023b58  outPinStrengths                                                 
20023b5e  Capture_count                                                   
20023b5f  CryptoCC32XX_count                                              
20023b60  PWM_count                                                       
20023b61  SPI_count                                                       
20023b62  Timer_count                                                     
20023b63  UART_count                                                      
20023b94  _SlNetAppSendResponseCmdCtrl                                    
20023b98  _SlNetAppSendTokenValueCmdCtrl                                  
20023bc8  pwmTimerCC32XXHWAttrs                                           
20023bcc  ti_sysbios_family_arm_m3_Hwi_E_alreadyDefined__C                
20023bd0  ti_sysbios_family_arm_m3_Hwi_E_badIntNum__C                     
20023bd4  ti_sysbios_family_arm_m3_Hwi_NUM_INTERRUPTS__C                  
20023bd8  ti_sysbios_family_arm_m3_Hwi_Object__count__C                   
20023bdc  ti_sysbios_family_arm_m3_Hwi_ccr__C                             
20023be0  ti_sysbios_family_arm_m3_Hwi_excHandlerFunc__C                  
20023be4  ti_sysbios_family_arm_m3_Hwi_nullIsrFunc__C                     
20023be8  ti_sysbios_family_arm_m3_Hwi_priGroup__C                        
20023bec  ti_sysbios_family_arm_m3_Hwi_swiDisable__C                      
20023bf0  ti_sysbios_family_arm_m3_Hwi_swiRestore__C                      
20023bf4  ti_sysbios_family_arm_m3_TaskSupport_stackAlignment__C          
20023bf8  ti_sysbios_family_arm_m3_Timer_E_cannotSupport__C               
20023bfc  ti_sysbios_family_arm_m3_Timer_startupNeeded__C                 
20023c00  ti_sysbios_gates_GateMutex_Instance_State_sem__O                
20023c04  ti_sysbios_heaps_HeapMem_E_memory__C                            
20023c08  ti_sysbios_heaps_HeapMem_Module__gateObj__C                     
20023c0c  ti_sysbios_heaps_HeapMem_Object__count__C                       
20023c10  ti_sysbios_heaps_HeapMem_primaryHeapBaseAddr__C                 
20023c14  ti_sysbios_heaps_HeapMem_primaryHeapEndAddr__C                  
20023c18  ti_sysbios_heaps_HeapMem_reqAlign__C                            
20023c1c  ti_sysbios_knl_Clock_Module_State_clockQ__O                     
20023c20  ti_sysbios_knl_Clock_tickPeriod__C                              
20023c24  ti_sysbios_knl_Mailbox_Instance_State_freeQue__O                
20023c28  ti_sysbios_knl_Mailbox_Object__count__C                         
20023c2c  ti_sysbios_knl_Mailbox_maxTypeAlign__C                          
20023c30  ti_sysbios_knl_Semaphore_Instance_State_pendQ__O                
20023c34  ti_sysbios_knl_Swi_Object__count__C                             
20023c38  ti_sysbios_knl_Task_Module_State_inactiveQ__O                   
20023c3c  ti_sysbios_knl_Task_Object__count__C                            
20023c40  ti_sysbios_knl_Task_Object__heap__C                             
20023c44  ti_sysbios_knl_Task_allBlockedFunc__C                           
20023c48  ti_sysbios_knl_Task_defaultStackHeap__C                         
20023c4c  ti_sysbios_knl_Task_defaultStackSize__C                         
20023c50  ti_sysbios_knl_Task_numConstructedTasks__C                      
20023c54  xdc_runtime_Error_E_memory__C                                   
20023c58  xdc_runtime_Error_policyFxn__C                                  
20023c5c  xdc_runtime_IGateProvider_Interface__BASE__C                    
20023c60  xdc_runtime_IHeap_Interface__BASE__C                            
20023c64  xdc_runtime_IModule_Interface__BASE__C                          
20023c68  xdc_runtime_Memory_defaultHeapInstance__C                       
20023c6c  xdc_runtime_Startup_execImpl__C                                 
20023c70  xdc_runtime_Startup_maxPasses__C                                
20023c74  xdc_runtime_Startup_sfxnRts__C                                  
20023c78  xdc_runtime_Startup_sfxnTab__C                                  
20023c7c  xdc_runtime_SysCallback_abortFxn__C                             
20023c80  xdc_runtime_SysCallback_exitFxn__C                              
20023c84  xdc_runtime_System_Module__gateObj__C                           
20023c88  xdc_runtime_System_abortFxn__C                                  
20023c8c  xdc_runtime_System_exitFxn__C                                   
20023c90  xdc_runtime_System_maxAtexitHandlers__C                         
20023c94  ti_sysbios_heaps_HeapMem_Module__id__C                          
20023c96  xdc_runtime_Memory_Module__id__C                                
20023c98  xdc_runtime_Error_policy__C                                     
20023c9c  s_text                                                          
20023e2c  PowerCC32XX_module                                              
20023f98  parkInfo                                                        
20024090  _ftable                                                         
20024180  ARRAY_OFF                                                       
20024244  ARRAY_ON                                                        
20024448  ti_sysbios_knl_Swi_Module_State_0_readyQ__A                     
200244c8  ti_sysbios_knl_Task_Module_State_0_readyQ__A                    
20024548  _device                                                         
200245c0  SlNetIfConfigWifi                                               
20024618  ti_sysbios_gates_GateMutex_Object__table__V                     
200246bc  _stream                                                         
2002470c  ti_sysbios_knl_Task_Object__table__V                            
20024758  ti_sysbios_knl_Task_Module__state__V                            
2002479c  ti_sysbios_family_arm_m3_Hwi_Module__state__V                   
200247d0  gpioCallbackFunctions                                           
20024800  gpioPinConfigs                                                  
20024830  ti_sysbios_family_arm_m3_Timer_Object__table__V                 
20024860  ti_sysbios_knl_Swi_Object__table__V                             
20024890  ti_sysbios_knl_Clock_Module__state__V                           
200248bc  edit                                                            
200248bd  screen                                                          
200248be  c_pos                                                           
200248bf  cursor                                                          
200248c0  seconds                                                         
200248c2  maxT                                                            
200248c4  minT                                                            
200248c6  maxH                                                            
200248c8  minH                                                            
200248ca  maxC                                                            
200248cc  minC                                                            
200248ce  initializing                                                    
200248d0  Temp                                                            
200248d2  Hum                                                             
200248d4  CO                                                              
200248d6  T                                                               
200248d7  H                                                               
200248d8  C                                                               
200248d9  R1                                                              
200248da  R2                                                              
200248db  flag                                                            
200248dc  olda                                                            
200248dd  oldb                                                            
200248de  newa                                                            
200248df  newb                                                            
200248e0  lookup_index                                                    
200248e2  ti_sysbios_family_arm_m3_Hwi_Module_State_0_excActive__A        
200248e4  g_LibsEvents                                                    
20024908  g_UserEvents                                                    
2002492c  ti_sysbios_BIOS_Module__state__V                                
20024950  xdc_runtime_Error_IgnoreBlock                                   
20024970  HTTP_METHOD_GET                                                 
20024974  HTTP_METHOD_POST                                                
20024978  HTTP_METHOD_HEAD                                                
2002497c  HTTP_METHOD_OPTIONS                                             
20024980  HTTP_METHOD_PUT                                                 
20024984  HTTP_METHOD_DELETE                                              
20024988  HTTP_METHOD_CONNECT                                             
2002498c  ti_sysbios_knl_Swi_Module__state__V                             
200249a8  ti_sysbios_family_arm_m3_Hwi_Object__table__V                   
200249c0  ti_sysbios_heaps_HeapMem_Object__table__V                       
200249e8  __TI_ft_end                                                     
200249ec  __aeabi_stdin                                                   
200249f0  __aeabi_stdout                                                  
200249f4  __aeabi_stderr                                                  
200249f8  ti_sysbios_family_arm_cc32xx_Seconds_Module__state__V           
20024a08  __TI_cleanup_ptr                                                
20024a0c  __TI_dtors_ptr                                                  
20024a10  __TI_enable_exit_profile_output                                 
20024a14  gGlobalLockCntRequested                                         
20024a15  gGlobalLockCntReleased                                          
20024a16  g_SlDeviceStatus                                                
20024a18  g_pCB                                                           
20024a1c  pPingCallBackFunc                                               
20024a20  ti_sysbios_family_arm_m3_Timer_Module__state__V                 
20024a35  readCO2                                                         
20024a40  _lock                                                           
20024a44  _unlock                                                         
20024a48  countData                                                       
20024a4c  allDataCaptured                                                 
20024a58  httpThread                                                      
20024a5c  spawn_thread                                                    
20024a60  ti_sysbios_family_arm_m3_Hwi_Module__root__V                    
20024a68  ti_sysbios_gates_GateHwi_Module__root__V                        
20024a70  ti_sysbios_gates_GateMutex_Module__root__V                      
20024a78  ti_sysbios_heaps_HeapMem_Module__root__V                        
20024a80  ti_sysbios_knl_Clock_Module__root__V                            
20024a88  ti_sysbios_knl_Queue_Module__root__V                            
20024a90  ti_sysbios_knl_Semaphore_Module__root__V                        
20024a98  ti_sysbios_knl_Task_Module__root__V                             
20024aa0  xdc_runtime_Startup_Module__state__V                            
20024aa8  xdc_runtime_System_Module_State_0_atexitHandlers__A             
20024ab0  xdc_runtime_System_Module__state__V                             
20024ab8  main_func_sp                                                    
20024abc  g_intHandle                                                     
20024ac4  ti_sysbios_family_arm_m3_Hwi_Module_State_0_excContext__A       
20024ac8  ti_sysbios_family_arm_m3_Hwi_Module_State_0_excStack__A         
20024acc  ti_sysbios_gates_GateHwi_Object__table__V                       
20024ad0  ti_sysbios_knl_Task_Module_State_0_idleTask__A                  
20024ad4  ti_sysbios_rts_ti_ReentSupport_Module__state__V                 
20024ad8  xdc_runtime_Memory_Module__state__V                             
20024ae0  __TI_static_base__                                              
20024f58  __TI_Handler_Table_Base                                         
20024f64  __TI_Handler_Table_Limit                                        
20024f70  __TI_CINIT_Base                                                 
20024f80  __TI_CINIT_Limit                                                
e000e000  ti_sysbios_family_arm_m3_Hwi_nvic                               
ffffffff  __TI_pprof_out_hndl                                             
ffffffff  __TI_prof_data_size                                             
ffffffff  __TI_prof_data_start                                            
ffffffff  __binit__                                                       
ffffffff  __c_args__                                                      
ffffffff  binit                                                           
UNDEFED   SHT$$INIT_ARRAY$$Base                                           
UNDEFED   SHT$$INIT_ARRAY$$Limit                                          

[1034 symbols]
