******************************************************************************
                  TI ARM Linker PC v18.12.3                    
******************************************************************************
>> Linked Tue Nov 19 19:53:51 2019

OUTPUT FILE NAME:   <httpget_CC3220S_LAUNCHXL_tirtos_ccs2.out>
ENTRY POINT SYMBOL: "_c_int00"  address: 20016535


MEMORY CONFIGURATION

         name            origin    length      used     unused   attr    fill
----------------------  --------  ---------  --------  --------  ----  --------
  SRAM0                 20000000   00004000  0000070c  000038f4  RW X
  SRAM                  20004000   0003c000  00020dc2  0001b23e  RW X


SEGMENT ALLOCATION MAP

run origin  load origin   length   init length attrs members
----------  ----------- ---------- ----------- ----- -------
20003c00    20003c00    00000400   00000000    rw-
  20003c00    20003c00    00000400   00000000    rw- .stack
20004000    20004000    0001d650   0001564a    r-x
  20004000    20004000    0000003c   0000003c    r-- .resetVecs
  20004040    20004040    0001560a   0001560a    r-x .text
  20019650    20019650    00008000   00000000    r-- .priheap
20021800    20021800    00001518   00000000    rw-
  20021800    20021800    00001518   00000000    rw- .bss
20022d18    20022d18    00000f81   00000f81    r--
  20022d18    20022d18    00000f81   00000f81    r-- .const
20023c9c    20023c9c    00000e43   00000000    rw-
  20023c9c    20023c9c    00000e43   00000000    rw- .data
20024ae0    20024ae0    000004a0   000004a0    r--
  20024ae0    20024ae0    000004a0   000004a0    r-- .cinit


SECTION ALLOCATION MAP

 output                                  attributes/
section   page    origin      length       input sections
--------  ----  ----------  ----------   ----------------
.vecs      0    20000000    0000030c     NOLOAD SECTION
                  20000000    0000030c     release_pem4.oem4 (.vecs)

.stack     0    20003c00    00000400     UNINITIALIZED
                  20003c00    00000400     --HOLE--

.text      0    20004040    0001560a     
                  20004040    00000a4e     rtsv7M4_T_le_eabi.lib : _printfi.c.obj (.text:__TI_printfi)
                  20004a8e    00000002     ti_drivers_config.obj (.text:Board_initHook)
                  20004a90    000008cc     simplelink.a : driver.obj (.text:_SlDrvMsgRead)
                  2000535c    0000069c     httpget.obj (.text:httpTask)
                  200059f8    000004bc     simplelink.a : sl_socket.obj (.text:_SlSocketHandleAsync_Select)
                  20005eb4    0000042c     driverlib.a : prcm.obj (.text:PRCMCC3200MCUInit)
                  200062e0    0000040c     httpclient_release.a : httpclient.oem4 (.text:sendRequest)
                  200066ec    00000384     simplelink.a : driver.obj (.text:_SlDrvMsgWrite)
                  20006a70    000002e0                  : driver.obj (.text:_SlDrvWaitForPoolObj)
                  20006d50    000002d8                  : driver.obj (.text:_SlDrvRxHdrRead)
                  20007028    000002c8     PEMS.obj (.text:mainThread)
                  200072f0    000002b4     simplelink.a : sl_socket.obj (.text:sl_Select)
                  200075a4    00000294                  : driver.obj (.text:_SlDrvReleasePoolObj)
                  20007838    00000280     drivers_cc32xx.aem4 : UARTCC32XX.oem4 (.text:UARTCC32XX_open)
                  20007ab8    0000027c     simplelink.a : wlan.obj (.text:sl_WlanConnect)
                  20007d34    00000268     rtsv7M4_T_le_eabi.lib : _printfi.c.obj (.text:_pconv_a)
                  20007f9c    0000025c     simplelink.a : driver.obj (.text:_SlDrvDataReadOp)
                  200081f8    00000244     PEMS.obj (.text:update_values)
                  2000843c    00000224     simplelink.a : driver.obj (.text:_SlDrvDriverCBInit)
                  20008660    00000218                  : driver.obj (.text:_SlDrvDataWriteOp)
                  20008878    000001fc     httpclient_release.a : httpclient.oem4 (.text:SlNetSock_connectURI)
                  20008a74    000001f4     simplelink.a : driver.obj (.text:_SlDrvMsgReadCmdCtx)
                  20008c68    000001f2                  : netapp.obj (.text:_SlNetAppEventHandler)
                  20008e5a    00000002     drivers_cc32xx.aem4 : CaptureCC32XX.oem4 (.text:CaptureCC32XX_init)
                  20008e5c    000001e0     httpclient_release.a : httpclient.oem4 (.text:HTTPClient_connect2)
                  2000903c    000001d4     drivers_cc32xx.aem4 : GPIOCC32XX.oem4 (.text:GPIO_setConfig)
                  20009210    000001d0                         : SPICC32XXDMA.oem4 (.text:SPICC32XXDMA_transfer)
                  200093e0    000001cc     rtsv7M4_T_le_eabi.lib : _printfi.c.obj (.text:_pconv_g)
                  200095ac    000001c8     simplelink.a : device.obj (.text:sl_Stop)
                  20009774    000001b8     dht22.obj (.text:DHT_translateData)
                  2000992c    000001b8     drivers_cc32xx.aem4 : SPICC32XXDMA.oem4 (.text:configDMA)
                  20009ae4    000001b6     rtsv7M4_T_le_eabi.lib : fd_add_t2.asm.obj (.text)
                  20009c9a    00000002     drivers_cc32xx.aem4 : PWMTimerCC32XX.oem4 (.text:PWMTimerCC32XX_init)
                  20009c9c    000001b4     simplelink.a : driver.obj (.text:_SlDrvReleaseAllActivePendingPoolObj)
                  20009e50    000001ac                  : sl_socket.obj (.text:sl_Accept)
                  20009ffc    000001a0     httpclient_release.a : httpclient.oem4 (.text:manageResponseHeaders)
                  2000a19c    00000194                          : httpclient.oem4 (.text:redirect)
                  2000a330    0000018c     simplelink.a : sl_socket.obj (.text:_SlDrvRegisterForSelectAsync)
                  2000a4bc    00000184                  : driver.obj (.text:_SlDrvFindAndSetActiveObj)
                  2000a640    00000180     PEMS.obj (.text:execute_reading)
                  2000a7c0    00000178     simplelink.a : sl_socket.obj (.text:sl_Connect)
                  2000a938    00000177     httpclient_release.a : httpclient.oem4 (.text:readResponseHeader)
                  2000aaaf    00000001     --HOLE-- [fill = 0]
                  2000aab0    00000170     simplelink.a : netapp.obj (.text:sl_NetAppDnsGetHostByName)
                  2000ac20    00000158     drivers_cc32xx.aem4 : SPICC32XXDMA.oem4 (.text:SPICC32XXDMA_open)
                  2000ad78    00000154     simplelink.a : sl_socket.obj (.text:sl_RecvFrom)
                  2000aecc    00000150     platform.obj (.text:SimpleLinkNetAppEventHandler)
                  2000b01c    0000014c     dpl_cc32xx.aem4 : PowerCC32XX_tirtos.oem4 (.text:PowerCC32XX_sleepPolicy)
                  2000b168    0000014c     simplelink.a : sl_socket.obj (.text:sl_StartTLS)
                  2000b2b4    00000148     drivers_cc32xx.aem4 : PowerCC32XX.oem4 (.text:parkPins)
                  2000b3fc    00000148     httpclient_release.a : httpclient.oem4 (.text:parseURI)
                  2000b544    00000148     PEMS.obj (.text:thresholdMin)
                  2000b68c    00000144     PEMS.obj (.text:thresholdMax)
                  2000b7d0    00000140     drivers_cc32xx.aem4 : PWMTimerCC32XX.oem4 (.text:PWMTimerCC32XX_setDutyAndPeriod)
                  2000b910    00000140     simplelink.a : driver.obj (.text:_SlDrvMsgReadSpawnCtx)
                  2000ba50    0000013c                  : driver.obj (.text:_SlDrvDriverCBDeinit)
                  2000bb8c    0000013c                  : sl_socket.obj (.text:_SlDrvGetNextTimeoutValue)
                  2000bcc8    0000013c     rtsv7M4_T_le_eabi.lib : _printfi.c.obj (.text:_pconv_e)
                  2000be04    00000138     drivers_cc32xx.aem4 : PowerCC32XX.oem4 (.text:Power_sleep)
                  2000bf3c    00000138     simplelink.a : driver.obj (.text:_SlSpawnMsgListInsert)
                  2000c074    00000136     rtsv7M4_T_le_eabi.lib : fd_div_t2.asm.obj (.text)
                  2000c1aa    00000002     drivers_cc32xx.aem4 : TimerCC32XX.oem4 (.text:TimerCC32XX_init)
                  2000c1ac    00000134     simplelink.a : sl_socket.obj (.text:_SlSocketHandleAsync_StartTLS)
                  2000c2e0    00000130     sysbios.aem4 : BIOS.obj (.text:ti_sysbios_knl_Semaphore_pend__E)
                  2000c410    00000128     drivers_cc32xx.aem4 : TimerCC32XX.oem4 (.text:TimerCC32XX_open)
                  2000c538    00000128     simplelink.a : driver.obj (.text:_SlDrvClassifyRxMsg)
                  2000c660    00000124                  : fs.obj (.text:sl_FsOpen)
                  2000c784    00000121     httpclient_release.a : httpclient.oem4 (.text:getChunkedData)
                  2000c8a5    00000001     --HOLE-- [fill = 0]
                  2000c8a6    00000002     drivers_cc32xx.aem4 : UARTCC32XX.oem4 (.text:UARTCC32XX_init)
                  2000c8a8    00000120                         : UARTCC32XX.oem4 (.text:UARTCC32XX_close)
                  2000c9c8    00000120     simplelink.a : driver.obj (.text:_SlDrvAsyncEventGenericHandler)
                  2000cae8    00000120     rtsv7M4_T_le_eabi.lib : _printfi.c.obj (.text:fcvt)
                  2000cc08    00000120     simplelink.a : device.obj (.text:sl_Start)
                  2000cd28    00000120     sysbios.aem4 : BIOS.obj (.text:xdc_runtime_Startup_startMods__I)
                  2000ce48    00000118     simplelink.a : netapp.obj (.text:_SlNetAppHandleAsync_DnsGetHostByService)
                  2000cf60    00000114     rtsv7M4_T_le_eabi.lib : fputs.c.obj (.text:fputs)
                  2000d074    00000110     PEMS.obj (.text:enter)
                  2000d184    00000110     platform.obj (.text:mainPost)
                  2000d294    00000110     rtsv7M4_T_le_eabi.lib : strtoul.c.obj (.text:strtoul)
                  2000d3a4    00000004     dpl_cc32xx.aem4 : ClockP_tirtos.oem4 (.text:ClockP_getCpuFreq)
                  2000d3a8    00000110     sysbios.aem4 : BIOS.obj (.text:ti_sysbios_knl_Task_postInit__I)
                  2000d4b8    00000108     httpclient_release.a : httpclient.oem4 (.text:HTTPClient_setHeader)
                  2000d5c0    00000108     slnetsock_release.a : slnetutils.oem4 (.text:SlNetUtil_str2BinIpV6)
                  2000d6c8    00000104     simplelink.a : device.obj (.text:_SlDeviceEventHandler)
                  2000d7cc    00000104                  : driver.obj (.text:_SlDrvCmdOp)
                  2000d8d0    00000104     sysbios.aem4 : BIOS.obj (.text:ti_sysbios_knl_Task_Instance_finalize__E)
                  2000d9d4    00000100     simplelink.a : driver.obj (.text:_SlDrvObjGlobalLockWaitForever)
                  2000dad4    00000100                  : fs.obj (.text:sl_FsWrite)
                  2000dbd4    000000fc     rtsv7M4_T_le_eabi.lib : fd_mul_t2.asm.obj (.text)
                  2000dcd0    000000fc     simplelink.a : sl_socket.obj (.text:sl_Close)
                  2000ddcc    000000f8     slnetifwifi.a : slnetifwifi.obj (.text:SlNetIfWifi_loadSecObj)
                  2000dec4    000000f4     httpclient_release.a : httpclient.oem4 (.text:httpProxyTunnel)
                  2000dfb8    000000f4     lcd.obj (.text:lcd_init_4bit)
                  2000e0ac    000000f4     simplelink.a : sl_socket.obj (.text:sl_SendTo)
                  2000e1a0    000000f2     drivers_cc32xx.aem4 : SPICC32XXDMA.oem4 (.text:SPICC32XXDMA_transferCancel)
                  2000e292    000000f2                         : UARTCC32XX.oem4 (.text:UARTCC32XX_control)
                  2000e384    000000f0                         : PWMTimerCC32XX.oem4 (.text:PWMTimerCC32XX_open)
                  2000e474    00000004     dpl_cc32xx.aem4 : ClockP_tirtos.oem4 (.text:ClockP_setTimeout)
                  2000e478    000000f0     sysbios.aem4 : BIOS.obj (.text:pthread_create)
                  2000e568    000000f0                  : BIOS.obj (.text:ti_sysbios_knl_Task_Instance_init__E)
                  2000e658    000000ec     PEMS.obj (.text:act_on_devices)
                  2000e744    00000004     dpl_cc32xx.aem4 : ClockP_tirtos.oem4 (.text:ClockP_start)
                  2000e748    000000ec     sysbios.aem4 : BIOS.obj (.text:clock_gettime)
                  2000e834    000000e8     slnetsock_release.a : slnetif.oem4 (.text:SlNetIf_add)
                  2000e91c    000000e4     drivers_cc32xx.aem4 : CaptureCC32XX.oem4 (.text:CaptureCC32XX_open)
                  2000ea00    000000dc     rtsv7M4_T_le_eabi.lib : setvbuf.c.obj (.text:setvbuf)
                  2000eadc    000000dc     PEMS.obj (.text:update_text)
                  2000ebb8    000000d8     drivers_cc32xx.aem4 : SPICC32XXDMA.oem4 (.text:SPICC32XXDMA_close)
                  2000ec90    000000d8     simplelink.a : device.obj (.text:_SlDeviceHandleAsync_InitComplete)
                  2000ed68    000000d8                  : driver.obj (.text:_SlDrvWaitForInternalAsyncEvent)
                  2000ee40    000000d8                  : netapp.obj (.text:_SlNetAppHandleAsync_NetAppReceive)
                  2000ef18    000000d2     httpclient_release.a : httpclient.oem4 (.text:HTTPClient_connect)
                  2000efea    00000002     rtsv7M4_T_le_eabi.lib : _lock.c.obj (.text:_nop)
                  2000efec    000000d0     simplelink.a : driver.obj (.text:_SlDrvRemoveFromList)
                  2000f0bc    000000d0     httpclient_release.a : httpclient.oem4 (.text:getStatus)
                  2000f18c    000000d0     rtsv7M4_T_le_eabi.lib : s_scalbn.c.obj (.text:scalbn)
                  2000f25c    00000004     dpl_cc32xx.aem4 : ClockP_tirtos.oem4 (.text:ClockP_stop)
                  2000f260    000000d0     sysbios.aem4 : BIOS.obj (.text:ti_sysbios_heaps_HeapMem_alloc__E)
                  2000f330    000000cc     httpclient_release.a : httpclient.oem4 (.text:sprsend)
                  2000f3fc    000000cc     sysbios.aem4 : m3_Hwi_asm.obj (.text:ti_sysbios_family_arm_m3_Hwi_dispatch__I)
                  2000f4c8    000000ca     drivers_cc32xx.aem4 : UARTCC32XX.oem4 (.text:UARTCC32XX_write)
                  2000f592    000000c8                         : SPICC32XXDMA.oem4 (.text:spiHwiFxn)
                  2000f65a    00000002     rtsv7M4_T_le_eabi.lib : div0.asm.obj (.text)
                  2000f65c    000000c4     drivers_cc32xx.aem4 : GPIOCC32XX.oem4 (.text:GPIO_init)
                  2000f720    000000c4                         : PWMTimerCC32XX.oem4 (.text:PWMTimerCC32XX_stop)
                  2000f7e4    00000004     dpl_cc32xx.aem4 : HwiP_tirtos.oem4 (.text:HwiP_clearInterrupt)
                  2000f7e8    000000c4     sysbios.aem4 : BIOS.obj (.text:ti_sysbios_knl_Task_sleep__E)
                  2000f8ac    000000c0     simplelink.a : cc_pal.obj (.text:NwpPowerOff)
                  2000f96c    000000c0     httpclient_release.a : httpclient.oem4 (.text:resHeaderFieldHandler)
                  2000fa2c    000000c0     drivers_cc32xx.aem4 : PowerCC32XX.oem4 (.text:restoreParkedPins)
                  2000faec    000000c0     simplelink.a : netcfg.obj (.text:sl_NetCfgGet)
                  2000fbac    000000bc                  : netapp.obj (.text:_SlNetAppSendResponse)
                  2000fc68    000000bc                  : sl_socket.obj (.text:sl_Send)
                  2000fd24    00000004     dpl_cc32xx.aem4 : HwiP_tirtos.oem4 (.text:HwiP_disable)
                  2000fd28    000000bc     sysbios.aem4 : BIOS.obj (.text:xdc_runtime_Core_createObject__I)
                  2000fde4    000000ba     drivers_cc32xx.aem4 : UARTCC32XX.oem4 (.text:UARTCC32XX_readPolling)
                  2000fe9e    00000002     release_pem4.oem4 (.text:ti_sysbios_BIOS_nullFunc__I)
                  2000fea0    000000b8     httpclient_release.a : httpclient.oem4 (.text:HTTPClient_readResponseBody)
                  2000ff58    000000b8     drivers_cc32xx.aem4 : PWMTimerCC32XX.oem4 (.text:PWMTimerCC32XX_setDuty)
                  20010010    000000b8     simplelink.a : netapp.obj (.text:_SlNetAppHandleAsync_DnsGetHostByName)
                  200100c8    000000b8                  : netapp.obj (.text:_SlNetAppHandleAsync_PingResponse)
                  20010180    000000b8     drivers_cc32xx.aem4 : UARTCC32XX.oem4 (.text:initHw)
                  20010238    000000b8     simplelink.a : wlan.obj (.text:sl_WlanGet)
                  200102f0    000000b8     sysbios.aem4 : BIOS.obj (.text:ti_sysbios_family_arm_m3_Hwi_Instance_init__E)
                  200103a8    000000b6     drivers_cc32xx.aem4 : UARTCC32XX.oem4 (.text:readTaskCallback)
                  2001045e    00000002     release_pem4.oem4 (.text:xdc_runtime_Startup_reset__I)
                  20010460    000000b4     dht22.obj (.text:DHT_read)
                  20010514    000000b4     simplelink.a : driver.obj (.text:_SlDrvHandleFatalError)
                  200105c8    000000b4                  : netutil.obj (.text:_SlNetUtilHandleAsync_Cmd)
                  2001067c    000000b4                  : sl_socket.obj (.text:sl_GetSockOpt)
                  20010730    000000b1     rtsv7M4_T_le_eabi.lib : _printfi.c.obj (.text:_ltostr)
                  200107e1    00000003     --HOLE-- [fill = 0]
                  200107e4    000000b0     slnetifwifi.a : slnetifwifi.obj (.text:SlNetIfWifi_getSockOpt)
                  20010894    000000ae                   : slnetifwifi.obj (.text:matchModeByRole)
                  20010942    000000ae     drivers_cc32xx.aem4 : UARTCC32XX.oem4 (.text:readIsrTextBlocking)
                  200109f0    000000ac     MHZ16.obj (.text:UART_CO2_init)
                  20010a9c    000000ac     simplelink.a : sl_socket.obj (.text:_SlSocketHandleAsync_Close)
                  20010b48    000000ac                  : sl_socket.obj (.text:_SlSocketHandleAsync_Connect)
                  20010bf4    000000ac     httpclient_release.a : httpclient.oem4 (.text:sendReqHeaders)
                  20010ca0    000000a8     driverlib.a : prcm.obj (.text:PRCMPeripheralClockGet)
                  20010d48    000000a8     drivers_cc32xx.aem4 : PowerCC32XX.oem4 (.text:PowerCC32XX_configureWakeup)
                  20010df0    000000a8                         : UARTCC32XX.oem4 (.text:readTaskBlocking)
                  20010e98    000000a8     simplelink.a : fs.obj (.text:sl_FsClose)
                  20010f40    000000a6                  : driver.obj (.text:_SlDrvIsTimeoutExpired)
                  20010fe6    00000002     --HOLE-- [fill = 0]
                  20010fe8    000000a4     drivers_cc32xx.aem4 : PWMTimerCC32XX.oem4 (.text:initHw)
                  2001108c    000000a4     simplelink.a : sl_socket.obj (.text:sl_Bind)
                  20011130    000000a4     sysbios.aem4 : BIOS.obj (.text:ti_sysbios_knl_Task_setPri__E)
                  200111d4    000000a2     drivers_cc32xx.aem4 : UARTCC32XX.oem4 (.text:readIsrTextCallback)
                  20011276    000000a2                         : UARTCC32XX.oem4 (.text:writeData)
                  20011318    000000a0     simplelink.a : fs.obj (.text:FsGetCreateFsMode)
                  200113b8    000000a0     IRBlaster.obj (.text:IR_Init)
                  20011458    000000a0     simplelink.a : sl_socket.obj (.text:_SlDrvUnRegisterForSelectAsync)
                  200114f8    000000a0                  : driver.obj (.text:_SlSpawnMsgListProcess)
                  20011598    000000a0     auto_init.aem4 : auto_init.oem4 (.text)
                  20011638    0000009e     simplelink.a : cc_pal.obj (.text:spi_Read)
                  200116d6    0000009e                  : cc_pal.obj (.text:spi_Write)
                  20011774    00000004     dpl_cc32xx.aem4 : HwiP_tirtos.oem4 (.text:HwiP_disableInterrupt)
                  20011778    0000009c     sysbios.aem4 : BIOS.obj (.text:_pthread_removeThreadKeys)
                  20011814    0000009c     rtsv7M4_T_le_eabi.lib : memcpy_t2.asm.obj (.text)
                  200118b0    00000098     httpclient_release.a : httpclient.oem4 (.text:HTTPClient_sendRequest)
                  20011948    00000098     drivers_cc32xx.aem4 : PWMTimerCC32XX.oem4 (.text:PWMTimerCC32XX_setPeriod)
                  200119e0    00000098                         : GPIOCC32XX.oem4 (.text:powerNotifyFxn)
                  20011a78    00000098     httpclient_release.a : httpclient.oem4 (.text:resHeaderNameToHash)
                  20011b10    00000096     rtsv7M4_T_le_eabi.lib : ull_div_t2.asm.obj (.text)
                  20011ba6    00000002     --HOLE-- [fill = 0]
                  20011ba8    00000094     simplelink.a : cc_pal.obj (.text:Semaphore_pend_handle)
                  20011c3c    00000094     drivers_cc32xx.aem4 : SPICC32XXDMA.oem4 (.text:initHw)
                  20011cd0    00000094     httpclient_release.a : httpclient.oem4 (.text:locationParser)
                  20011d64    00000004     dpl_cc32xx.aem4 : HwiP_tirtos.oem4 (.text:HwiP_enableInterrupt)
                  20011d68    00000094     sysbios.aem4 : BIOS.obj (.text:ti_sysbios_knl_Task_exit__E)
                  20011dfc    00000092     slnetsock_release.a : slnetsock.oem4 (.text:SlNetSock_create)
                  20011e8e    00000002     --HOLE-- [fill = 0]
                  20011e90    00000090     drivers_cc32xx.aem4 : CaptureCC32XX.oem4 (.text:CaptureCC32XX_hwiIntFunction)
                  20011f20    00000090     slnetsock_release.a : slnetsock.oem4 (.text:SlNetSock_getVirtualSdConf)
                  20011fb0    00000090     simplelink.a : device.obj (.text:_SlDeviceHandleAsync_Stop)
                  20012040    00000090                  : sl_socket.obj (.text:_SlSocketHandleAsync_Accept)
                  200120d0    00000090     drivers_cc32xx.aem4 : PowerCC32XX.oem4 (.text:restoreNVICRegs)
                  20012160    00000090     sysbios.aem4 : BIOS.obj (.text:ti_sysbios_knl_Task_Module_startup__E)
                  200121f0    0000008c     simplelink.a : driver.obj (.text:_SlDrvDriverIsApiAllowed)
                  2001227c    0000008c     rtsv7M4_T_le_eabi.lib : fputc.c.obj (.text:fputc)
                  20012308    0000008c     simplelink.a : sl_socket.obj (.text:sl_Recv)
                  20012394    00000004     drivers_cc32xx.aem4 : SPICC32XXDMA.oem4 (.text:SPICC32XXDMA_init)
                  20012398    0000008c     sysbios.aem4 : BIOS.obj (.text:xdc_runtime_Memory_alloc__E)
                  20012424    00000088     drivers_cc32xx.aem4 : PWMTimerCC32XX.oem4 (.text:PWMTimerCC32XX_close)
                  200124ac    00000088     driverlib.a : pin.obj (.text:PinConfigSet)
                  20012534    00000088     drivers_cc32xx.aem4 : TimerCC32XX.oem4 (.text:TimerCC32XX_setPeriod)
                  200125bc    00000088     simplelink.a : driver.obj (.text:_SlDrvProtectAsyncRespSetting)
                  20012644    00000088     httpclient_release.a : httpclient.oem4 (.text:createSecAttribs)
                  200126cc    00000088     PEMS.obj (.text:down_arrows)
                  20012754    00000088     httpclient_release.a : httpclient.oem4 (.text:readLine)
                  200127dc    00000088     simplelink.a : eventreg.obj (.text:sl_UnregisterLibsEventHandler)
                  20012864    00000004     dpl_cc32xx.aem4 : SemaphoreP_tirtos.oem4 (.text:SemaphoreP_post)
                  20012868    00000088     sysbios.aem4 : BIOS.obj (.text:ti_sysbios_family_arm_m3_Hwi_initNVIC__E)
                  200128f0    00000088     PEMS.obj (.text:up_arrows)
                  20012978    00000086     rtsv7M4_T_le_eabi.lib : fd_cmp_t2.asm.obj (.text:__aeabi_cdcmple)
                  200129fe    00000086                           : fd_cmp_t2.asm.obj (.text:__aeabi_cdrcmple)
                  20012a84    00000004     slnetsock_release.a : slnetif.oem4 (.text:SlNetIf_init)
                  20012a88    00000086     sysbios.aem4 : BIOS.obj (.text:xdc_runtime_Core_constructObject__I)
                  20012b0e    00000002     --HOLE-- [fill = 0]
                  20012b10    00000084     drivers_cc32xx.aem4 : PowerCC32XX.oem4 (.text:Power_init)
                  20012b94    00000084     slnetifwifi.a : slnetifwifi.obj (.text:SlNetIfWifi_sockstartSec)
                  20012c18    00000084     slnetsock_release.a : slnetutils.oem4 (.text:SlNetUtil_getHostByName)
                  20012c9c    00000084     lcd.obj (.text:lcd_byte)
                  20012d20    00000084     drivers_cc32xx.aem4 : PowerCC32XX.oem4 (.text:saveNVICRegs)
                  20012da4    00000084     simplelink.a : sl_socket.obj (.text:sl_SetSockOpt)
                  20012e28    00000084     sysbios.aem4 : BIOS.obj (.text:ti_sysbios_family_arm_m3_Hwi_postInit__I)
                  20012eac    00000004     slnetsock_release.a : slnetutils.oem4 (.text:SlNetUtil_init)
                  20012eb0    00000084     sysbios.aem4 : BIOS.obj (.text:ti_sysbios_heaps_HeapMem_free__E)
                  20012f34    00000080     drivers_cc32xx.aem4 : PowerCC32XX.oem4 (.text:Power_setDependency)
                  20012fb4    00000004     rtsv7M4_T_le_eabi.lib : printf.c.obj (.text:_outc)
                  20012fb8    00000080     sysbios.aem4 : BIOS.obj (.text:ti_sysbios_knl_Clock_workFunc__E)
                  20013038    00000080     IRBlaster.obj (.text:turn_AC_OFF)
                  200130b8    00000080     IRBlaster.obj (.text:turn_AC_ON)
                  20013138    0000007c     drivers_cc32xx.aem4 : CaptureCC32XX.oem4 (.text:CaptureCC32XX_start)
                  200131b4    0000007c     platform.obj (.text:Connect)
                  20013230    0000007c     drivers_cc32xx.aem4 : UDMACC32XX.oem4 (.text:UDMACC32XX_open)
                  200132ac    00000004     rtsv7M4_T_le_eabi.lib : printf.c.obj (.text:_outs)
                  200132b0    0000007c     sysbios.aem4 : BIOS.obj (.text:_pthread_abstime2ticks)
                  2001332c    0000007c     drivers_cc32xx.aem4 : UARTCC32XX.oem4 (.text:readIsrBinaryBlocking)
                  200133a8    0000007a     rtsv7M4_T_le_eabi.lib : memset_t2.asm.obj (.text)
                  20013422    00000002     --HOLE-- [fill = 0]
                  20013424    00000078     drivers_cc32xx.aem4 : GPIOCC32XX.oem4 (.text:GPIO_hwiIntFxn)
                  2001349c    00000078                         : TimerCC32XX.oem4 (.text:TimerCC32XX_start)
                  20013514    00000078                         : CaptureCC32XX.oem4 (.text:initHw)
                  2001358c    00000078                         : UARTCC32XX.oem4 (.text:readIsrBinaryCallback)
                  20013604    00000078     simplelink.a : sl_socket.obj (.text:sl_Socket)
                  2001367c    00000074     slnetsock_release.a : slnetsock.oem4 (.text:SlNetSock_AllocVirtualSocket)
                  200136f0    00000074     drivers_cc32xx.aem4 : UARTCC32XX.oem4 (.text:UARTCC32XX_hwiIntFxn)
                  20013764    00000074     rtsv7M4_T_le_eabi.lib : fclose.c.obj (.text:__TI_closefile)
                  200137d8    00000074     sysbios.aem4 : BIOS.obj (.text:xdc_runtime_Core_deleteObject__I)
                  2001384c    00000070     httpclient_release.a : httpclient.oem4 (.text:HTTPClient_disconnect)
                  200138bc    00000070     simplelink.a : driver.obj (.text:_SlDrvCmdSend_noLock)
                  2001392c    00000004     release_pem4.oem4 (.text:ti_sysbios_BIOS_RtsGateProxy_enter__E)
                  20013930    00000070     sysbios.aem4 : BIOS.obj (.text:acquireMutexNone$45)
                  200139a0    00000070                  : BIOS.obj (.text:ti_sysbios_heaps_HeapMem_initPrimary__I)
                  20013a10    0000006e     rtsv7M4_T_le_eabi.lib : _printfi.c.obj (.text:_mcpy)
                  20013a7e    00000002     --HOLE-- [fill = 0]
                  20013a80    0000006c     drivers_cc32xx.aem4 : CaptureCC32XX.oem4 (.text:CaptureCC32XX_close)
                  20013aec    0000006c     rtsv7M4_T_le_eabi.lib : hostrename.c.obj (.text:HOSTrename)
                  20013b58    0000006c     httpclient_release.a : httpclient.oem4 (.text:HTTPClient_getHeader)
                  20013bc4    0000006c     slnetsock_release.a : slnetutils.oem4 (.text:SlNetUtil_str2BinIpV4)
                  20013c30    0000006c     simplelink.a : device.obj (.text:_SlDeviceHandleResetRequestInternally)
                  20013c9c    0000006c                  : sl_socket.obj (.text:_SlDrvOpenCtrlSocket)
                  20013d08    0000006c                  : netapp.obj (.text:_SlNetAppSendTokenValue)
                  20013d74    0000006c     PEMS.obj (.text:cursor_moveto)
                  20013de0    0000006c     sysbios.aem4 : BIOS.obj (.text:ti_sysbios_knl_Swi_restoreHwi__E)
                  20013e4c    00000068     rtsv7M4_T_le_eabi.lib : hostlseek.c.obj (.text:HOSTlseek)
                  20013eb4    00000068     drivers_cc32xx.aem4 : PWMTimerCC32XX.oem4 (.text:PWMTimerCC32XX_start)
                  20013f1c    00000068     simplelink.a : driver.obj (.text:_SlSpawnMsgListGetCount)
                  20013f84    00000068     rtsv7M4_T_le_eabi.lib : copy_decompress_lzss.c.obj (.text:decompress:lzss:__TI_decompress_lzss)
                  20013fec    00000068                           : printf.c.obj (.text:printf)
                  20014054    00000004     release_pem4.oem4 (.text:ti_sysbios_BIOS_RtsGateProxy_leave__E)
                  20014058    00000068     sysbios.aem4 : BIOS.obj (.text:pthread_exit)
                  200140c0    00000068     simplelink.a : cc_pal.obj (.text:spi_Open)
                  20014128    00000066     drivers_cc32xx.aem4 : UARTCC32XX.oem4 (.text:UARTCC32XX_writeCancel)
                  2001418e    00000002     --HOLE-- [fill = 0]
                  20014190    00000064                         : PowerCC32XX.oem4 (.text:PowerCC32XX_setParkState)
                  200141f4    00000064     rtsv7M4_T_le_eabi.lib : fseek.c.obj (.text:fseek)
                  20014258    00000064     main_tirtos.obj (.text:main)
                  200142bc    00000004     release_pem4.oem4 (.text:ti_sysbios_family_arm_m3_Hwi_delete)
                  200142c0    00000064     sysbios.aem4 : BIOS.obj (.text:ti_sysbios_family_arm_m3_Hwi_dispatchC__I)
                  20014324    00000062     drivers_cc32xx.aem4 : UARTCC32XX.oem4 (.text:UARTCC32XX_writePolling)
                  20014386    00000062     rtsv7M4_T_le_eabi.lib : _io_perm.c.obj (.text:__TI_wrt_ok)
                  200143e8    00000060                           : hostopen.c.obj (.text:HOSTopen)
                  20014448    00000060     driverlib.a : prcm.obj (.text:PRCMSysResetCauseGet)
                  200144a8    00000060     sysbios.aem4 : BIOS.obj (.text:ti_sysbios_knl_Semaphore_post__E)
                  20014508    00000060                  : BIOS.obj (.text:ti_sysbios_knl_Swi_run__I)
                  20014568    0000005e     slnetifwifi.a : slnetifwifi.obj (.text:SlNetIfWifi_setSockOpt)
                  200145c6    00000002     --HOLE-- [fill = 0]
                  200145c8    0000005c     drivers_cc32xx.aem4 : CaptureCC32XX.oem4 (.text:CaptureCC32XX_stop)
                  20014624    0000005c                         : GPIOCC32XX.oem4 (.text:GPIO_setCallback)
                  20014680    0000005c     simplelink.a : spawn.obj (.text:_SlInternalSpawn)
                  200146dc    0000005c     rtsv7M4_T_le_eabi.lib : close.c.obj (.text:close)
                  20014738    0000005c                           : s_frexp.c.obj (.text:frexp)
                  20014794    0000005c     httpclient_release.a : httpclient.oem4 (.text:readRawResponseBody)
                  200147f0    0000005c     sysbios.aem4 : BIOS.obj (.text:ti_sysbios_family_arm_m3_Timer_start__E)
                  2001484c    00000004     release_pem4.oem4 (.text:ti_sysbios_family_arm_m3_TaskSupport_Module__startupDone__S)
                  20014850    0000005c     sysbios.aem4 : BIOS.obj (.text:ti_sysbios_knl_Swi_schedule__I)
                  200148ac    00000004     release_pem4.oem4 (.text:ti_sysbios_heaps_HeapMem_Module_GateProxy_enter__E)
                  200148b0    0000005c     sysbios.aem4 : BIOS.obj (.text:ti_sysbios_knl_Task_startCore__E)
                  2001490c    00000004     release_pem4.oem4 (.text:ti_sysbios_heaps_HeapMem_Module_GateProxy_leave__E)
                  20014910    0000005c     sysbios.aem4 : BIOS.obj (.text:xdc_runtime_Startup_exec__E)
                  2001496c    00000058     drivers_cc32xx.aem4 : GPIOCC32XX.oem4 (.text:GPIO_write)
                  200149c4    00000058     rtsv7M4_T_le_eabi.lib : hostread.c.obj (.text:HOSTread)
                  20014a1c    00000058                           : hostwrite.c.obj (.text:HOSTwrite)
                  20014a74    00000058     driverlib.a : prcm.obj (.text:PRCMPeripheralReset)
                  20014acc    00000058     drivers_cc32xx.aem4 : PowerCC32XX.oem4 (.text:Power_releaseDependency)
                  20014b24    00000058     slnetsock_release.a : slnetsock.oem4 (.text:SlNetSock_recv)
                  20014b7c    00000058                         : slnetsock.oem4 (.text:SlNetSock_send)
                  20014bd4    00000058     simplelink.a : sl_socket.obj (.text:_SlDrvClearCtrlSocket)
                  20014c2c    00000004     release_pem4.oem4 (.text:ti_sysbios_knl_Clock_TimerProxy_getMaxTicks__E)
                  20014c30    00000058     sysbios.aem4 : BIOS.obj (.text:pthread_mutex_init)
                  20014c88    00000058     simplelink.a : sl_socket.obj (.text:sl_Listen)
                  20014ce0    00000058                  : eventreg.obj (.text:sl_RegisterLibsEventHandler)
                  20014d38    00000058     sysbios.aem4 : BIOS.obj (.text:ti_sysbios_family_arm_cc32xx_Seconds_getCount__I)
                  20014d90    00000056     drivers_cc32xx.aem4 : TimerCC32XX.oem4 (.text:TimerCC32XX_stop)
                  20014de6    00000056     rtsv7M4_T_le_eabi.lib : _printfi.c.obj (.text:_pconv_f)
                  20014e3c    00000054     simplelink.a : driver.obj (.text:_SlDrvRxIrqHandler)
                  20014e90    00000054     rtsv7M4_T_le_eabi.lib : ltoa.c.obj (.text:ltoa)
                  20014ee4    00000054     drivers_cc32xx.aem4 : UARTCC32XX.oem4 (.text:ringBufGet)
                  20014f38    00000054     sysbios.aem4 : BIOS.obj (.text:ti_sysbios_family_arm_cc32xx_Seconds_getTime__E)
                  20014f8c    00000054     release_pem4.oem4 (.text:ti_sysbios_family_arm_m3_Hwi_create)
                  20014fe0    00000054     sysbios.aem4 : BIOS.obj (.text:ti_sysbios_family_arm_m3_Timer_setPeriod__E)
                  20015034    00000052     drivers_cc32xx.aem4 : PowerCC32XX_asm.oem4 (.text:PowerCC32XX_resumeLPDS)
                  20015086    00000052     rtsv7M4_T_le_eabi.lib : _printfi.c.obj (.text:_ecpy)
                  200150d8    00000052     drivers_cc32xx.aem4 : TimerCC32XX.oem4 (.text:initHw)
                  2001512a    00000002     --HOLE-- [fill = 0]
                  2001512c    00000050     dpl_cc32xx.aem4 : ClockP_tirtos.oem4 (.text:ClockP_create)
                  2001517c    00000050     simplelink.a : cc_pal.obj (.text:NwpRegisterInterruptHandler)
                  200151cc    00000050     slnetsock_release.a : slnetif.oem4 (.text:SlNetIf_queryIf)
                  2001521c    00000050     drivers_cc32xx.aem4 : TimerCC32XX.oem4 (.text:TimerCC32XX_allocateTimerResource)
                  2001526c    00000050     simplelink.a : sl_socket.obj (.text:_SlDrvCloseCtrlSocket)
                  200152bc    00000050                  : driver.obj (.text:_SlDrvCmdSend_noWait)
                  2001530c    00000050                  : driver.obj (.text:_SlDrvUpdateApiInProgress)
                  2001535c    00000050                  : spawn.obj (.text:_SlInternalSpawnTaskEntry)
                  200153ac    00000050                  : eventreg.obj (.text:_SlNetAppHttpServerHdlr)
                  200153fc    00000050                  : eventreg.obj (.text:_SlNetAppRequestHdlr)
                  2001544c    00000050     httpclient_release.a : httpclient.oem4 (.text:removeRequestHeader)
                  2001549c    00000004     release_pem4.oem4 (.text:ti_sysbios_knl_Clock_TimerProxy_setPeriodMicroSecs__E)
                  200154a0    00000050     sysbios.aem4 : BIOS.obj (.text:ti_sysbios_family_arm_m3_Hwi_Module_startup__E)
                  200154f0    00000050                  : BIOS.obj (.text:ti_sysbios_knl_Clock_Instance_init__E)
                  20015540    00000050     release_pem4.oem4 (.text:ti_sysbios_knl_Task_create)
                  20015590    0000004c     drivers_cc32xx.aem4 : GPIOCC32XX.oem4 (.text:GPIO_enableInt)
                  200155dc    0000004c     simplelink.a : cc_pal.obj (.text:NwpWaitForShutDownInd)
                  20015628    0000004c     drivers_cc32xx.aem4 : PowerCC32XX.oem4 (.text:PowerCC32XX_parkPin)
                  20015674    0000004c     slnetifwifi.a : slnetifwifi.obj (.text:SlNetIfWifi_getConnectionStatus)
                  200156c0    0000004c     slnetsock_release.a : slnetsock.oem4 (.text:SlNetSock_freeVirtualSocket)
                  2001570c    0000004c                         : slnetsock.oem4 (.text:SlNetSock_startSec)
                  20015758    0000004c     rtsv7M4_T_le_eabi.lib : fflush.c.obj (.text:__TI_doflush)
                  200157a4    0000004c                           : atoi.c.obj (.text:atoi)
                  200157f0    0000004c                           : cpy_tbl.c.obj (.text:copy_in)
                  2001583c    0000004c     drivers_cc32xx.aem4 : PWMTimerCC32XX.oem4 (.text:getDutyCounts)
                  20015888    0000004c                         : PWMTimerCC32XX.oem4 (.text:getPeriodCounts)
                  200158d4    0000004c     dht22.obj (.text:initCapture)
                  20015920    0000004c     MHZ16.obj (.text:readMHZ16)
                  2001596c    0000004c     drivers_cc32xx.aem4 : PowerCC32XX.oem4 (.text:restorePeriphClocks)
                  200159b8    0000004c     simplelink.a : wlan.obj (.text:sl_WlanSetMode)
                  20015a04    0000004c     sysbios.aem4 : m3_TaskSupport_asm.obj (.text:ti_sysbios_family_arm_m3_TaskSupport_buildTaskStack)
                  20015a50    0000004c                  : BIOS.obj (.text:ti_sysbios_heaps_HeapMem_getStats__E)
                  20015a9c    00000004     release_pem4.oem4 (.text:ti_sysbios_knl_Clock_TimerProxy_start__E)
                  20015aa0    0000004c     sysbios.aem4 : BIOS.obj (.text:ti_sysbios_knl_Swi_runLoop__I)
                  20015aec    00000004     release_pem4.oem4 (.text:ti_sysbios_knl_Clock_TimerProxy_stop__E)
                  20015af0    0000004c     sysbios.aem4 : BIOS.obj (.text:ti_sysbios_knl_Task_allBlockedFunction__I)
                  20015b3c    00000004     release_pem4.oem4 (.text:ti_sysbios_knl_Clock_delete)
                  20015b40    0000004c     sysbios.aem4 : BIOS.obj (.text:ti_sysbios_knl_Task_schedule__I)
                  20015b8c    00000048     driverlib.a : flash.obj (.text:FlashDisable)
                  20015bd4    00000048                 : prcm.obj (.text:PRCMLPDSEnter)
                  20015c1c    00000048                 : prcm.obj (.text:PRCMPeripheralClkEnable)
                  20015c64    00000048     drivers_cc32xx.aem4 : PowerCC32XX.oem4 (.text:Power_releaseConstraint)
                  20015cac    00000048     slnetsock_release.a : slnetsock.oem4 (.text:SlNetSock_connect)
                  20015cf4    00000048                         : slnetsock.oem4 (.text:SlNetSock_init)
                  20015d3c    00000048     simplelink.a : eventreg.obj (.text:_SlDeviceFatalErrorEvtHdlr)
                  20015d84    00000048                  : eventreg.obj (.text:_SlDeviceGeneralEvtHdlr)
                  20015dcc    00000048                  : driver.obj (.text:_SlDrvSyncObjWaitTimeout)
                  20015e14    00000048                  : eventreg.obj (.text:_SlNetAppEvtHdlr)
                  20015e5c    00000048                  : eventreg.obj (.text:_SlNetAppRequestMemFree)
                  20015ea4    00000048                  : eventreg.obj (.text:_SlSockEvtHdlr)
                  20015eec    00000048                  : eventreg.obj (.text:_SlWlanEvtHdlr)
                  20015f34    00000048     dht22.obj (.text:capture)
                  20015f7c    00000048     rtsv7M4_T_le_eabi.lib : fd_toi_t2.asm.obj (.text)
                  20015fc4    00000004     release_pem4.oem4 (.text:ti_sysbios_knl_Semaphore_delete)
                  20015fc8    00000048     sysbios.aem4 : BIOS.obj (.text:ti_sysbios_family_arm_m3_Hwi_disableInterrupt__E)
                  20016010    00000048                  : BIOS.obj (.text:ti_sysbios_family_arm_m3_Hwi_enableInterrupt__E)
                  20016058    00000048                  : m3_Hwi_asm_switch.obj (.text:ti_sysbios_family_arm_m3_Hwi_initStacks__E)
                  200160a0    00000048                  : BIOS.obj (.text:ti_sysbios_family_arm_m3_Timer_initDevice__I)
                  200160e8    00000048                  : BIOS.obj (.text:ti_sysbios_knl_Mailbox_Module_startup__E)
                  20016130    00000048                  : BIOS.obj (.text:xdc_runtime_Core_assignParams__I)
                  20016178    00000046     drivers_cc32xx.aem4 : RingBuf.oem4 (.text:RingBuf_put)
                  200161be    00000046                         : TimerCC32XX.oem4 (.text:getPrescaler)
                  20016204    00000044                         : Capture.oem4 (.text:Capture_init)
                  20016248    00000044     rtsv7M4_T_le_eabi.lib : hostclose.c.obj (.text:HOSTclose)
                  2001628c    00000044                           : hostunlink.c.obj (.text:HOSTunlink)
                  200162d0    00000044     httpclient_release.a : httpclient.oem4 (.text:HTTPClient_create)
                  20016314    00000044     driverlib.a : prcm.obj (.text:PRCMLPDSRestoreInfoSet)
                  20016358    00000044     drivers_cc32xx.aem4 : PWM.oem4 (.text:PWM_init)
                  2001639c    00000044                         : PowerCC32XX_asm.oem4 (.text:PowerCC32XX_enterLPDS)
                  200163e0    00000044                         : SPI.oem4 (.text:SPI_init)
                  20016424    00000044     slnetsock_release.a : slnetutils.oem4 (.text:SlNetUtil_strTok)
                  20016468    00000044     drivers_cc32xx.aem4 : Timer.oem4 (.text:Timer_init)
                  200164ac    00000044                         : UART.oem4 (.text:UART_init)
                  200164f0    00000044     IRBlaster.obj (.text:UNO)
                  20016534    00000044     boot.aem4 : boot.oem4 (.text)
                  20016578    00000044     rtsv7M4_T_le_eabi.lib : getdevice.c.obj (.text:getdevice)
                  200165bc    00000044                           : fd_tou_t2.asm.obj (.text)
                  20016600    00000044     sysbios.aem4 : BIOS.obj (.text:ti_sysbios_family_arm_m3_Hwi_getStackInfo__E)
                  20016644    00000004     release_pem4.oem4 (.text:ti_sysbios_knl_Task_delete)
                  20016648    00000044     sysbios.aem4 : BIOS.obj (.text:ti_sysbios_knl_Mailbox_postInit__I)
                  2001668c    00000004     release_pem4.oem4 (.text:xdc_runtime_System_Module_GateProxy_enter__E)
                  20016690    00000044     sysbios.aem4 : BIOS.obj (.text:ti_sysbios_knl_Swi_post__E)
                  200166d4    00000004     release_pem4.oem4 (.text:xdc_runtime_System_Module_GateProxy_leave__E)
                  200166d8    00000044     sysbios.aem4 : BIOS.obj (.text:xdc_runtime_System_atexit__E)
                  2001671c    00000042     httpclient_release.a : httpclient.oem4 (.text:initializeCB)
                  2001675e    00000002     --HOLE-- [fill = 0]
                  20016760    00000040     drivers_cc32xx.aem4 : Capture.oem4 (.text:Capture_open)
                  200167a0    00000040     simplelink.a : sl_socket.obj (.text:CountSetBits)
                  200167e0    00000040     dpl_cc32xx.aem4 : HwiP_tirtos.oem4 (.text:HwiP_create)
                  20016820    00000040     drivers_cc32xx.aem4 : PWM.oem4 (.text:PWM_open)
                  20016860    00000040     driverlib.a : pin.obj (.text:PinModeSet)
                  200168a0    00000040     drivers_cc32xx.aem4 : RingBuf.oem4 (.text:RingBuf_get)
                  200168e0    00000040                         : SPI.oem4 (.text:SPI_open)
                  20016920    00000040     slnetsock_release.a : slnetsock.oem4 (.text:SlNetSock_secAttribSet)
                  20016960    00000040     drivers_cc32xx.aem4 : Timer.oem4 (.text:Timer_open)
                  200169a0    00000040                         : UARTCC32XX.oem4 (.text:UARTCC32XX_read)
                  200169e0    00000040                         : UART.oem4 (.text:UART_open)
                  20016a20    00000040                         : UDMACC32XX.oem4 (.text:UDMACC32XX_init)
                  20016a60    00000040     simplelink.a : driver.obj (.text:_SlDrvGlobalObjUnLock)
                  20016aa0    00000040                  : driver.obj (.text:_SlFindAndReleasePendingCmd)
                  20016ae0    00000040                  : spawn.obj (.text:_SlInternalSpawnWaitForEvent)
                  20016b20    00000040                  : eventreg.obj (.text:_SlIsEventRegistered)
                  20016b60    00000040     httpclient_release.a : httpclient.oem4 (.text:clearReqHeaders)
                  20016ba0    00000040     rtsv7M4_T_le_eabi.lib : sprintf.c.obj (.text:sprintf)
                  20016be0    00000040     sysbios.aem4 : BIOS.obj (.text:ti_sysbios_heaps_HeapMem_Instance_init__E)
                  20016c20    00000040     rtsv7M4_T_le_eabi.lib : vsnprintf.c.obj (.text:vsnprintf)
                  20016c60    0000003e     slnetsock_release.a : slnetsock.oem4 (.text:SlNetSock_close)
                  20016c9e    0000003e     simplelink.a : sl_socket.obj (.text:_SlSocketBuildAddress)
                  20016cdc    0000003e     rtsv7M4_T_le_eabi.lib : _printfi.c.obj (.text:_fcpy)
                  20016d1a    00000006     drivers_cc32xx.aem4 : CaptureCC32XX.oem4 (.text:CaptureCC32XX_control)
                  20016d20    0000003e     sysbios.aem4 : BIOS.obj (.text:sem_timedwait)
                  20016d5e    00000002     --HOLE-- [fill = 0]
                  20016d60    0000003c     drivers_cc32xx.aem4 : PowerCC32XX.oem4 (.text:Power_setConstraint)
                  20016d9c    0000003c     dpl_cc32xx.aem4 : SemaphoreP_tirtos.oem4 (.text:SemaphoreP_create)
                  20016dd8    0000003c     simplelink.a : netapp.obj (.text:_SlNetAppCopyPingResultsToReport)
                  20016e14    00000004     --HOLE-- [fill = 0]
                  20016e18    0000003c     sysbios.aem4 : BIOS.obj (.text:pthread_mutex_unlock)
                  20016e54    00000004     --HOLE-- [fill = 0]
                  20016e58    0000003c                  : BIOS.obj (.text:sleep)
                  20016e94    00000004     --HOLE-- [fill = 0]
                  20016e98    0000003c                  : BIOS.obj (.text:ti_sysbios_family_arm_m3_Hwi_Instance_finalize__E)
                  20016ed4    00000004     --HOLE-- [fill = 0]
                  20016ed8    0000003c                  : BIOS.obj (.text:ti_sysbios_family_arm_m3_Timer_setPeriodMicroSecs__E)
                  20016f14    0000003c     release_pem4.oem4 (.text:ti_sysbios_knl_Clock_create)
                  20016f50    0000003c     sysbios.aem4 : BIOS.obj (.text:ti_sysbios_knl_Clock_walkQueuePeriodic__E)
                  20016f8c    00000004     --HOLE-- [fill = 0]
                  20016f90    0000003c                  : BIOS.obj (.text:ti_sysbios_knl_Swi_restore__E)
                  20016fcc    0000003c     simplelink.a : sl_socket.obj (.text:to_mSec)
                  20017008    0000003c     sysbios.aem4 : BIOS.obj (.text:usleep)
                  20017044    00000004     --HOLE-- [fill = 0]
                  20017048    0000003c                  : BIOS.obj (.text:xdc_runtime_System_processAtExit__E)
                  20017084    0000003a     slnetifwifi.a : slnetifwifi.obj (.text:SlNetIfWifi_getIPAddr)
                  200170be    0000003a     drivers_cc32xx.aem4 : TimerCC32XX.oem4 (.text:TimerCC32XX_close)
                  200170f8    0000003a     httpclient_release.a : httpclient.oem4 (.text:clearResponseValues)
                  20017132    0000003a     dpl_cc32xx.aem4 : PowerCC32XX_tirtos.oem4 (.text:getCountsRTC)
                  2001716c    0000003a     drivers_cc32xx.aem4 : CaptureCC32XX.oem4 (.text:getPowerMgrId)
                  200171a6    0000003a                         : PWMTimerCC32XX.oem4 (.text:getPowerMgrId)
                  200171e0    0000003a     httpclient_release.a : httpclient.oem4 (.text:stringncasecmp)
                  2001721a    00000002     --HOLE-- [fill = 0]
                  2001721c    00000038     drivers_cc32xx.aem4 : GPIOCC32XX.oem4 (.text:GPIO_read)
                  20017254    00000038     driverlib.a : prcm.obj (.text:PRCMLPDSEnterKeepDebugIf)
                  2001728c    00000038     slnetifwifi.a : slnetifwifi.obj (.text:SlNetIfWifi_recvFrom)
                  200172c4    00000038                   : slnetifwifi.obj (.text:SlNetIfWifi_sendTo)
                  200172fc    00000038                   : slnetifwifi.obj (.text:SlNetIfWifi_socket)
                  20017334    00000038     slnetsock_release.a : slnetif.oem4 (.text:SlNetIf_configCheck)
                  2001736c    00000038                         : slnetutils.oem4 (.text:SlNetUtil_htonl)
                  200173a4    00000038     rtsv7M4_T_le_eabi.lib : trgmsg.c.obj (.text:__TI_writemsg)
                  200173dc    00000038     drivers_cc32xx.aem4 : PowerCC32XX.oem4 (.text:notify)
                  20017414    00000038     platform.obj (.text:printError)
                  2001744c    00000038     httpclient_release.a : httpclient.oem4 (.text:stringcasecmp)
                  20017484    00000004     --HOLE-- [fill = 0]
                  20017488    00000038     sysbios.aem4 : BIOS.obj (.text:ti_sysbios_knl_Task_processVitalTaskFlag__I)
                  200174c0    00000036     slnetifwifi.a : slnetifwifi.obj (.text:SlNetIfWifi_getHostByName)
                  200174f6    00000036                   : slnetifwifi.obj (.text:SlNetIfWifi_select)
                  2001752c    00000036     drivers_cc32xx.aem4 : TimerCC32XX.oem4 (.text:TimerCC32XX_hwiIntFunction)
                  20017562    00000036     driverlib.a : timer.obj (.text:TimerControlStall)
                  20017598    00000036     drivers_cc32xx.aem4 : UARTCC32XX.oem4 (.text:UARTCC32XX_readCancel)
                  200175ce    00000036     rtsv7M4_T_le_eabi.lib : strncpy.c.obj (.text:strncpy)
                  20017604    00000034     IRBlaster.obj (.text:COMENZAR)
                  20017638    00000034     dht22.obj (.text:CtoF)
                  2001766c    00000034     driverlib.a : pin.obj (.text:PinModeGet)
                  200176a0    00000034     drivers_cc32xx.aem4 : PowerCC32XX.oem4 (.text:PowerCC32XX_restoreParkState)
                  200176d4    00000034     slnetsock_release.a : slnetutils.oem4 (.text:SlNetUtil_htons)
                  20017708    00000034     drivers_cc32xx.aem4 : TimerCC32XX.oem4 (.text:TimerCC32XX_freeTimerResource)
                  2001773c    00000034                         : UDMACC32XX.oem4 (.text:UDMACC32XX_close)
                  20017770    00000034     IRBlaster.obj (.text:ZERO)
                  200177a4    00000034     rtsv7M4_T_le_eabi.lib : fopen.c.obj (.text:__TI_cleanup)
                  200177d8    00000034                           : trgmsg.c.obj (.text:__TI_readmsg)
                  2001780c    00000004     --HOLE-- [fill = 0]
                  20017810    00000034     sysbios.aem4 : BIOS.obj (.text:_pthread_delete$41)
                  20017844    00000034     drivers_cc32xx.aem4 : TimerCC32XX.oem4 (.text:getPowerMgrId)
                  20017878    00000034     rtsv7M4_T_le_eabi.lib : strstr.c.obj (.text:strstr)
                  200178ac    00000004     --HOLE-- [fill = 0]
                  200178b0    00000034     sysbios.aem4 : BIOS.obj (.text:ti_sysbios_family_arm_m3_Timer_periodicStub__I)
                  200178e4    00000034     release_pem4.oem4 (.text:ti_sysbios_knl_Semaphore_create)
                  20017918    00000032     sysbios.aem4 : BIOS.obj (.text:ti_sysbios_hal_Hwi_initStack)
                  2001794a    00000030     drivers_cc32xx.aem4 : PowerCC32XX.oem4 (.text:PowerCC32XX_restoreParkedPin)
                  2001797a    00000002     --HOLE-- [fill = 0]
                  2001797c    00000030     driverlib.a : timer.obj (.text:TimerControlEvent)
                  200179ac    00000030     simplelink.a : fs.obj (.text:_SlFsStrlen)
                  200179dc    00000030     rtsv7M4_T_le_eabi.lib : vsnprintf.c.obj (.text:_outs)
                  20017a0c    00000030                           : getdevice.c.obj (.text:finddevice)
                  20017a3c    00000030     release_pem4.oem4 (.text:ti_sysbios_BIOS_atExitFunc__I)
                  20017a6c    00000030     release_pem4.oem4 (.text:ti_sysbios_BIOS_startFunc__I)
                  20017a9c    00000004     --HOLE-- [fill = 0]
                  20017aa0    00000030     sysbios.aem4 : BIOS.obj (.text:ti_sysbios_family_arm_m3_TaskSupport_start__E)
                  20017ad0    00000030     release_pem4.oem4 (.text:ti_sysbios_gates_GateHwi_Object__create__S)
                  20017b00    00000030     release_pem4.oem4 (.text:ti_sysbios_gates_GateMutex_Object__create__S)
                  20017b30    00000030     sysbios.aem4 : BIOS.obj (.text:ti_sysbios_gates_GateMutex_enter__E)
                  20017b60    00000030     release_pem4.oem4 (.text:ti_sysbios_heaps_HeapMem_Object__create__S)
                  20017b90    00000030     release_pem4.oem4 (.text:ti_sysbios_knl_Semaphore_construct)
                  20017bc0    00000030     sysbios.aem4 : BIOS.obj (.text:ti_sysbios_knl_Semaphore_pendTimeout__I)
                  20017bf0    00000030                  : BIOS.obj (.text:ti_sysbios_knl_Task_restore__E)
                  20017c20    00000030                  : BIOS.obj (.text:ti_sysbios_knl_Task_unblockI__E)
                  20017c50    0000002e     simplelink.a : cc_pal.obj (.text:Mutex_create_handle)
                  20017c7e    0000002e     rtsv7M4_T_le_eabi.lib : i_tofd_t2.asm.obj (.text)
                  20017cac    0000002e     release_pem4.oem4 (.text:ti_sysbios_rts_MemAlloc_alloc)
                  20017cda    0000002c     httpclient_release.a : httpclient.oem4 (.text:HTTPClient_destroy)
                  20017d06    00000002     --HOLE-- [fill = 0]
                  20017d08    0000002c     simplelink.a : cc_pal.obj (.text:NwpPowerOn)
                  20017d34    0000002c     drivers_cc32xx.aem4 : PowerCC32XX.oem4 (.text:PowerCC32XX_getParkState)
                  20017d60    0000002c     dpl_cc32xx.aem4 : SemaphoreP_tirtos.oem4 (.text:SemaphoreP_createBinary)
                  20017d8c    0000002c     slnetifwifi.a : slnetifwifi.obj (.text:SlNetIfWifi_recv)
                  20017db8    0000002c                   : slnetifwifi.obj (.text:SlNetIfWifi_send)
                  20017de4    0000002c     simplelink.a : driver.obj (.text:_SlDrvSyncObjWaitForever)
                  20017e10    0000002c     sysbios.aem4 : BIOS.obj (.text:_pthread_cleanupFxn)
                  20017e3c    00000004     --HOLE-- [fill = 0]
                  20017e40    0000002c                  : BIOS.obj (.text:clockFxn$39)
                  20017e6c    00000004     --HOLE-- [fill = 0]
                  20017e70    0000002c                  : BIOS.obj (.text:getTime$20)
                  20017e9c    0000002c     lcd.obj (.text:lcd_character)
                  20017ec8    0000002c     lcd.obj (.text:lcd_command)
                  20017ef4    0000002c     lcd.obj (.text:lcd_string)
                  20017f20    0000002c     rtsv7M4_T_le_eabi.lib : strncmp.c.obj (.text:strncmp)
                  20017f4c    0000002c     release_pem4.oem4 (.text:ti_sysbios_gates_GateHwi_Handle__label__S)
                  20017f78    0000002c     release_pem4.oem4 (.text:ti_sysbios_gates_GateMutex_Handle__label__S)
                  20017fa4    0000002c     release_pem4.oem4 (.text:ti_sysbios_heaps_HeapMem_Handle__label__S)
                  20017fd0    0000002c     release_pem4.oem4 (.text:ti_sysbios_knl_Clock_doTick__I)
                  20017ffc    0000002c     release_pem4.oem4 (.text:ti_sysbios_knl_Queue_construct)
                  20018028    0000002c     rtsv7M4_T_le_eabi.lib : unlink.c.obj (.text:unlink)
                  20018054    0000002a     slnetsock_release.a : slnetutils.oem4 (.text:SlNetUtil_inetPton)
                  2001807e    0000002a     driverlib.a : timer.obj (.text:TimerLoadSet)
                  200180a8    0000002a                 : timer.obj (.text:TimerPrescaleSet)
                  200180d2    0000002a     release_pem4.oem4 (.text:calloc)
                  200180fc    00000004     --HOLE-- [fill = 0]
                  20018100    0000002a     sysbios.aem4 : BIOS.obj (.text:sem_init)
                  2001812a    00000002     --HOLE-- [fill = 0]
                  2001812c    00000028     dht22.obj (.text:DHT_begin)
                  20018154    00000028     driverlib.a : prcm.obj (.text:PRCMPeripheralClkDisable)
                  2001817c    00000028     dpl_cc32xx.aem4 : PowerCC32XX_tirtos.oem4 (.text:PowerCC32XX_initPolicy)
                  200181a4    00000028     drivers_cc32xx.aem4 : PowerCC32XX.oem4 (.text:Power_registerNotify)
                  200181cc    00000028     slnetsock_release.a : slnetif.oem4 (.text:SlNetIf_getIfByID)
                  200181f4    00000028                         : slnetsock.oem4 (.text:SlNetSock_secAttribDelete)
                  2001821c    00000028     simplelink.a : driver.obj (.text:_SlDrvProtectionObjLockWaitForever)
                  20018244    00000028                  : driver.obj (.text:_SlDrvProtectionObjUnLock)
                  2001826c    00000028                  : flowcont.obj (.text:_SlFlowContSet)
                  20018294    00000028     rtsv7M4_T_le_eabi.lib : lseek.c.obj (.text:lseek)
                  200182bc    00000028     sysbios.aem4 : m3_Hwi_asm.obj (.text:ti_sysbios_family_arm_m3_Hwi_excHandlerAsm__I)
                  200182e4    00000004     --HOLE-- [fill = 0]
                  200182e8    00000028                  : BIOS.obj (.text:ti_sysbios_knl_Clock_addI__E)
                  20018310    00000028                  : BIOS.obj (.text:ti_sysbios_knl_Swi_Module_startup__E)
                  20018338    00000028     rtsv7M4_T_le_eabi.lib : write.c.obj (.text:write)
                  20018360    00000026     drivers_cc32xx.aem4 : List.oem4 (.text:List_put)
                  20018386    00000026                         : List.oem4 (.text:List_remove)
                  200183ac    00000024                         : PowerCC32XX.oem4 (.text:PowerCC32XX_reset)
                  200183d0    00000024     slnetsock_release.a : slnetif.oem4 (.text:SlNetIf_getConnectionStatus)
                  200183f4    00000024                         : slnetsock.oem4 (.text:SlNetSock_getIfID)
                  20018418    00000024     simplelink.a : driver.obj (.text:_SlDrvIsApiInProgress)
                  2001843c    00000024                  : driver.obj (.text:_SlDrvStartMeasureTimeout)
                  20018460    00000024     sysbios.aem4 : BIOS.obj (.text:pthread_attr_init)
                  20018484    00000024     release_pem4.oem4 (.text:ti_sysbios_BIOS_registerRTSLock__I)
                  200184a8    00000024     release_pem4.oem4 (.text:ti_sysbios_BIOS_removeRTSLock__I)
                  200184cc    00000004     --HOLE-- [fill = 0]
                  200184d0    00000024     sysbios.aem4 : BIOS.obj (.text:ti_sysbios_family_arm_m3_Timer_postInit__I)
                  200184f4    00000004     --HOLE-- [fill = 0]
                  200184f8    00000024                  : BIOS.obj (.text:ti_sysbios_family_arm_m3_Timer_startup__E)
                  2001851c    00000024     release_pem4.oem4 (.text:ti_sysbios_gates_GateMutex_Object__delete__S)
                  20018540    00000024     sysbios.aem4 : BIOS.obj (.text:ti_sysbios_knl_Clock_Module_startup__E)
                  20018564    00000024     release_pem4.oem4 (.text:ti_sysbios_knl_Clock_Object__delete__S)
                  20018588    00000024     sysbios.aem4 : BIOS.obj (.text:ti_sysbios_knl_Clock_start__E)
                  200185ac    00000004     --HOLE-- [fill = 0]
                  200185b0    00000024                  : BIOS.obj (.text:ti_sysbios_knl_Semaphore_Instance_init__E)
                  200185d4    00000024     release_pem4.oem4 (.text:ti_sysbios_knl_Semaphore_Object__delete__S)
                  200185f8    00000024     sysbios.aem4 : BIOS.obj (.text:ti_sysbios_knl_Task_restoreHwi__E)
                  2001861c    00000004     --HOLE-- [fill = 0]
                  20018620    00000024                  : BIOS.obj (.text:xdc_runtime_Error_policyMin__E)
                  20018644    00000022     driverlib.a : timer.obj (.text:TimerValueSet)
                  20018666    00000002     --HOLE-- [fill = 0]
                  20018668    00000020     drivers_cc32xx.aem4 : PowerCC32XX.oem4 (.text:Power_unregisterNotify)
                  20018688    00000020                         : RingBuf.oem4 (.text:RingBuf_peek)
                  200186a8    00000020     slnetifwifi.a : slnetifwifi.obj (.text:SlNetIfWifi_accept)
                  200186c8    00000020     drivers_cc32xx.aem4 : SPICC32XXDMA.oem4 (.text:getPowerMgrId)
                  200186e8    00000020                         : UARTCC32XX.oem4 (.text:getPowerMgrId)
                  20018708    00000020     rtsv7M4_T_le_eabi.lib : memchr.c.obj (.text:memchr)
                  20018728    00000020                           : u_tofd_t2.asm.obj (.text)
                  20018748    00000020     release_pem4.oem4 (.text:ti_sysbios_BIOS_rtsLock__I)
                  20018768    00000020     release_pem4.oem4 (.text:ti_sysbios_family_arm_m3_Hwi_Object__delete__S)
                  20018788    00000020     sysbios.aem4 : BIOS.obj (.text:ti_sysbios_family_arm_m3_Hwi_clearInterrupt__E)
                  200187a8    00000020     release_pem4.oem4 (.text:ti_sysbios_gates_GateHwi_Object__delete__S)
                  200187c8    00000020     release_pem4.oem4 (.text:ti_sysbios_heaps_HeapMem_Object__delete__S)
                  200187e8    00000020     sysbios.aem4 : BIOS.obj (.text:ti_sysbios_knl_Idle_run__E)
                  20018808    00000020     release_pem4.oem4 (.text:ti_sysbios_knl_Semaphore_destruct)
                  20018828    00000020     release_pem4.oem4 (.text:ti_sysbios_knl_Task_Object__delete__S)
                  20018848    0000001e     slnetifwifi.a : slnetifwifi.obj (.text:SlNetIfWifi_bind)
                  20018866    0000001e                   : slnetifwifi.obj (.text:SlNetIfWifi_connect)
                  20018884    0000001e     driverlib.a : timer.obj (.text:TimerDisable)
                  200188a2    0000001e                 : timer.obj (.text:TimerEnable)
                  200188c0    0000001e     simplelink.a : driver.obj (.text:_SlDrvObjLockWaitForever)
                  200188de    0000001e                  : driver.obj (.text:_SlDrvObjUnLock)
                  200188fc    0000001e                  : driver.obj (.text:_SlDrvSyncObjSignal)
                  2001891a    0000001e     drivers_cc32xx.aem4 : UDMACC32XX.oem4 (.text:postNotifyFxn)
                  20018938    0000001e     httpclient_release.a : httpclient.oem4 (.text:searchRequestHeader)
                  20018956    0000001e     rtsv7M4_T_le_eabi.lib : strcat.c.obj (.text:strcat)
                  20018974    0000001e     sysbios.aem4 : m3_Hwi_asm_switch.obj (.text:ti_sysbios_family_xxx_Hwi_switchAndRunFunc)
                  20018992    00000002     --HOLE-- [fill = 0]
                  20018994    0000001c     driverlib.a : pin.obj (.text:PinToPadGet)
                  200189b0    0000001c                 : timer.obj (.text:TimerValueGet)
                  200189cc    0000001c     simplelink.a : device.obj (.text:_SlDeviceGetStartResponseConvert)
                  200189e8    0000001c                  : spawn.obj (.text:_SlInternalIsItSpawnThread)
                  20018a04    0000001c     rtsv7M4_T_le_eabi.lib : memccpy.c.obj (.text:memccpy)
                  20018a20    0000001c     sysbios.aem4 : BIOS.obj (.text:ti_sysbios_family_arm_m3_Hwi_excHandler__I)
                  20018a3c    00000004     --HOLE-- [fill = 0]
                  20018a40    0000001c                  : BIOS.obj (.text:ti_sysbios_family_arm_m3_Timer_Module_startup__E)
                  20018a5c    00000004     --HOLE-- [fill = 0]
                  20018a60    0000001c                  : BIOS.obj (.text:ti_sysbios_family_arm_m3_Timer_stop__E)
                  20018a7c    00000004     --HOLE-- [fill = 0]
                  20018a80    0000001c                  : BIOS.obj (.text:ti_sysbios_gates_GateMutex_Instance_init__E)
                  20018a9c    00000004     --HOLE-- [fill = 0]
                  20018aa0    0000001c                  : BIOS.obj (.text:ti_sysbios_knl_Clock_Instance_finalize__E)
                  20018abc    0000001c     release_pem4.oem4 (.text:ti_sysbios_knl_Queue_destruct)
                  20018ad8    0000001c     sysbios.aem4 : BIOS.obj (.text:ti_sysbios_knl_Queue_put__E)
                  20018af4    00000004     --HOLE-- [fill = 0]
                  20018af8    0000001c                  : BIOS.obj (.text:ti_sysbios_knl_Task_enter__I)
                  20018b14    00000004     --HOLE-- [fill = 0]
                  20018b18    0000001c                  : BIOS.obj (.text:ti_sysbios_rts_ti_ReentSupport_getReent__F)
                  20018b34    0000001c     httpclient_release.a : httpclient.oem4 (.text:validateResponseHeader)
                  20018b50    0000001a     slnetifwifi.a : slnetifwifi.obj (.text:SlNetIfWifi_listen)
                  20018b6a    0000001a     release_pem4.oem4 (.text:free)
                  20018b84    0000001a     sysbios.aem4 : m3_Hwi_asm.obj (.text:ti_sysbios_family_arm_m3_Hwi_pendSV__I)
                  20018b9e    00000002     --HOLE-- [fill = 0]
                  20018ba0    00000018     drivers_cc32xx.aem4 : PowerCC32XX.oem4 (.text:Power_idleFunc)
                  20018bb8    00000018                         : TimerCC32XX.oem4 (.text:TimerCC32XX_getCount)
                  20018bd0    00000018     driverlib.a : timer.obj (.text:TimerIntDisable)
                  20018be8    00000018                 : timer.obj (.text:TimerIntEnable)
                  20018c00    00000018                 : uart.obj (.text:UARTBusy)
                  20018c18    00000018                 : uart.obj (.text:UARTIntEnable)
                  20018c30    00000018     drivers_cc32xx.aem4 : UART.oem4 (.text:UART_Params_init)
                  20018c48    00000018     rtsv7M4_T_le_eabi.lib : args_main.c.obj (.text:_args_main)
                  20018c60    00000018                           : vsnprintf.c.obj (.text:_outc)
                  20018c78    00000018                           : sprintf.c.obj (.text:_outs)
                  20018c90    00000018     httpclient_release.a : httpclient.oem4 (.text:countChar)
                  20018ca8    00000018     dht22.obj (.text:restartCapture)
                  20018cc0    00000018     rtsv7M4_T_le_eabi.lib : ll_mul_t2.asm.obj (.text)
                  20018cd8    00000018                           : strcmp.c.obj (.text:strcmp)
                  20018cf0    00000018     release_pem4.oem4 (.text:ti_sysbios_BIOS_rtsUnlock__I)
                  20018d08    00000018     release_pem4.oem4 (.text:ti_sysbios_family_arm_m3_Hwi_Module__startupDone__F)
                  20018d20    00000018     release_pem4.oem4 (.text:ti_sysbios_family_arm_m3_Timer_Module__startupDone__F)
                  20018d38    00000018     sysbios.aem4 : BIOS.obj (.text:ti_sysbios_gates_GateMutex_leave__E)
                  20018d50    00000018                  : BIOS.obj (.text:ti_sysbios_knl_Task_sleepTimeout__I)
                  20018d68    00000018     release_pem4.oem4 (.text:ti_sysbios_rts_ti_ReentSupport_getTlsAddr__I)
                  20018d80    00000018     PEMS.obj (.text:timer_callback)
                  20018d98    00000018     sysbios.aem4 : BIOS.obj (.text:xdc_runtime_Error_init__E)
                  20018db0    00000018                  : BIOS.obj (.text:xdc_runtime_System_exit__E)
                  20018dc8    00000016     driverlib.a : prcm.obj (.text:PRCMHIBRegRead)
                  20018dde    00000016                 : prcm.obj (.text:PRCMHIBRegWrite)
                  20018df4    00000016     simplelink.a : driver.obj (.text:_SlDrvMemZero)
                  20018e0a    00000016     httpclient_release.a : httpclient.oem4 (.text:clearNonPersistResponseFilter)
                  20018e20    00000016     MHZ16.obj (.text:getPPM)
                  20018e36    00000002     --HOLE-- [fill = 0]
                  20018e38    00000016     sysbios.aem4 : BIOS.obj (.text:pthread_mutex_destroy)
                  20018e4e    00000016     rtsv7M4_T_le_eabi.lib : strchr.c.obj (.text:strchr)
                  20018e64    00000016     release_pem4.oem4 (.text:ti_sysbios_BIOS_exitFunc__I)
                  20018e7a    00000002     --HOLE-- [fill = 0]
                  20018e7c    00000014     drivers_cc32xx.aem4 : PWM.oem4 (.text:PWM_Params_init)
                  20018e90    00000014                         : PowerCC32XX.oem4 (.text:Power_getDependencyCount)
                  20018ea4    00000014                         : SPI.oem4 (.text:SPI_Params_init)
                  20018eb8    00000014     sysbios.aem4 : BIOS.obj (.text:pthread_attr_setschedparam)
                  20018ecc    00000014     drivers_cc32xx.aem4 : UARTCC32XX.oem4 (.text:releasePowerConstraint)
                  20018ee0    00000014     rtsv7M4_T_le_eabi.lib : strcpy.c.obj (.text:strcpy)
                  20018ef4    00000014                           : strlen.c.obj (.text:strlen)
                  20018f08    00000014     release_pem4.oem4 (.text:ti_sysbios_family_arm_m3_Hwi_Object__get__S)
                  20018f1c    00000004     --HOLE-- [fill = 0]
                  20018f20    00000014     sysbios.aem4 : BIOS.obj (.text:ti_sysbios_family_arm_m3_Hwi_switchFromBootStack__E)
                  20018f34    00000014     release_pem4.oem4 (.text:ti_sysbios_heaps_HeapMem_Object__get__S)
                  20018f48    00000014     sysbios.aem4 : BIOS.obj (.text:ti_sysbios_knl_Clock_tickReconfig__E)
                  20018f5c    00000014     release_pem4.oem4 (.text:ti_sysbios_knl_Swi_Object__get__S)
                  20018f70    00000014     IRBlaster.obj (.text:timerCallback)
                  20018f84    00000012     drivers_cc32xx.aem4 : RingBuf.oem4 (.text:RingBuf_construct)
                  20018f96    00000012     dpl_cc32xx.aem4 : SemaphoreP_tirtos.oem4 (.text:SemaphoreP_pend)
                  20018fa8    00000012     slnetifwifi.a : slnetifwifi.obj (.text:SlNetIfWifi_close)
                  20018fba    00000012     driverlib.a : timer.obj (.text:TimerIntClear)
                  20018fcc    00000004     --HOLE-- [fill = 0]
                  20018fd0    00000012     sysbios.aem4 : BIOS.obj (.text:_pthread_runStub$41)
                  20018fe2    00000012     drivers_cc32xx.aem4 : PWMTimerCC32XX.oem4 (.text:postNotifyFxn)
                  20018ff4    00000004     --HOLE-- [fill = 0]
                  20018ff8    00000012     sysbios.aem4 : BIOS.obj (.text:ti_sysbios_hal_Hwi_Module_startup__E)
                  2001900a    00000012     rtsv7M4_T_le_eabi.lib : wcslen.c.obj (.text:wcslen)
                  2001901c    00000012     release_pem4.oem4 (.text:xdc_runtime_Startup_exec__I)
                  2001902e    00000010     ti_drivers_config.obj (.text:Board_init)
                  2001903e    00000002     --HOLE-- [fill = 0]
                  20019040    00000010     drivers_cc32xx.aem4 : Capture.oem4 (.text:Capture_Params_init)
                  20019050    00000010     dpl_cc32xx.aem4 : HwiP_tirtos.oem4 (.text:HwiP_Params_init)
                  20019060    00000010     slnetsock_release.a : slnetsock.oem4 (.text:SlNetSock_secAttribCreate)
                  20019070    00000010     drivers_cc32xx.aem4 : Timer.oem4 (.text:Timer_Params_init)
                  20019080    00000010     simplelink.a : driver.obj (.text:_SlDrvDispatchHttpServerEvents)
                  20019090    00000010                  : driver.obj (.text:_SlDrvDispatchNetAppRequestEvents)
                  200190a0    00000010                  : driver.obj (.text:_SlDrvIsSpawnOwnGlobalLock)
                  200190b0    00000010     ti_drivers_config.obj (.text:dmaErrorFxn)
                  200190c0    00000010     sysbios.aem4 : BIOS.obj (.text:pthread_mutexattr_init)
                  200190d0    00000010                  : BIOS.obj (.text:pthread_mutexattr_settype)
                  200190e0    00000010     drivers_cc32xx.aem4 : UARTCC32XX.oem4 (.text:readBlockingTimeout)
                  200190f0    00000010     httpclient_release.a : httpclient.oem4 (.text:skipWhiteSpace)
                  20019100    00000010     sysbios.aem4 : BIOS.obj (.text:ti_sysbios_BIOS_getCpuFreq__E)
                  20019110    00000010                  : BIOS.obj (.text:ti_sysbios_BIOS_setThreadType__E)
                  20019120    00000010                  : BIOS.obj (.text:ti_sysbios_BIOS_start__E)
                  20019130    00000010                  : m3_TaskSupport_asm.obj (.text:ti_sysbios_family_arm_m3_TaskSupport_glue)
                  20019140    00000010                  : m3_TaskSupport_asm.obj (.text:ti_sysbios_family_arm_m3_TaskSupport_swap__E)
                  20019150    00000010                  : BIOS.obj (.text:ti_sysbios_gates_GateMutex_Instance_finalize__E)
                  20019160    00000010     release_pem4.oem4 (.text:ti_sysbios_knl_Mailbox_Object__get__S)
                  20019170    00000010     sysbios.aem4 : BIOS.obj (.text:ti_sysbios_knl_Semaphore_Instance_finalize__E)
                  20019180    00000010                  : BIOS.obj (.text:ti_sysbios_knl_Swi_disable__E)
                  20019190    00000010     release_pem4.oem4 (.text:ti_sysbios_knl_Task_Object__get__S)
                  200191a0    00000010     sysbios.aem4 : BIOS.obj (.text:ti_sysbios_knl_Task_disable__E)
                  200191b0    00000010                  : BIOS.obj (.text:xdc_runtime_Memory_free__E)
                  200191c0    00000010                  : BIOS.obj (.text:xdc_runtime_SysCallback_abort__E)
                  200191d0    00000010                  : BIOS.obj (.text:xdc_runtime_SysCallback_exit__E)
                  200191e0    0000000e     drivers_cc32xx.aem4 : RingBuf.oem4 (.text:RingBuf_isFull)
                  200191ee    0000000e     simplelink.a : driver.obj (.text:_SlDrvResetCmdExt)
                  200191fc    0000000e     rtsv7M4_T_le_eabi.lib : copy_decompress_none.c.obj (.text:decompress:none:__TI_decompress_none)
                  2001920a    0000000e     drivers_cc32xx.aem4 : SPICC32XXDMA.oem4 (.text:postNotifyFxn)
                  20019218    0000000e     sysbios.aem4 : BIOS.obj (.text:pthread_attr_setdetachstate)
                  20019226    00000002     --HOLE-- [fill = 0]
                  20019228    0000000e                  : BIOS.obj (.text:sem_wait)
                  20019236    0000000e     simplelink.a : cc_pal.obj (.text:spi_Close)
                  20019244    00000004     --HOLE-- [fill = 0]
                  20019248    0000000e     sysbios.aem4 : BIOS.obj (.text:ti_sysbios_knl_Idle_loop__E)
                  20019256    00000002     --HOLE-- [fill = 0]
                  20019258    0000000e                  : BIOS.obj (.text:ti_sysbios_knl_Queue_empty__E)
                  20019266    0000000c     dpl_cc32xx.aem4 : ClockP_tirtos.oem4 (.text:ClockP_delete)
                  20019272    00000002     --HOLE-- [fill = 0]
                  20019274    0000000c                     : ClockP_tirtos.oem4 (.text:ClockP_getSystemTickPeriod)
                  20019280    0000000c                     : HwiP_tirtos.oem4 (.text:HwiP_delete)
                  2001928c    0000000c     simplelink.a : cc_pal.obj (.text:NwpMaskInterrupt)
                  20019298    0000000c                  : cc_pal.obj (.text:NwpUnMaskInterrupt)
                  200192a4    0000000c     drivers_cc32xx.aem4 : PowerCC32XX.oem4 (.text:Power_getConstraintMask)
                  200192b0    0000000c     dpl_cc32xx.aem4 : SemaphoreP_tirtos.oem4 (.text:SemaphoreP_delete)
                  200192bc    0000000c     platform.obj (.text:SimpleLinkHttpServerEventHandler)
                  200192c8    0000000c     platform.obj (.text:SimpleLinkNetAppRequestEventHandler)
                  200192d4    0000000c     simplelink.a : device.obj (.text:_SlDeviceResetRequestInitCompletedCB)
                  200192e0    0000000c     rtsv7M4_T_le_eabi.lib : _lock.c.obj (.text:_register_lock)
                  200192ec    0000000c                           : _lock.c.obj (.text:_register_unlock)
                  200192f8    0000000c                           : s_copysign.c.obj (.text:copysign)
                  20019304    0000000c                           : copy_zero_init.c.obj (.text:decompress:ZI:__TI_zero_init)
                  20019310    0000000c     drivers_cc32xx.aem4 : CaptureCC32XX.oem4 (.text:postNotifyFxn)
                  2001931c    0000000c                         : TimerCC32XX.oem4 (.text:postNotifyFxn)
                  20019328    0000000c                         : UARTCC32XX.oem4 (.text:postNotifyFxn)
                  20019334    00000004     --HOLE-- [fill = 0]
                  20019338    0000000c     sysbios.aem4 : BIOS.obj (.text:pthread_self)
                  20019344    0000000c     release_pem4.oem4 (.text:ti_sysbios_family_arm_m3_Hwi_Params__init__S)
                  20019350    0000000c     sysbios.aem4 : BIOS.obj (.text:ti_sysbios_family_arm_m3_Hwi_disableFxn__E)
                  2001935c    00000004     --HOLE-- [fill = 0]
                  20019360    0000000c                  : BIOS.obj (.text:ti_sysbios_family_arm_m3_TaskSupport_getStackAlignment__E)
                  2001936c    00000004     --HOLE-- [fill = 0]
                  20019370    0000000c                  : BIOS.obj (.text:ti_sysbios_gates_GateHwi_enter__E)
                  2001937c    0000000c     release_pem4.oem4 (.text:ti_sysbios_knl_Clock_Params__init__S)
                  20019388    0000000c     sysbios.aem4 : BIOS.obj (.text:ti_sysbios_knl_Clock_getTicks__E)
                  20019394    00000004     --HOLE-- [fill = 0]
                  20019398    0000000c                  : BIOS.obj (.text:ti_sysbios_knl_Clock_setTicks__E)
                  200193a4    00000004     --HOLE-- [fill = 0]
                  200193a8    0000000c                  : BIOS.obj (.text:ti_sysbios_knl_Clock_tickStart__E)
                  200193b4    00000004     --HOLE-- [fill = 0]
                  200193b8    0000000c                  : BIOS.obj (.text:ti_sysbios_knl_Clock_tickStop__E)
                  200193c4    0000000c     release_pem4.oem4 (.text:ti_sysbios_knl_Queue_Object__get__S)
                  200193d0    0000000c     release_pem4.oem4 (.text:ti_sysbios_knl_Semaphore_Params__init__S)
                  200193dc    0000000c     release_pem4.oem4 (.text:ti_sysbios_knl_Task_Params__init__S)
                  200193e8    0000000c     sysbios.aem4 : BIOS.obj (.text:ti_sysbios_knl_Task_self__E)
                  200193f4    00000004     --HOLE-- [fill = 0]
[...]
20022c5c  DHT_Data                                                        
20022c68  DeviceCB                                                        
20022c74  Msg                                                             
20022c80  args                                                            
20022c8c  captParams                                                      
20022c98  finaldata                                                       
20022ca4  packet                                                          
20022cb0  params                                                          
20022cc4  parmbuf                                                         
20022ccc  udmaCC3220SObject                                               
20022cdc  CO2uart                                                         
20022ce0  ClockP_tickPeriod                                               
20022ce4  buffer                                                          
20022ce8  captHandle                                                      
20022cec  i                                                               
20022cf0  j                                                               
20022cf4  mode                                                            
20022cf8  pwm1                                                            
20022cfc  spiCC32XXSDMAscratchBuf                                         
20022d00  ti_sysbios_knl_Task_Instance_State_0_hookEnv__A                 
20022d04  timer                                                           
20022d08  timer0                                                          
20022d0c  uartCO2                                                         
20022d10  D4                                                              
20022d11  D5                                                              
20022d12  D6                                                              
20022d13  D7                                                              
20022d14  E                                                               
20022d15  Rs                                                              
20022d16  RxIrqCnt                                                        
20022d17  TEMP                                                            
20022fa0  _ctypes_                                                        
200230a1  ti_sysbios_knl_Clock_tickMode__C                                
200230a2  ti_sysbios_family_arm_m3_Hwi_Module__id__C                      
2002324c  OpcodeTranslateTable                                            
200232bc  _SlActionLookupTable                                            
2002330c  PowerCC32XX_config                                              
2002334c  spiCC32XXDMAHWAttrs                                             
20023388  ti_sysbios_knl_Task_Object__PARAMS__C                           
2002345a  ti_sysbios_family_arm_m3_Timer_Module__id__C                    
2002345c  ti_sysbios_family_arm_m3_Hwi_Object__PARAMS__C                  
2002348c  UARTCC32XX_fxnTable                                             
200234b4  ti_sysbios_heaps_HeapMem_Module__FXNS__C                        
200234dc  PWMTimerCC32XX_fxnTable                                         
20023500  UART_defaultParams                                              
20023524  ti_sysbios_gates_GateHwi_Module__FXNS__C                        
20023548  ti_sysbios_gates_GateMutex_Module__FXNS__C                      
2002356c  ti_sysbios_heaps_HeapMem_Object__PARAMS__C                      
20023590  ti_sysbios_knl_Clock_Object__PARAMS__C                          
200235b4  ti_sysbios_knl_Semaphore_Object__PARAMS__C                      
2002363f  ti_sysbios_knl_Clock_tickSource__C                              
20023660  SPI_defaultParams                                               
200236a0  TimerCC32XX_fxnTable                                            
20023700  ti_sysbios_family_arm_m3_Hwi_Object__DESC__C                    
20023720  ti_sysbios_gates_GateHwi_Object__DESC__C                        
20023740  ti_sysbios_gates_GateMutex_Object__DESC__C                      
20023760  ti_sysbios_heaps_HeapMem_Object__DESC__C                        
20023780  ti_sysbios_knl_Clock_Object__DESC__C                            
200237a0  ti_sysbios_knl_Queue_Object__DESC__C                            
200237c0  ti_sysbios_knl_Semaphore_Object__DESC__C                        
200237e0  ti_sysbios_knl_Task_Object__DESC__C                             
20023800  timerCC32XXHWAttrs                                              
20023820  xdc_runtime_Startup_sfxnTab__A                                  
20023840  CaptureCC32XX_fxnTable                                          
20023858  PWM_defaultParams                                               
20023870  SPICC32XXDMA_fxnTable                                           
20023888  Timer_config                                                    
200238a0  ti_sysbios_gates_GateHwi_Object__PARAMS__C                      
200238b8  ti_sysbios_gates_GateMutex_Object__PARAMS__C                    
200238d0  ti_sysbios_knl_Queue_Object__PARAMS__C                          
200238e8  ti_sysbios_knl_Task_hooks__A                                    
20023978  GPIOCC32XX_config                                               
20023a3c  xdc_runtime_Startup_sfxnRts__A                                  
20023a58  Capture_config                                                  
20023a64  PWM_config                                                      
20023a70  SPI_config                                                      
20023a7c  UART_config                                                     
20023ac4  udmaCC3220SHWAttrs                                              
20023ad0  xdc_runtime_Startup_firstFxns__A                                
20023ae4  UDMACC32XX_config                                               
20023aec  captureCC32XXHWAttrs                                            
20023b0c  outPinTypes                                                     
20023b1c  ti_sysbios_knl_Idle_funcList__A                                 
20023b24  ti_sysbios_knl_Idle_funcList__C                                 
20023b2c  ti_sysbios_knl_Task_hooks__C                                    
20023b3c  xdc_runtime_Startup_firstFxns__C                                
20023b44  xdc_runtime_Startup_lastFxns__C                                 
20023b52  inPinTypes                                                      
20023b58  outPinStrengths                                                 
20023b5e  Capture_count                                                   
20023b5f  CryptoCC32XX_count                                              
20023b60  PWM_count                                                       
20023b61  SPI_count                                                       
20023b62  Timer_count                                                     
20023b63  UART_count                                                      
20023b94  _SlNetAppSendResponseCmdCtrl                                    
20023b98  _SlNetAppSendTokenValueCmdCtrl                                  
20023bc8  pwmTimerCC32XXHWAttrs                                           
20023bcc  ti_sysbios_family_arm_m3_Hwi_E_alreadyDefined__C                
20023bd0  ti_sysbios_family_arm_m3_Hwi_E_badIntNum__C                     
20023bd4  ti_sysbios_family_arm_m3_Hwi_NUM_INTERRUPTS__C                  
20023bd8  ti_sysbios_family_arm_m3_Hwi_Object__count__C                   
20023bdc  ti_sysbios_family_arm_m3_Hwi_ccr__C                             
20023be0  ti_sysbios_family_arm_m3_Hwi_excHandlerFunc__C                  
20023be4  ti_sysbios_family_arm_m3_Hwi_nullIsrFunc__C                     
20023be8  ti_sysbios_family_arm_m3_Hwi_priGroup__C                        
20023bec  ti_sysbios_family_arm_m3_Hwi_swiDisable__C                      
20023bf0  ti_sysbios_family_arm_m3_Hwi_swiRestore__C                      
20023bf4  ti_sysbios_family_arm_m3_TaskSupport_stackAlignment__C          
20023bf8  ti_sysbios_family_arm_m3_Timer_E_cannotSupport__C               
20023bfc  ti_sysbios_family_arm_m3_Timer_startupNeeded__C                 
20023c00  ti_sysbios_gates_GateMutex_Instance_State_sem__O                
20023c04  ti_sysbios_heaps_HeapMem_E_memory__C                            
20023c08  ti_sysbios_heaps_HeapMem_Module__gateObj__C                     
20023c0c  ti_sysbios_heaps_HeapMem_Object__count__C                       
20023c10  ti_sysbios_heaps_HeapMem_primaryHeapBaseAddr__C                 
20023c14  ti_sysbios_heaps_HeapMem_primaryHeapEndAddr__C                  
20023c18  ti_sysbios_heaps_HeapMem_reqAlign__C                            
20023c1c  ti_sysbios_knl_Clock_Module_State_clockQ__O                     
20023c20  ti_sysbios_knl_Clock_tickPeriod__C                              
20023c24  ti_sysbios_knl_Mailbox_Instance_State_freeQue__O                
20023c28  ti_sysbios_knl_Mailbox_Object__count__C                         
20023c2c  ti_sysbios_knl_Mailbox_maxTypeAlign__C                          
20023c30  ti_sysbios_knl_Semaphore_Instance_State_pendQ__O                
20023c34  ti_sysbios_knl_Swi_Object__count__C                             
20023c38  ti_sysbios_knl_Task_Module_State_inactiveQ__O                   
20023c3c  ti_sysbios_knl_Task_Object__count__C                            
20023c40  ti_sysbios_knl_Task_Object__heap__C                             
20023c44  ti_sysbios_knl_Task_allBlockedFunc__C                           
20023c48  ti_sysbios_knl_Task_defaultStackHeap__C                         
20023c4c  ti_sysbios_knl_Task_defaultStackSize__C                         
20023c50  ti_sysbios_knl_Task_numConstructedTasks__C                      
20023c54  xdc_runtime_Error_E_memory__C                                   
20023c58  xdc_runtime_Error_policyFxn__C                                  
20023c5c  xdc_runtime_IGateProvider_Interface__BASE__C                    
20023c60  xdc_runtime_IHeap_Interface__BASE__C                            
20023c64  xdc_runtime_IModule_Interface__BASE__C                          
20023c68  xdc_runtime_Memory_defaultHeapInstance__C                       
20023c6c  xdc_runtime_Startup_execImpl__C                                 
20023c70  xdc_runtime_Startup_maxPasses__C                                
20023c74  xdc_runtime_Startup_sfxnRts__C                                  
20023c78  xdc_runtime_Startup_sfxnTab__C                                  
20023c7c  xdc_runtime_SysCallback_abortFxn__C                             
20023c80  xdc_runtime_SysCallback_exitFxn__C                              
20023c84  xdc_runtime_System_Module__gateObj__C                           
20023c88  xdc_runtime_System_abortFxn__C                                  
20023c8c  xdc_runtime_System_exitFxn__C                                   
20023c90  xdc_runtime_System_maxAtexitHandlers__C                         
20023c94  ti_sysbios_heaps_HeapMem_Module__id__C                          
20023c96  xdc_runtime_Memory_Module__id__C                                
20023c98  xdc_runtime_Error_policy__C                                     
20023c9c  s_text                                                          
20023e2c  PowerCC32XX_module                                              
20023f98  parkInfo                                                        
20024090  _ftable                                                         
20024180  ARRAY_OFF                                                       
20024244  ARRAY_ON                                                        
20024448  ti_sysbios_knl_Swi_Module_State_0_readyQ__A                     
200244c8  ti_sysbios_knl_Task_Module_State_0_readyQ__A                    
20024548  _device                                                         
200245c0  SlNetIfConfigWifi                                               
20024618  ti_sysbios_gates_GateMutex_Object__table__V                     
200246bc  _stream                                                         
2002470c  ti_sysbios_knl_Task_Object__table__V                            
20024758  ti_sysbios_knl_Task_Module__state__V                            
2002479c  ti_sysbios_family_arm_m3_Hwi_Module__state__V                   
200247d0  gpioCallbackFunctions                                           
20024800  gpioPinConfigs                                                  
20024830  ti_sysbios_family_arm_m3_Timer_Object__table__V                 
20024860  ti_sysbios_knl_Swi_Object__table__V                             
20024890  ti_sysbios_knl_Clock_Module__state__V                           
200248bc  edit                                                            
200248bd  screen                                                          
200248be  c_pos                                                           
200248bf  cursor                                                          
200248c0  seconds                                                         
200248c2  maxT                                                            
200248c4  minT                                                            
200248c6  maxH                                                            
200248c8  minH                                                            
200248ca  maxC                                                            
200248cc  minC                                                            
200248ce  initializing                                                    
200248d0  Temp                                                            
200248d2  Hum                                                             
200248d4  CO                                                              
200248d6  T                                                               
200248d7  H                                                               
200248d8  C                                                               
200248d9  R1                                                              
200248da  R2                                                              
200248db  flag                                                            
200248dc  olda                                                            
200248dd  oldb                                                            
200248de  newa                                                            
200248df  newb                                                            
200248e0  lookup_index                                                    
200248e2  ti_sysbios_family_arm_m3_Hwi_Module_State_0_excActive__A        
200248e4  g_LibsEvents                                                    
20024908  g_UserEvents                                                    
2002492c  ti_sysbios_BIOS_Module__state__V                                
20024950  xdc_runtime_Error_IgnoreBlock                                   
20024970  HTTP_METHOD_GET                                                 
20024974  HTTP_METHOD_POST                                                
20024978  HTTP_METHOD_HEAD                                                
2002497c  HTTP_METHOD_OPTIONS                                             
20024980  HTTP_METHOD_PUT                                                 
20024984  HTTP_METHOD_DELETE                                              
20024988  HTTP_METHOD_CONNECT                                             
2002498c  ti_sysbios_knl_Swi_Module__state__V                             
200249a8  ti_sysbios_family_arm_m3_Hwi_Object__table__V                   
200249c0  ti_sysbios_heaps_HeapMem_Object__table__V                       
200249e8  __TI_ft_end                                                     
200249ec  __aeabi_stdin                                                   
200249f0  __aeabi_stdout                                                  
200249f4  __aeabi_stderr                                                  
200249f8  ti_sysbios_family_arm_cc32xx_Seconds_Module__state__V           
20024a08  __TI_cleanup_ptr                                                
20024a0c  __TI_dtors_ptr                                                  
20024a10  __TI_enable_exit_profile_output                                 
20024a14  gGlobalLockCntRequested                                         
20024a15  gGlobalLockCntReleased                                          
20024a16  g_SlDeviceStatus                                                
20024a18  g_pCB                                                           
20024a1c  pPingCallBackFunc                                               
20024a20  ti_sysbios_family_arm_m3_Timer_Module__state__V                 
20024a35  readCO2                                                         
20024a40  _lock                                                           
20024a44  _unlock                                                         
20024a48  countData                                                       
20024a4c  allDataCaptured                                                 
20024a58  httpThread                                                      
20024a5c  spawn_thread                                                    
20024a60  ti_sysbios_family_arm_m3_Hwi_Module__root__V                    
20024a68  ti_sysbios_gates_GateHwi_Module__root__V                        
20024a70  ti_sysbios_gates_GateMutex_Module__root__V                      
20024a78  ti_sysbios_heaps_HeapMem_Module__root__V                        
20024a80  ti_sysbios_knl_Clock_Module__root__V                            
20024a88  ti_sysbios_knl_Queue_Module__root__V                            
20024a90  ti_sysbios_knl_Semaphore_Module__root__V                        
20024a98  ti_sysbios_knl_Task_Module__root__V                             
20024aa0  xdc_runtime_Startup_Module__state__V                            
20024aa8  xdc_runtime_System_Module_State_0_atexitHandlers__A             
20024ab0  xdc_runtime_System_Module__state__V                             
20024ab8  main_func_sp                                                    
20024abc  g_intHandle                                                     
20024ac4  ti_sysbios_family_arm_m3_Hwi_Module_State_0_excContext__A       
20024ac8  ti_sysbios_family_arm_m3_Hwi_Module_State_0_excStack__A         
20024acc  ti_sysbios_gates_GateHwi_Object__table__V                       
20024ad0  ti_sysbios_knl_Task_Module_State_0_idleTask__A                  
20024ad4  ti_sysbios_rts_ti_ReentSupport_Module__state__V                 
20024ad8  xdc_runtime_Memory_Module__state__V                             
20024ae0  __TI_static_base__                                              
20024f5c  __TI_Handler_Table_Base                                         
20024f68  __TI_Handler_Table_Limit                                        
20024f70  __TI_CINIT_Base                                                 
20024f80  __TI_CINIT_Limit                                                
e000e000  ti_sysbios_family_arm_m3_Hwi_nvic                               
ffffffff  __TI_pprof_out_hndl                                             
ffffffff  __TI_prof_data_size                                             
ffffffff  __TI_prof_data_start                                            
ffffffff  __binit__                                                       
ffffffff  __c_args__                                                      
ffffffff  binit                                                           
UNDEFED   SHT$$INIT_ARRAY$$Base                                           
UNDEFED   SHT$$INIT_ARRAY$$Limit                                          

[1032 symbols]
