******************************************************************************
                  TI ARM Linker PC v18.12.3                    
******************************************************************************
>> Linked Mon Nov  4 10:18:55 2019

OUTPUT FILE NAME:   <httpget_CC3220S_LAUNCHXL_tirtos_ccs.out>
ENTRY POINT SYMBOL: "_c_int00"  address: 200138e9


MEMORY CONFIGURATION

         name            origin    length      used     unused   attr    fill
----------------------  --------  ---------  --------  --------  ----  --------
  SRAM0                 20000000   00004000  0000070c  000038f4  RW X
  SRAM                  20004000   0003c000  0001d097  0001ef69  RW X


SEGMENT ALLOCATION MAP

run origin  load origin   length   init length attrs members
----------  ----------- ---------- ----------- ----- -------
20003c00    20003c00    00000400   00000000    rw-
  20003c00    20003c00    00000400   00000000    rw- .stack
20004000    20004000    0001a240   0001223a    r-x
  20004000    20004000    0000003c   0000003c    r-- .resetVecs
  20004040    20004040    000121fa   000121fa    r-x .text
  20016240    20016240    00008000   00000000    r-- .priheap
2001e400    2001e400    00001471   00000000    rw-
  2001e400    2001e400    00001471   00000000    rw- .bss
2001f874    2001f874    00000db3   00000db3    r--
  2001f874    2001f874    00000db3   00000db3    r-- .const
20020628    20020628    000008b5   00000000    rw-
  20020628    20020628    000008b5   00000000    rw- .data
20020ee0    20020ee0    00000388   00000388    r--
  20020ee0    20020ee0    00000388   00000388    r-- .cinit


SECTION ALLOCATION MAP

 output                                  attributes/
section   page    origin      length       input sections
--------  ----  ----------  ----------   ----------------
.vecs      0    20000000    0000030c     NOLOAD SECTION
                  20000000    0000030c     release_pem4.oem4 (.vecs)

.stack     0    20003c00    00000400     UNINITIALIZED
                  20003c00    00000400     --HOLE--

.text      0    20004040    000121fa     
                  20004040    00000a4e     rtsv7M4_T_le_eabi.lib : _printfi.c.obj (.text:__TI_printfi)
                  20004a8e    00000002     ti_drivers_config.obj (.text:Board_initHook)
                  20004a90    000008cc     simplelink.a : driver.obj (.text:_SlDrvMsgRead)
                  2000535c    000004bc                  : sl_socket.obj (.text:_SlSocketHandleAsync_Select)
                  20005818    0000048b     sysbios.aem4 : BIOS.obj (.text:xdc_runtime_System_doPrint__I)
                  20005ca3    00000001     --HOLE-- [fill = 0]
                  20005ca4    0000042c     driverlib.a : prcm.obj (.text:PRCMCC3200MCUInit)
                  200060d0    0000040c     httpclient_release.a : httpclient.oem4 (.text:sendRequest)
                  200064dc    00000384     simplelink.a : driver.obj (.text:_SlDrvMsgWrite)
                  20006860    0000037c     httpget.obj (.text:httpTask)
                  20006bdc    000002e0     simplelink.a : driver.obj (.text:_SlDrvWaitForPoolObj)
                  20006ebc    000002d8                  : driver.obj (.text:_SlDrvRxHdrRead)
                  20007194    000002b4                  : sl_socket.obj (.text:sl_Select)
                  20007448    00000294                  : driver.obj (.text:_SlDrvReleasePoolObj)
                  200076dc    0000027c                  : wlan.obj (.text:sl_WlanConnect)
                  20007958    00000268     rtsv7M4_T_le_eabi.lib : _printfi.c.obj (.text:_pconv_a)
                  20007bc0    00000260     platform.obj (.text:mainThread)
                  20007e20    0000025c     simplelink.a : driver.obj (.text:_SlDrvDataReadOp)
                  2000807c    00000224                  : driver.obj (.text:_SlDrvDriverCBInit)
                  200082a0    00000218                  : driver.obj (.text:_SlDrvDataWriteOp)
                  200084b8    0000020c     drivers_cc32xx.aem4 : UARTCC32XXDMA.oem4 (.text:UARTCC32XXDMA_open)
                  200086c4    000001fc     httpclient_release.a : httpclient.oem4 (.text:SlNetSock_connectURI)
                  200088c0    000001f4     simplelink.a : driver.obj (.text:_SlDrvMsgReadCmdCtx)
                  20008ab4    000001f2                  : netapp.obj (.text:_SlNetAppEventHandler)
                  20008ca6    00000002     display.aem4 : DisplayUart.oem4 (.text:DisplayUartMin_clear)
                  20008ca8    000001e0     httpclient_release.a : httpclient.oem4 (.text:HTTPClient_connect2)
                  20008e88    000001d0     drivers_cc32xx.aem4 : SPICC32XXDMA.oem4 (.text:SPICC32XXDMA_transfer)
                  20009058    000001cc     rtsv7M4_T_le_eabi.lib : _printfi.c.obj (.text:_pconv_g)
                  20009224    000001c8     simplelink.a : device.obj (.text:sl_Stop)
                  200093ec    000001b8     drivers_cc32xx.aem4 : SPICC32XXDMA.oem4 (.text:configDMA)
                  200095a4    000001b6     rtsv7M4_T_le_eabi.lib : fd_add_t2.asm.obj (.text)
                  2000975a    00000002     display.aem4 : DisplayUart.oem4 (.text:DisplayUartMin_clearLines)
                  2000975c    000001b4     simplelink.a : driver.obj (.text:_SlDrvReleaseAllActivePendingPoolObj)
                  20009910    000001ac                  : sl_socket.obj (.text:sl_Accept)
                  20009abc    000001a0     httpclient_release.a : httpclient.oem4 (.text:manageResponseHeaders)
                  20009c5c    00000194                          : httpclient.oem4 (.text:redirect)
                  20009df0    0000018c     simplelink.a : sl_socket.obj (.text:_SlDrvRegisterForSelectAsync)
                  20009f7c    00000184                  : driver.obj (.text:_SlDrvFindAndSetActiveObj)
                  2000a100    00000180     release_pem4.oem4 (.text:xdc_runtime_System_printfExtend__I)
                  2000a280    00000178     simplelink.a : sl_socket.obj (.text:sl_Connect)
                  2000a3f8    00000177     httpclient_release.a : httpclient.oem4 (.text:readResponseHeader)
                  2000a56f    00000001     --HOLE-- [fill = 0]
                  2000a570    00000170     simplelink.a : netapp.obj (.text:sl_NetAppDnsGetHostByName)
                  2000a6e0    00000160     platform.obj (.text:SimpleLinkNetAppEventHandler)
                  2000a840    00000158     drivers_cc32xx.aem4 : SPICC32XXDMA.oem4 (.text:SPICC32XXDMA_open)
                  2000a998    00000154     simplelink.a : sl_socket.obj (.text:sl_RecvFrom)
                  2000aaec    0000014c     dpl_cc32xx.aem4 : PowerCC32XX_tirtos.oem4 (.text:PowerCC32XX_sleepPolicy)
                  2000ac38    0000014c     simplelink.a : sl_socket.obj (.text:sl_StartTLS)
                  2000ad84    00000148     drivers_cc32xx.aem4 : PowerCC32XX.oem4 (.text:parkPins)
                  2000aecc    00000148     httpclient_release.a : httpclient.oem4 (.text:parseURI)
                  2000b014    00000140     simplelink.a : driver.obj (.text:_SlDrvMsgReadSpawnCtx)
                  2000b154    0000013c                  : driver.obj (.text:_SlDrvDriverCBDeinit)
                  2000b290    0000013c                  : sl_socket.obj (.text:_SlDrvGetNextTimeoutValue)
                  2000b3cc    0000013c     rtsv7M4_T_le_eabi.lib : _printfi.c.obj (.text:_pconv_e)
                  2000b508    00000138     drivers_cc32xx.aem4 : PowerCC32XX.oem4 (.text:Power_sleep)
                  2000b640    00000138     simplelink.a : driver.obj (.text:_SlSpawnMsgListInsert)
                  2000b778    00000136     rtsv7M4_T_le_eabi.lib : fd_div_t2.asm.obj (.text)
                  2000b8ae    00000002     display.aem4 : DisplayUart.oem4 (.text:DisplayUartMin_init)
                  2000b8b0    00000134     simplelink.a : sl_socket.obj (.text:_SlSocketHandleAsync_StartTLS)
                  2000b9e4    00000004     dpl_cc32xx.aem4 : ClockP_tirtos.oem4 (.text:ClockP_getCpuFreq)
                  2000b9e8    00000130     sysbios.aem4 : BIOS.obj (.text:ti_sysbios_knl_Semaphore_pend__E)
                  2000bb18    00000128     simplelink.a : driver.obj (.text:_SlDrvClassifyRxMsg)
                  2000bc40    00000124                  : fs.obj (.text:sl_FsOpen)
                  2000bd64    00000121     httpclient_release.a : httpclient.oem4 (.text:getChunkedData)
                  2000be85    00000001     --HOLE-- [fill = 0]
                  2000be86    00000002     drivers_cc32xx.aem4 : UARTCC32XXDMA.oem4 (.text:UARTCC32XXDMA_init)
                  2000be88    00000120     simplelink.a : driver.obj (.text:_SlDrvAsyncEventGenericHandler)
                  2000bfa8    00000120     rtsv7M4_T_le_eabi.lib : _printfi.c.obj (.text:fcvt)
                  2000c0c8    00000120     simplelink.a : device.obj (.text:sl_Start)
                  2000c1e8    00000120     sysbios.aem4 : BIOS.obj (.text:xdc_runtime_Startup_startMods__I)
                  2000c308    00000118     simplelink.a : netapp.obj (.text:_SlNetAppHandleAsync_DnsGetHostByService)
                  2000c420    00000110     rtsv7M4_T_le_eabi.lib : strtoul.c.obj (.text:strtoul)
                  2000c530    00000110     sysbios.aem4 : BIOS.obj (.text:ti_sysbios_knl_Task_postInit__I)
                  2000c640    00000108     httpclient_release.a : httpclient.oem4 (.text:HTTPClient_setHeader)
                  2000c748    00000108     slnetsock_release.a : slnetutils.oem4 (.text:SlNetUtil_str2BinIpV6)
                  2000c850    00000104     simplelink.a : device.obj (.text:_SlDeviceEventHandler)
                  2000c954    00000104                  : driver.obj (.text:_SlDrvCmdOp)
                  2000ca58    00000104     sysbios.aem4 : BIOS.obj (.text:ti_sysbios_knl_Task_Instance_finalize__E)
                  2000cb5c    00000100     simplelink.a : driver.obj (.text:_SlDrvObjGlobalLockWaitForever)
                  2000cc5c    00000100                  : fs.obj (.text:sl_FsWrite)
                  2000cd5c    000000fc     rtsv7M4_T_le_eabi.lib : fd_mul_t2.asm.obj (.text)
                  2000ce58    000000fc     simplelink.a : sl_socket.obj (.text:sl_Close)
                  2000cf54    000000f8     slnetifwifi.a : slnetifwifi.obj (.text:SlNetIfWifi_loadSecObj)
                  2000d04c    000000f8     drivers_cc32xx.aem4 : UARTCC32XXDMA.oem4 (.text:UARTCC32XXDMA_close)
                  2000d144    000000f4     httpclient_release.a : httpclient.oem4 (.text:httpProxyTunnel)
                  2000d238    000000f4     simplelink.a : sl_socket.obj (.text:sl_SendTo)
                  2000d32c    000000f2     drivers_cc32xx.aem4 : SPICC32XXDMA.oem4 (.text:SPICC32XXDMA_transferCancel)
                  2000d41e    00000002     rtsv7M4_T_le_eabi.lib : _lock.c.obj (.text:_nop)
                  2000d420    000000f0     sysbios.aem4 : BIOS.obj (.text:pthread_create)
                  2000d510    000000f0                  : BIOS.obj (.text:ti_sysbios_knl_Task_Instance_init__E)
                  2000d600    000000ec                  : BIOS.obj (.text:clock_gettime)
                  2000d6ec    000000e8     slnetsock_release.a : slnetif.oem4 (.text:SlNetIf_add)
                  2000d7d4    000000e8     drivers_cc32xx.aem4 : UARTCC32XXDMA.oem4 (.text:initHw)
                  2000d8bc    000000d8                         : SPICC32XXDMA.oem4 (.text:SPICC32XXDMA_close)
                  2000d994    000000d8     simplelink.a : device.obj (.text:_SlDeviceHandleAsync_InitComplete)
                  2000da6c    000000d8                  : driver.obj (.text:_SlDrvWaitForInternalAsyncEvent)
                  2000db44    000000d8                  : netapp.obj (.text:_SlNetAppHandleAsync_NetAppReceive)
                  2000dc1c    000000d2     httpclient_release.a : httpclient.oem4 (.text:HTTPClient_connect)
                  2000dcee    00000002     rtsv7M4_T_le_eabi.lib : div0.asm.obj (.text)
                  2000dcf0    000000d0     simplelink.a : driver.obj (.text:_SlDrvRemoveFromList)
                  2000ddc0    000000d0     httpclient_release.a : httpclient.oem4 (.text:getStatus)
                  2000de90    000000d0     rtsv7M4_T_le_eabi.lib : s_scalbn.c.obj (.text:scalbn)
                  2000df60    000000d0     sysbios.aem4 : BIOS.obj (.text:ti_sysbios_heaps_HeapMem_alloc__E)
                  2000e030    000000cc     httpclient_release.a : httpclient.oem4 (.text:sprsend)
                  2000e0fc    000000cc     sysbios.aem4 : m3_Hwi_asm.obj (.text:ti_sysbios_family_arm_m3_Hwi_dispatch__I)
                  2000e1c8    000000c8     drivers_cc32xx.aem4 : SPICC32XXDMA.oem4 (.text:spiHwiFxn)
                  2000e290    000000c4     sysbios.aem4 : BIOS.obj (.text:ti_sysbios_knl_Task_sleep__E)
                  2000e354    000000c0     simplelink.a : cc_pal.obj (.text:NwpPowerOff)
                  2000e414    000000c0     httpclient_release.a : httpclient.oem4 (.text:resHeaderFieldHandler)
                  2000e4d4    000000c0     drivers_cc32xx.aem4 : PowerCC32XX.oem4 (.text:restoreParkedPins)
                  2000e594    000000c0     simplelink.a : netcfg.obj (.text:sl_NetCfgGet)
                  2000e654    000000bc     platform.obj (.text:DisplayBanner)
                  2000e710    000000bc     simplelink.a : netapp.obj (.text:_SlNetAppSendResponse)
                  2000e7cc    000000bc                  : sl_socket.obj (.text:sl_Send)
                  2000e888    000000bc     sysbios.aem4 : BIOS.obj (.text:xdc_runtime_Core_createObject__I)
                  2000e944    000000b8     httpclient_release.a : httpclient.oem4 (.text:HTTPClient_readResponseBody)
                  2000e9fc    000000b8     drivers_cc32xx.aem4 : UARTCC32XXDMA.oem4 (.text:UARTCC32XXDMA_configDMA)
                  2000eab4    000000b8     simplelink.a : netapp.obj (.text:_SlNetAppHandleAsync_DnsGetHostByName)
                  2000eb6c    000000b8                  : netapp.obj (.text:_SlNetAppHandleAsync_PingResponse)
                  2000ec24    000000b8                  : wlan.obj (.text:sl_WlanGet)
                  2000ecdc    00000004     dpl_cc32xx.aem4 : ClockP_tirtos.oem4 (.text:ClockP_setTimeout)
                  2000ece0    000000b8     sysbios.aem4 : BIOS.obj (.text:ti_sysbios_family_arm_m3_Hwi_Instance_init__E)
                  2000ed98    000000b4     drivers_cc32xx.aem4 : UARTCC32XXDMA.oem4 (.text:UARTCC32XXDMA_hwiIntFxn)
                  2000ee4c    000000b4     simplelink.a : driver.obj (.text:_SlDrvHandleFatalError)
                  2000ef00    000000b4                  : netutil.obj (.text:_SlNetUtilHandleAsync_Cmd)
                  2000efb4    000000b4                  : sl_socket.obj (.text:sl_GetSockOpt)
                  2000f068    000000b1     rtsv7M4_T_le_eabi.lib : _printfi.c.obj (.text:_ltostr)
                  2000f119    00000001     --HOLE-- [fill = 0]
                  2000f11a    00000002     release_pem4.oem4 (.text:ti_sysbios_BIOS_nullFunc__I)
                  2000f11c    000000b0     slnetifwifi.a : slnetifwifi.obj (.text:SlNetIfWifi_getSockOpt)
                  2000f1cc    000000ae                   : slnetifwifi.obj (.text:matchModeByRole)
                  2000f27a    00000002     release_pem4.oem4 (.text:xdc_runtime_Startup_reset__I)
                  2000f27c    000000ac     platform.obj (.text:Connect)
                  2000f328    000000ac     simplelink.a : sl_socket.obj (.text:_SlSocketHandleAsync_Close)
                  2000f3d4    000000ac                  : sl_socket.obj (.text:_SlSocketHandleAsync_Connect)
                  2000f480    000000ac     httpclient_release.a : httpclient.oem4 (.text:sendReqHeaders)
                  2000f52c    000000a8     driverlib.a : prcm.obj (.text:PRCMPeripheralClockGet)
                  2000f5d4    000000a8     drivers_cc32xx.aem4 : PowerCC32XX.oem4 (.text:PowerCC32XX_configureWakeup)
                  2000f67c    000000a8     simplelink.a : fs.obj (.text:sl_FsClose)
                  2000f724    000000a6                  : driver.obj (.text:_SlDrvIsTimeoutExpired)
                  2000f7ca    00000002     --HOLE-- [fill = 0]
                  2000f7cc    000000a4                  : sl_socket.obj (.text:sl_Bind)
                  2000f870    000000a4     sysbios.aem4 : BIOS.obj (.text:ti_sysbios_knl_Task_setPri__E)
                  2000f914    000000a0     simplelink.a : fs.obj (.text:FsGetCreateFsMode)
                  2000f9b4    000000a0                  : sl_socket.obj (.text:_SlDrvUnRegisterForSelectAsync)
                  2000fa54    000000a0                  : driver.obj (.text:_SlSpawnMsgListProcess)
                  2000faf4    000000a0     auto_init.aem4 : auto_init.oem4 (.text)
                  2000fb94    0000009e     simplelink.a : cc_pal.obj (.text:spi_Read)
                  2000fc32    0000009e                  : cc_pal.obj (.text:spi_Write)
                  2000fcd0    0000009c     sysbios.aem4 : BIOS.obj (.text:_pthread_removeThreadKeys)
                  2000fd6c    0000009c     rtsv7M4_T_le_eabi.lib : memcpy_t2.asm.obj (.text)
                  2000fe08    00000098     httpclient_release.a : httpclient.oem4 (.text:HTTPClient_sendRequest)
                  2000fea0    00000098                          : httpclient.oem4 (.text:resHeaderNameToHash)
                  2000ff38    00000096     rtsv7M4_T_le_eabi.lib : ull_div_t2.asm.obj (.text)
                  2000ffce    00000002     --HOLE-- [fill = 0]
                  2000ffd0    00000094     simplelink.a : cc_pal.obj (.text:Semaphore_pend_handle)
                  20010064    00000094     drivers_cc32xx.aem4 : SPICC32XXDMA.oem4 (.text:initHw)
                  200100f8    00000094     httpclient_release.a : httpclient.oem4 (.text:locationParser)
                  2001018c    00000004     dpl_cc32xx.aem4 : ClockP_tirtos.oem4 (.text:ClockP_start)
                  20010190    00000094     sysbios.aem4 : BIOS.obj (.text:ti_sysbios_knl_Task_exit__E)
                  20010224    00000092     slnetsock_release.a : slnetsock.oem4 (.text:SlNetSock_create)
                  200102b6    00000002     --HOLE-- [fill = 0]
                  200102b8    00000090                         : slnetsock.oem4 (.text:SlNetSock_getVirtualSdConf)
                  20010348    00000090     simplelink.a : device.obj (.text:_SlDeviceHandleAsync_Stop)
                  200103d8    00000090                  : sl_socket.obj (.text:_SlSocketHandleAsync_Accept)
                  20010468    00000090     drivers_cc32xx.aem4 : PowerCC32XX.oem4 (.text:restoreNVICRegs)
                  200104f8    00000090     sysbios.aem4 : BIOS.obj (.text:ti_sysbios_knl_Task_Module_startup__E)
                  20010588    0000008c     drivers_cc32xx.aem4 : UARTCC32XXDMA.oem4 (.text:UARTCC32XXDMA_write)
                  20010614    0000008c     simplelink.a : driver.obj (.text:_SlDrvDriverIsApiAllowed)
                  200106a0    0000008c                  : sl_socket.obj (.text:sl_Recv)
                  2001072c    00000004     dpl_cc32xx.aem4 : ClockP_tirtos.oem4 (.text:ClockP_stop)
                  20010730    0000008c     sysbios.aem4 : BIOS.obj (.text:xdc_runtime_Memory_alloc__E)
                  200107bc    00000088     driverlib.a : pin.obj (.text:PinConfigSet)
                  20010844    00000088     simplelink.a : driver.obj (.text:_SlDrvProtectAsyncRespSetting)
                  200108cc    00000088     httpclient_release.a : httpclient.oem4 (.text:createSecAttribs)
                  20010954    00000088                          : httpclient.oem4 (.text:readLine)
                  200109dc    00000088     simplelink.a : eventreg.obj (.text:sl_UnregisterLibsEventHandler)
                  20010a64    00000004     dpl_cc32xx.aem4 : HwiP_tirtos.oem4 (.text:HwiP_clearInterrupt)
                  20010a68    00000088     sysbios.aem4 : BIOS.obj (.text:ti_sysbios_family_arm_m3_Hwi_initNVIC__E)
                  20010af0    00000086     rtsv7M4_T_le_eabi.lib : fd_cmp_t2.asm.obj (.text:__aeabi_cdcmple)
                  20010b76    00000086                           : fd_cmp_t2.asm.obj (.text:__aeabi_cdrcmple)
                  20010bfc    00000004     dpl_cc32xx.aem4 : HwiP_tirtos.oem4 (.text:HwiP_disable)
                  20010c00    00000086     sysbios.aem4 : BIOS.obj (.text:xdc_runtime_Core_constructObject__I)
                  20010c86    00000002     --HOLE-- [fill = 0]
                  20010c88    00000084     drivers_cc32xx.aem4 : PowerCC32XX.oem4 (.text:Power_init)
                  20010d0c    00000084     slnetifwifi.a : slnetifwifi.obj (.text:SlNetIfWifi_sockstartSec)
                  20010d90    00000084     slnetsock_release.a : slnetutils.oem4 (.text:SlNetUtil_getHostByName)
                  20010e14    00000084     drivers_cc32xx.aem4 : PowerCC32XX.oem4 (.text:saveNVICRegs)
                  20010e98    00000084     simplelink.a : sl_socket.obj (.text:sl_SetSockOpt)
                  20010f1c    00000004     dpl_cc32xx.aem4 : HwiP_tirtos.oem4 (.text:HwiP_disableInterrupt)
                  20010f20    00000084     sysbios.aem4 : BIOS.obj (.text:ti_sysbios_family_arm_m3_Hwi_postInit__I)
                  20010fa4    00000004     dpl_cc32xx.aem4 : HwiP_tirtos.oem4 (.text:HwiP_enableInterrupt)
                  20010fa8    00000084     sysbios.aem4 : BIOS.obj (.text:ti_sysbios_heaps_HeapMem_free__E)
                  2001102c    00000080     drivers_cc32xx.aem4 : PowerCC32XX.oem4 (.text:Power_setDependency)
                  200110ac    00000080                         : UARTCC32XXDMA.oem4 (.text:UARTCC32XXDMA_read)
                  2001112c    00000004                         : SPICC32XXDMA.oem4 (.text:SPICC32XXDMA_init)
                  20011130    00000080     sysbios.aem4 : BIOS.obj (.text:ti_sysbios_knl_Clock_workFunc__E)
                  200111b0    0000007c     drivers_cc32xx.aem4 : UDMACC32XX.oem4 (.text:UDMACC32XX_open)
                  2001122c    00000004     dpl_cc32xx.aem4 : SemaphoreP_tirtos.oem4 (.text:SemaphoreP_post)
                  20011230    0000007c     sysbios.aem4 : BIOS.obj (.text:_pthread_abstime2ticks)
                  200112ac    0000007a     drivers_cc32xx.aem4 : UARTCC32XXDMA.oem4 (.text:UARTCC32XXDMA_readPolling)
                  20011326    0000007a     rtsv7M4_T_le_eabi.lib : memset_t2.asm.obj (.text)
                  200113a0    00000078     simplelink.a : sl_socket.obj (.text:sl_Socket)
                  20011418    00000075     sysbios.aem4 : BIOS.obj (.text:xdc_runtime_System_formatNum__I)
                  2001148d    00000003     --HOLE-- [fill = 0]
                  20011490    00000074     slnetsock_release.a : slnetsock.oem4 (.text:SlNetSock_AllocVirtualSocket)
                  20011504    00000004                         : slnetif.oem4 (.text:SlNetIf_init)
                  20011508    00000074     sysbios.aem4 : BIOS.obj (.text:xdc_runtime_Core_deleteObject__I)
                  2001157c    00000070     httpclient_release.a : httpclient.oem4 (.text:HTTPClient_disconnect)
                  200115ec    00000070     simplelink.a : driver.obj (.text:_SlDrvCmdSend_noLock)
                  2001165c    00000004     slnetsock_release.a : slnetutils.oem4 (.text:SlNetUtil_init)
                  20011660    00000070     sysbios.aem4 : BIOS.obj (.text:acquireMutexNone$45)
                  200116d0    00000070                  : BIOS.obj (.text:ti_sysbios_heaps_HeapMem_initPrimary__I)
                  20011740    0000006e     rtsv7M4_T_le_eabi.lib : _printfi.c.obj (.text:_mcpy)
                  200117ae    00000002     --HOLE-- [fill = 0]
                  200117b0    0000006c     httpclient_release.a : httpclient.oem4 (.text:HTTPClient_getHeader)
                  2001181c    0000006c     slnetsock_release.a : slnetutils.oem4 (.text:SlNetUtil_str2BinIpV4)
                  20011888    0000006c     simplelink.a : device.obj (.text:_SlDeviceHandleResetRequestInternally)
                  200118f4    0000006c                  : sl_socket.obj (.text:_SlDrvOpenCtrlSocket)
                  20011960    0000006c                  : netapp.obj (.text:_SlNetAppSendTokenValue)
                  200119cc    00000004     dpl_cc32xx.aem4 : SystemP_tirtos.oem4 (.text:SystemP_vsnprintf)
                  200119d0    0000006c     sysbios.aem4 : BIOS.obj (.text:ti_sysbios_knl_Swi_restoreHwi__E)
                  20011a3c    00000068     simplelink.a : driver.obj (.text:_SlSpawnMsgListGetCount)
                  20011aa4    00000068     rtsv7M4_T_le_eabi.lib : copy_decompress_lzss.c.obj (.text:decompress:lzss:__TI_decompress_lzss)
                  20011b0c    00000068     main_tirtos.obj (.text:main)
                  20011b74    00000004     release_pem4.oem4 (.text:ti_sysbios_BIOS_RtsGateProxy_enter__E)
                  20011b78    00000068     sysbios.aem4 : BIOS.obj (.text:pthread_exit)
                  20011be0    00000068     simplelink.a : cc_pal.obj (.text:spi_Open)
                  20011c48    00000064     drivers_cc32xx.aem4 : PowerCC32XX.oem4 (.text:PowerCC32XX_setParkState)
                  20011cac    00000004     release_pem4.oem4 (.text:ti_sysbios_BIOS_RtsGateProxy_leave__E)
                  20011cb0    00000064     sysbios.aem4 : BIOS.obj (.text:ti_sysbios_family_arm_m3_Hwi_dispatchC__I)
                  20011d14    00000060     driverlib.a : prcm.obj (.text:PRCMSysResetCauseGet)
                  20011d74    00000060     drivers_cc32xx.aem4 : UARTCC32XXDMA.oem4 (.text:UARTCC32XXDMA_control)
                  20011dd4    00000004     release_pem4.oem4 (.text:ti_sysbios_family_arm_m3_Hwi_delete)
                  20011dd8    00000060     sysbios.aem4 : BIOS.obj (.text:ti_sysbios_knl_Semaphore_post__E)
                  20011e38    00000060                  : BIOS.obj (.text:ti_sysbios_knl_Swi_run__I)
                  20011e98    0000005e     slnetifwifi.a : slnetifwifi.obj (.text:SlNetIfWifi_setSockOpt)
                  20011ef6    00000002     --HOLE-- [fill = 0]
                  20011ef8    0000005c     display.aem4 : Display.oem4 (.text:Display_doOpen)
                  20011f54    0000005c     simplelink.a : spawn.obj (.text:_SlInternalSpawn)
                  20011fb0    0000005c     rtsv7M4_T_le_eabi.lib : s_frexp.c.obj (.text:frexp)
                  2001200c    0000005c     httpclient_release.a : httpclient.oem4 (.text:readRawResponseBody)
                  20012068    0000005c     sysbios.aem4 : BIOS.obj (.text:ti_sysbios_family_arm_m3_Timer_start__E)
                  200120c4    00000004     release_pem4.oem4 (.text:ti_sysbios_family_arm_m3_TaskSupport_Module__startupDone__S)
                  200120c8    0000005c     sysbios.aem4 : BIOS.obj (.text:ti_sysbios_knl_Swi_schedule__I)
                  20012124    00000004     release_pem4.oem4 (.text:ti_sysbios_heaps_HeapMem_Module_GateProxy_enter__E)
                  20012128    0000005c     sysbios.aem4 : BIOS.obj (.text:ti_sysbios_knl_Task_startCore__E)
                  20012184    00000004     release_pem4.oem4 (.text:ti_sysbios_heaps_HeapMem_Module_GateProxy_leave__E)
                  20012188    0000005c     sysbios.aem4 : BIOS.obj (.text:xdc_runtime_Startup_exec__E)
                  200121e4    00000058     driverlib.a : prcm.obj (.text:PRCMPeripheralReset)
                  2001223c    00000058     drivers_cc32xx.aem4 : PowerCC32XX.oem4 (.text:Power_releaseDependency)
                  20012294    00000058     slnetsock_release.a : slnetsock.oem4 (.text:SlNetSock_recv)
                  200122ec    00000058                         : slnetsock.oem4 (.text:SlNetSock_send)
                  20012344    00000058     simplelink.a : sl_socket.obj (.text:_SlDrvClearCtrlSocket)
                  2001239c    00000004     release_pem4.oem4 (.text:ti_sysbios_knl_Clock_TimerProxy_getMaxTicks__E)
                  200123a0    00000058     sysbios.aem4 : BIOS.obj (.text:pthread_mutex_init)
                  200123f8    00000058     simplelink.a : sl_socket.obj (.text:sl_Listen)
                  20012450    00000058                  : eventreg.obj (.text:sl_RegisterLibsEventHandler)
                  200124a8    00000058     sysbios.aem4 : BIOS.obj (.text:ti_sysbios_family_arm_cc32xx_Seconds_getCount__I)
                  20012500    00000056     rtsv7M4_T_le_eabi.lib : _printfi.c.obj (.text:_pconv_f)
                  20012556    00000002     --HOLE-- [fill = 0]
                  20012558    00000054     simplelink.a : driver.obj (.text:_SlDrvRxIrqHandler)
                  200125ac    00000054     rtsv7M4_T_le_eabi.lib : ltoa.c.obj (.text:ltoa)
                  20012600    00000054     sysbios.aem4 : BIOS.obj (.text:ti_sysbios_family_arm_cc32xx_Seconds_getTime__E)
                  20012654    00000054     release_pem4.oem4 (.text:ti_sysbios_family_arm_m3_Hwi_create)
                  200126a8    00000054     sysbios.aem4 : BIOS.obj (.text:ti_sysbios_family_arm_m3_Timer_setPeriod__E)
                  200126fc    00000052     drivers_cc32xx.aem4 : PowerCC32XX_asm.oem4 (.text:PowerCC32XX_resumeLPDS)
                  2001274e    00000052     rtsv7M4_T_le_eabi.lib : _printfi.c.obj (.text:_ecpy)
                  200127a0    00000050     dpl_cc32xx.aem4 : ClockP_tirtos.oem4 (.text:ClockP_create)
                  200127f0    00000050     simplelink.a : cc_pal.obj (.text:NwpRegisterInterruptHandler)
                  20012840    00000050     slnetsock_release.a : slnetif.oem4 (.text:SlNetIf_queryIf)
                  20012890    00000050     drivers_cc32xx.aem4 : UARTCC32XXDMA.oem4 (.text:UARTCC32XXDMA_writePolling)
                  200128e0    00000050     simplelink.a : sl_socket.obj (.text:_SlDrvCloseCtrlSocket)
                  20012930    00000050                  : driver.obj (.text:_SlDrvCmdSend_noWait)
                  20012980    00000050                  : driver.obj (.text:_SlDrvUpdateApiInProgress)
                  200129d0    00000050                  : spawn.obj (.text:_SlInternalSpawnTaskEntry)
                  20012a20    00000050                  : eventreg.obj (.text:_SlNetAppHttpServerHdlr)
                  20012a70    00000050                  : eventreg.obj (.text:_SlNetAppRequestHdlr)
                  20012ac0    00000050     httpclient_release.a : httpclient.oem4 (.text:removeRequestHeader)
                  20012b10    00000050     sysbios.aem4 : BIOS.obj (.text:ti_sysbios_family_arm_m3_Hwi_Module_startup__E)
                  20012b60    00000050                  : BIOS.obj (.text:ti_sysbios_knl_Clock_Instance_init__E)
                  20012bb0    00000050     release_pem4.oem4 (.text:ti_sysbios_knl_Task_create)
                  20012c00    0000004e     drivers_cc32xx.aem4 : UARTCC32XXDMA.oem4 (.text:writeCancel)
                  20012c4e    00000002     --HOLE-- [fill = 0]
                  20012c50    0000004c     simplelink.a : cc_pal.obj (.text:NwpWaitForShutDownInd)
                  20012c9c    0000004c     drivers_cc32xx.aem4 : PowerCC32XX.oem4 (.text:PowerCC32XX_parkPin)
                  20012ce8    0000004c     slnetifwifi.a : slnetifwifi.obj (.text:SlNetIfWifi_getConnectionStatus)
                  20012d34    0000004c     slnetsock_release.a : slnetsock.oem4 (.text:SlNetSock_freeVirtualSocket)
                  20012d80    0000004c                         : slnetsock.oem4 (.text:SlNetSock_startSec)
                  20012dcc    0000004c     rtsv7M4_T_le_eabi.lib : atoi.c.obj (.text:atoi)
                  20012e18    0000004c                           : cpy_tbl.c.obj (.text:copy_in)
                  20012e64    0000004c     platform.obj (.text:printError)
                  20012eb0    0000004c     drivers_cc32xx.aem4 : PowerCC32XX.oem4 (.text:restorePeriphClocks)
                  20012efc    0000004c     simplelink.a : wlan.obj (.text:sl_WlanSetMode)
                  20012f48    0000004c     sysbios.aem4 : m3_TaskSupport_asm.obj (.text:ti_sysbios_family_arm_m3_TaskSupport_buildTaskStack)
                  20012f94    00000004     release_pem4.oem4 (.text:ti_sysbios_knl_Clock_TimerProxy_setPeriodMicroSecs__E)
                  20012f98    0000004c     sysbios.aem4 : BIOS.obj (.text:ti_sysbios_heaps_HeapMem_getStats__E)
                  20012fe4    00000004     release_pem4.oem4 (.text:ti_sysbios_knl_Clock_TimerProxy_start__E)
                  20012fe8    0000004c     sysbios.aem4 : BIOS.obj (.text:ti_sysbios_knl_Swi_runLoop__I)
                  20013034    00000004     release_pem4.oem4 (.text:ti_sysbios_knl_Clock_TimerProxy_stop__E)
                  20013038    0000004c     sysbios.aem4 : BIOS.obj (.text:ti_sysbios_knl_Task_allBlockedFunction__I)
                  20013084    00000004     release_pem4.oem4 (.text:ti_sysbios_knl_Clock_delete)
                  20013088    0000004c     sysbios.aem4 : BIOS.obj (.text:ti_sysbios_knl_Task_schedule__I)
                  200130d4    0000004a     display.aem4 : DisplayUart.oem4 (.text:DisplayUartMin_open)
                  2001311e    0000004a     drivers_cc32xx.aem4 : UARTCC32XXDMA.oem4 (.text:readCancel)
                  20013168    00000048     driverlib.a : flash.obj (.text:FlashDisable)
                  200131b0    00000048                 : prcm.obj (.text:PRCMLPDSEnter)
                  200131f8    00000048                 : prcm.obj (.text:PRCMPeripheralClkEnable)
                  20013240    00000048     drivers_cc32xx.aem4 : PowerCC32XX.oem4 (.text:Power_releaseConstraint)
                  20013288    00000048     slnetsock_release.a : slnetsock.oem4 (.text:SlNetSock_connect)
                  200132d0    00000048                         : slnetsock.oem4 (.text:SlNetSock_init)
                  20013318    00000048     simplelink.a : eventreg.obj (.text:_SlDeviceFatalErrorEvtHdlr)
                  20013360    00000048                  : eventreg.obj (.text:_SlDeviceGeneralEvtHdlr)
                  200133a8    00000048                  : driver.obj (.text:_SlDrvSyncObjWaitTimeout)
                  200133f0    00000048                  : eventreg.obj (.text:_SlNetAppEvtHdlr)
                  20013438    00000048                  : eventreg.obj (.text:_SlNetAppRequestMemFree)
                  20013480    00000048                  : eventreg.obj (.text:_SlSockEvtHdlr)
                  200134c8    00000048                  : eventreg.obj (.text:_SlWlanEvtHdlr)
                  20013510    00000048     rtsv7M4_T_le_eabi.lib : fd_toi_t2.asm.obj (.text)
                  20013558    00000048     sysbios.aem4 : BIOS.obj (.text:ti_sysbios_family_arm_m3_Hwi_disableInterrupt__E)
                  200135a0    00000048                  : BIOS.obj (.text:ti_sysbios_family_arm_m3_Hwi_enableInterrupt__E)
                  200135e8    00000048                  : m3_Hwi_asm_switch.obj (.text:ti_sysbios_family_arm_m3_Hwi_initStacks__E)
                  20013630    00000048                  : BIOS.obj (.text:ti_sysbios_family_arm_m3_Timer_initDevice__I)
                  20013678    00000048                  : BIOS.obj (.text:ti_sysbios_knl_Mailbox_Module_startup__E)
                  200136c0    00000048                  : BIOS.obj (.text:xdc_runtime_Core_assignParams__I)
                  20013708    00000046     display.aem4 : DisplayUart.oem4 (.text:DisplayUartMin_vprintf)
                  2001374e    00000002     --HOLE-- [fill = 0]
                  20013750    00000044     httpclient_release.a : httpclient.oem4 (.text:HTTPClient_create)
                  20013794    00000044     driverlib.a : prcm.obj (.text:PRCMLPDSRestoreInfoSet)
                  200137d8    00000044     drivers_cc32xx.aem4 : PowerCC32XX_asm.oem4 (.text:PowerCC32XX_enterLPDS)
                  2001381c    00000044                         : SPI.oem4 (.text:SPI_init)
                  20013860    00000044     slnetsock_release.a : slnetutils.oem4 (.text:SlNetUtil_strTok)
                  200138a4    00000044     drivers_cc32xx.aem4 : UART.oem4 (.text:UART_init)
                  200138e8    00000044     boot.aem4 : boot.oem4 (.text)
                  2001392c    00000044     rtsv7M4_T_le_eabi.lib : fd_tou_t2.asm.obj (.text)
                  20013970    00000044     sysbios.aem4 : BIOS.obj (.text:ti_sysbios_family_arm_m3_Hwi_getStackInfo__E)
                  200139b4    00000004     release_pem4.oem4 (.text:ti_sysbios_knl_Semaphore_delete)
                  200139b8    00000044     sysbios.aem4 : BIOS.obj (.text:ti_sysbios_knl_Mailbox_postInit__I)
                  200139fc    00000004     release_pem4.oem4 (.text:ti_sysbios_knl_Task_delete)
                  20013a00    00000044     sysbios.aem4 : BIOS.obj (.text:ti_sysbios_knl_Swi_post__E)
                  20013a44    00000004     release_pem4.oem4 (.text:xdc_runtime_System_Module_GateProxy_enter__E)
                  20013a48    00000044     sysbios.aem4 : BIOS.obj (.text:xdc_runtime_System_atexit__E)
                  20013a8c    00000042     httpclient_release.a : httpclient.oem4 (.text:initializeCB)
                  20013ace    00000040     simplelink.a : sl_socket.obj (.text:CountSetBits)
                  20013b0e    00000002     --HOLE-- [fill = 0]
                  20013b10    00000040     dpl_cc32xx.aem4 : HwiP_tirtos.oem4 (.text:HwiP_create)
                  20013b50    00000040     driverlib.a : pin.obj (.text:PinModeSet)
                  20013b90    00000040     drivers_cc32xx.aem4 : SPI.oem4 (.text:SPI_open)
                  20013bd0    00000040     slnetsock_release.a : slnetsock.oem4 (.text:SlNetSock_secAttribSet)
                  20013c10    00000040     drivers_cc32xx.aem4 : UART.oem4 (.text:UART_open)
                  20013c50    00000040                         : UDMACC32XX.oem4 (.text:UDMACC32XX_init)
                  20013c90    00000040     simplelink.a : driver.obj (.text:_SlDrvGlobalObjUnLock)
                  20013cd0    00000040                  : driver.obj (.text:_SlFindAndReleasePendingCmd)
                  20013d10    00000040                  : spawn.obj (.text:_SlInternalSpawnWaitForEvent)
                  20013d50    00000040                  : eventreg.obj (.text:_SlIsEventRegistered)
                  20013d90    00000040     httpclient_release.a : httpclient.oem4 (.text:clearReqHeaders)
                  20013dd0    00000040     rtsv7M4_T_le_eabi.lib : u_divt2.asm.obj (.text)
                  20013e10    00000040                           : sprintf.c.obj (.text:sprintf)
                  20013e50    00000040     sysbios.aem4 : BIOS.obj (.text:ti_sysbios_heaps_HeapMem_Instance_init__E)
                  20013e90    00000040     rtsv7M4_T_le_eabi.lib : vsnprintf.c.obj (.text:vsnprintf)
                  20013ed0    0000003e     slnetsock_release.a : slnetsock.oem4 (.text:SlNetSock_close)
                  20013f0e    0000003e     simplelink.a : sl_socket.obj (.text:_SlSocketBuildAddress)
                  20013f4c    0000003e     rtsv7M4_T_le_eabi.lib : _printfi.c.obj (.text:_fcpy)
                  20013f8a    00000006     display.aem4 : DisplayUart.oem4 (.text:DisplayUartMin_control)
                  20013f90    0000003e     sysbios.aem4 : BIOS.obj (.text:sem_timedwait)
                  20013fce    00000002     --HOLE-- [fill = 0]
                  20013fd0    0000003c     drivers_cc32xx.aem4 : PowerCC32XX.oem4 (.text:Power_setConstraint)
                  2001400c    0000003c     dpl_cc32xx.aem4 : SemaphoreP_tirtos.oem4 (.text:SemaphoreP_create)
                  20014048    0000003c     simplelink.a : netapp.obj (.text:_SlNetAppCopyPingResultsToReport)
                  20014084    00000004     release_pem4.oem4 (.text:xdc_runtime_System_Module_GateProxy_leave__E)
                  20014088    0000003c     sysbios.aem4 : BIOS.obj (.text:pthread_mutex_unlock)
                  200140c4    00000004     --HOLE-- [fill = 0]
                  200140c8    0000003c                  : BIOS.obj (.text:ti_sysbios_family_arm_m3_Hwi_Instance_finalize__E)
                  20014104    00000004     --HOLE-- [fill = 0]
                  20014108    0000003c                  : BIOS.obj (.text:ti_sysbios_family_arm_m3_Timer_setPeriodMicroSecs__E)
                  20014144    0000003c     release_pem4.oem4 (.text:ti_sysbios_knl_Clock_create)
                  20014180    0000003c     sysbios.aem4 : BIOS.obj (.text:ti_sysbios_knl_Clock_walkQueuePeriodic__E)
                  200141bc    00000004     --HOLE-- [fill = 0]
                  200141c0    0000003c                  : BIOS.obj (.text:ti_sysbios_knl_Swi_restore__E)
                  200141fc    0000003c     simplelink.a : sl_socket.obj (.text:to_mSec)
                  20014238    0000003c     sysbios.aem4 : BIOS.obj (.text:usleep)
                  20014274    00000004     --HOLE-- [fill = 0]
                  20014278    0000003c                  : BIOS.obj (.text:xdc_runtime_System_processAtExit__E)
                  200142b4    0000003a     slnetifwifi.a : slnetifwifi.obj (.text:SlNetIfWifi_getIPAddr)
                  200142ee    0000003a     httpclient_release.a : httpclient.oem4 (.text:clearResponseValues)
                  20014328    0000003a     dpl_cc32xx.aem4 : PowerCC32XX_tirtos.oem4 (.text:getCountsRTC)
                  20014362    0000003a     httpclient_release.a : httpclient.oem4 (.text:stringncasecmp)
                  2001439c    00000038     driverlib.a : prcm.obj (.text:PRCMLPDSEnterKeepDebugIf)
                  200143d4    00000038     slnetifwifi.a : slnetifwifi.obj (.text:SlNetIfWifi_recvFrom)
                  2001440c    00000038                   : slnetifwifi.obj (.text:SlNetIfWifi_sendTo)
                  20014444    00000038                   : slnetifwifi.obj (.text:SlNetIfWifi_socket)
                  2001447c    00000038     slnetsock_release.a : slnetif.oem4 (.text:SlNetIf_configCheck)
                  200144b4    00000038                         : slnetutils.oem4 (.text:SlNetUtil_htonl)
                  200144ec    00000038     drivers_cc32xx.aem4 : PowerCC32XX.oem4 (.text:notify)
                  20014524    00000038     rtsv7M4_T_le_eabi.lib : fs_tod_t2.asm.obj (.text)
                  2001455c    00000038     drivers_cc32xx.aem4 : UARTCC32XXDMA.oem4 (.text:startTxFifoEmptyClk)
                  20014594    00000038     httpclient_release.a : httpclient.oem4 (.text:stringcasecmp)
                  200145cc    00000004     --HOLE-- [fill = 0]
                  200145d0    00000038     sysbios.aem4 : BIOS.obj (.text:ti_sysbios_knl_Task_processVitalTaskFlag__I)
                  20014608    00000036     slnetifwifi.a : slnetifwifi.obj (.text:SlNetIfWifi_getHostByName)
                  2001463e    00000036                   : slnetifwifi.obj (.text:SlNetIfWifi_select)
                  20014674    00000036     rtsv7M4_T_le_eabi.lib : strncpy.c.obj (.text:strncpy)
                  200146aa    00000002     --HOLE-- [fill = 0]
                  200146ac    00000034     driverlib.a : pin.obj (.text:PinModeGet)
                  200146e0    00000034     drivers_cc32xx.aem4 : PowerCC32XX.oem4 (.text:PowerCC32XX_restoreParkState)
                  20014714    00000034     slnetsock_release.a : slnetutils.oem4 (.text:SlNetUtil_htons)
                  20014748    00000034     drivers_cc32xx.aem4 : UDMACC32XX.oem4 (.text:UDMACC32XX_close)
                  2001477c    00000004     --HOLE-- [fill = 0]
                  20014780    00000034     sysbios.aem4 : BIOS.obj (.text:_pthread_delete$41)
                  200147b4    00000034     rtsv7M4_T_le_eabi.lib : strstr.c.obj (.text:strstr)
                  200147e8    00000034     sysbios.aem4 : BIOS.obj (.text:ti_sysbios_family_arm_m3_Timer_periodicStub__I)
                  2001481c    00000034     release_pem4.oem4 (.text:ti_sysbios_knl_Semaphore_create)
                  20014850    00000034     drivers_cc32xx.aem4 : UARTCC32XXDMA.oem4 (.text:writeFinishedDoCallback)
                  20014884    00000004     --HOLE-- [fill = 0]
                  20014888    00000032     sysbios.aem4 : BIOS.obj (.text:ti_sysbios_hal_Hwi_initStack)
                  200148ba    00000006     display.aem4 : DisplayUart.oem4 (.text:DisplayUartMin_getType)
                  200148c0    00000032     sysbios.aem4 : BIOS.obj (.text:xdc_runtime_System_putchar__I)
                  200148f2    00000030     drivers_cc32xx.aem4 : PowerCC32XX.oem4 (.text:PowerCC32XX_restoreParkedPin)
                  20014922    00000030     simplelink.a : fs.obj (.text:_SlFsStrlen)
                  20014952    00000030     rtsv7M4_T_le_eabi.lib : vsnprintf.c.obj (.text:_outs)
                  20014982    00000002     --HOLE-- [fill = 0]
                  20014984    00000030     release_pem4.oem4 (.text:ti_sysbios_BIOS_atExitFunc__I)
                  200149b4    00000030     release_pem4.oem4 (.text:ti_sysbios_BIOS_startFunc__I)
                  200149e4    00000004     --HOLE-- [fill = 0]
                  200149e8    00000030     sysbios.aem4 : BIOS.obj (.text:ti_sysbios_family_arm_m3_TaskSupport_start__E)
                  20014a18    00000030     release_pem4.oem4 (.text:ti_sysbios_gates_GateHwi_Object__create__S)
                  20014a48    00000030     release_pem4.oem4 (.text:ti_sysbios_gates_GateMutex_Object__create__S)
                  20014a78    00000030     sysbios.aem4 : BIOS.obj (.text:ti_sysbios_gates_GateMutex_enter__E)
                  20014aa8    00000030     release_pem4.oem4 (.text:ti_sysbios_heaps_HeapMem_Object__create__S)
                  20014ad8    00000030     release_pem4.oem4 (.text:ti_sysbios_knl_Semaphore_construct)
                  20014b08    00000030     sysbios.aem4 : BIOS.obj (.text:ti_sysbios_knl_Semaphore_pendTimeout__I)
                  20014b38    00000030                  : BIOS.obj (.text:ti_sysbios_knl_Task_restore__E)
                  20014b68    00000030                  : BIOS.obj (.text:ti_sysbios_knl_Task_unblockI__E)
                  20014b98    0000002e     simplelink.a : cc_pal.obj (.text:Mutex_create_handle)
                  20014bc6    0000002e     rtsv7M4_T_le_eabi.lib : i_tofd_t2.asm.obj (.text)
                  20014bf4    0000002e     release_pem4.oem4 (.text:ti_sysbios_rts_MemAlloc_alloc)
                  20014c22    0000002c     httpclient_release.a : httpclient.oem4 (.text:HTTPClient_destroy)
                  20014c4e    00000002     --HOLE-- [fill = 0]
                  20014c50    0000002c     simplelink.a : cc_pal.obj (.text:NwpPowerOn)
                  20014c7c    0000002c     drivers_cc32xx.aem4 : PowerCC32XX.oem4 (.text:PowerCC32XX_getParkState)
                  20014ca8    0000002c     dpl_cc32xx.aem4 : SemaphoreP_tirtos.oem4 (.text:SemaphoreP_createBinary)
                  20014cd4    0000002c     slnetifwifi.a : slnetifwifi.obj (.text:SlNetIfWifi_recv)
                  20014d00    0000002c                   : slnetifwifi.obj (.text:SlNetIfWifi_send)
                  20014d2c    0000002c     simplelink.a : driver.obj (.text:_SlDrvSyncObjWaitForever)
                  20014d58    0000002c     sysbios.aem4 : BIOS.obj (.text:_pthread_cleanupFxn)
                  20014d84    00000004     --HOLE-- [fill = 0]
                  20014d88    0000002c                  : BIOS.obj (.text:clockFxn$39)
                  20014db4    00000004     --HOLE-- [fill = 0]
                  20014db8    0000002c                  : BIOS.obj (.text:getTime$20)
                  20014de4    0000002c     rtsv7M4_T_le_eabi.lib : strncmp.c.obj (.text:strncmp)
                  20014e10    0000002c     release_pem4.oem4 (.text:ti_sysbios_gates_GateHwi_Handle__label__S)
                  20014e3c    0000002c     release_pem4.oem4 (.text:ti_sysbios_gates_GateMutex_Handle__label__S)
                  20014e68    0000002c     release_pem4.oem4 (.text:ti_sysbios_heaps_HeapMem_Handle__label__S)
                  20014e94    0000002c     release_pem4.oem4 (.text:ti_sysbios_knl_Clock_doTick__I)
                  20014ec0    0000002c     release_pem4.oem4 (.text:ti_sysbios_knl_Queue_construct)
                  20014eec    0000002a     display.aem4 : Display.oem4 (.text:Display_doPrintf)
                  20014f16    0000002a     slnetsock_release.a : slnetutils.oem4 (.text:SlNetUtil_inetPton)
                  20014f40    0000002a     drivers_cc32xx.aem4 : UARTCC32XXDMA.oem4 (.text:UARTCC32XXDMA_readCancel)
                  20014f6a    0000002a                         : UARTCC32XXDMA.oem4 (.text:UARTCC32XXDMA_writeCancel)
                  20014f94    0000002a     release_pem4.oem4 (.text:calloc)
                  20014fbe    00000002     --HOLE-- [fill = 0]
                  20014fc0    0000002a     sysbios.aem4 : BIOS.obj (.text:sem_init)
                  20014fea    00000002     --HOLE-- [fill = 0]
                  20014fec    00000028     display.aem4 : Display.oem4 (.text:Display_doInit)
                  20015014    00000028     driverlib.a : prcm.obj (.text:PRCMPeripheralClkDisable)
                  2001503c    00000028     dpl_cc32xx.aem4 : PowerCC32XX_tirtos.oem4 (.text:PowerCC32XX_initPolicy)
                  20015064    00000028     drivers_cc32xx.aem4 : PowerCC32XX.oem4 (.text:Power_registerNotify)
                  2001508c    00000028     slnetsock_release.a : slnetif.oem4 (.text:SlNetIf_getIfByID)
                  200150b4    00000028                         : slnetsock.oem4 (.text:SlNetSock_secAttribDelete)
                  200150dc    00000028     simplelink.a : driver.obj (.text:_SlDrvProtectionObjLockWaitForever)
                  20015104    00000028                  : driver.obj (.text:_SlDrvProtectionObjUnLock)
                  2001512c    00000028                  : flowcont.obj (.text:_SlFlowContSet)
                  20015154    00000028     sysbios.aem4 : m3_Hwi_asm.obj (.text:ti_sysbios_family_arm_m3_Hwi_excHandlerAsm__I)
                  2001517c    00000004     --HOLE-- [fill = 0]
                  20015180    00000028                  : BIOS.obj (.text:ti_sysbios_knl_Clock_addI__E)
                  200151a8    00000028                  : BIOS.obj (.text:ti_sysbios_knl_Swi_Module_startup__E)
                  200151d0    00000026     drivers_cc32xx.aem4 : List.oem4 (.text:List_put)
                  200151f6    00000026                         : List.oem4 (.text:List_remove)
                  2001521c    00000024                         : PowerCC32XX.oem4 (.text:PowerCC32XX_reset)
                  20015240    00000024     slnetsock_release.a : slnetif.oem4 (.text:SlNetIf_getConnectionStatus)
                  20015264    00000024                         : slnetsock.oem4 (.text:SlNetSock_getIfID)
                  20015288    00000024     simplelink.a : driver.obj (.text:_SlDrvIsApiInProgress)
                  200152ac    00000024                  : driver.obj (.text:_SlDrvStartMeasureTimeout)
                  200152d0    00000024     sysbios.aem4 : BIOS.obj (.text:pthread_attr_init)
                  200152f4    00000024     release_pem4.oem4 (.text:ti_sysbios_BIOS_registerRTSLock__I)
                  20015318    00000024     release_pem4.oem4 (.text:ti_sysbios_BIOS_removeRTSLock__I)
                  2001533c    00000004     --HOLE-- [fill = 0]
                  20015340    00000024     sysbios.aem4 : BIOS.obj (.text:ti_sysbios_family_arm_m3_Timer_postInit__I)
                  20015364    00000004     --HOLE-- [fill = 0]
                  20015368    00000024                  : BIOS.obj (.text:ti_sysbios_family_arm_m3_Timer_startup__E)
                  2001538c    00000024     release_pem4.oem4 (.text:ti_sysbios_gates_GateMutex_Object__delete__S)
                  200153b0    00000024     sysbios.aem4 : BIOS.obj (.text:ti_sysbios_knl_Clock_Module_startup__E)
                  200153d4    00000024     release_pem4.oem4 (.text:ti_sysbios_knl_Clock_Object__delete__S)
                  200153f8    00000024     sysbios.aem4 : BIOS.obj (.text:ti_sysbios_knl_Clock_start__E)
                  2001541c    00000004     --HOLE-- [fill = 0]
                  20015420    00000024                  : BIOS.obj (.text:ti_sysbios_knl_Semaphore_Instance_init__E)
                  20015444    00000024     release_pem4.oem4 (.text:ti_sysbios_knl_Semaphore_Object__delete__S)
                  20015468    00000024     sysbios.aem4 : BIOS.obj (.text:ti_sysbios_knl_Task_restoreHwi__E)
                  2001548c    00000004     --HOLE-- [fill = 0]
                  20015490    00000024                  : BIOS.obj (.text:xdc_runtime_Error_policyMin__E)
                  200154b4    00000020     drivers_cc32xx.aem4 : PowerCC32XX.oem4 (.text:Power_unregisterNotify)
                  200154d4    00000020     slnetifwifi.a : slnetifwifi.obj (.text:SlNetIfWifi_accept)
                  200154f4    00000020     drivers_cc32xx.aem4 : SPICC32XXDMA.oem4 (.text:getPowerMgrId)
                  20015514    00000020                         : UARTCC32XXDMA.oem4 (.text:getPowerMgrId)
                  20015534    00000020     release_pem4.oem4 (.text:ti_sysbios_BIOS_rtsLock__I)
                  20015554    00000020     release_pem4.oem4 (.text:ti_sysbios_family_arm_m3_Hwi_Object__delete__S)
                  20015574    00000004     --HOLE-- [fill = 0]
                  20015578    00000020     sysbios.aem4 : BIOS.obj (.text:ti_sysbios_family_arm_m3_Hwi_clearInterrupt__E)
                  20015598    00000020     release_pem4.oem4 (.text:ti_sysbios_gates_GateHwi_Object__delete__S)
                  200155b8    00000020     release_pem4.oem4 (.text:ti_sysbios_heaps_HeapMem_Object__delete__S)
                  200155d8    00000020     sysbios.aem4 : BIOS.obj (.text:ti_sysbios_knl_Idle_run__E)
                  200155f8    00000020     release_pem4.oem4 (.text:ti_sysbios_knl_Semaphore_destruct)
                  20015618    00000020     release_pem4.oem4 (.text:ti_sysbios_knl_Task_Object__delete__S)
                  20015638    0000001e     slnetifwifi.a : slnetifwifi.obj (.text:SlNetIfWifi_bind)
                  20015656    0000001e                   : slnetifwifi.obj (.text:SlNetIfWifi_connect)
                  20015674    0000001e     simplelink.a : driver.obj (.text:_SlDrvObjLockWaitForever)
                  20015692    0000001e                  : driver.obj (.text:_SlDrvObjUnLock)
                  200156b0    0000001e                  : driver.obj (.text:_SlDrvSyncObjSignal)
                  200156ce    0000001e     drivers_cc32xx.aem4 : UDMACC32XX.oem4 (.text:postNotifyFxn)
                  200156ec    0000001e     httpclient_release.a : httpclient.oem4 (.text:searchRequestHeader)
                  2001570a    0000001e     sysbios.aem4 : m3_Hwi_asm_switch.obj (.text:ti_sysbios_family_xxx_Hwi_switchAndRunFunc)
                  20015728    0000001c     driverlib.a : pin.obj (.text:PinToPadGet)
                  20015744    0000001c     simplelink.a : device.obj (.text:_SlDeviceGetStartResponseConvert)
                  20015760    0000001c                  : spawn.obj (.text:_SlInternalIsItSpawnThread)
                  2001577c    0000001c     rtsv7M4_T_le_eabi.lib : memccpy.c.obj (.text:memccpy)
                  20015798    0000001c     sysbios.aem4 : BIOS.obj (.text:ti_sysbios_family_arm_m3_Hwi_excHandler__I)
                  200157b4    00000004     --HOLE-- [fill = 0]
                  200157b8    0000001c                  : BIOS.obj (.text:ti_sysbios_family_arm_m3_Timer_Module_startup__E)
                  200157d4    00000004     --HOLE-- [fill = 0]
                  200157d8    0000001c                  : BIOS.obj (.text:ti_sysbios_family_arm_m3_Timer_stop__E)
                  200157f4    00000004     --HOLE-- [fill = 0]
                  200157f8    0000001c                  : BIOS.obj (.text:ti_sysbios_gates_GateMutex_Instance_init__E)
                  20015814    00000004     --HOLE-- [fill = 0]
                  20015818    0000001c                  : BIOS.obj (.text:ti_sysbios_knl_Clock_Instance_finalize__E)
                  20015834    0000001c     release_pem4.oem4 (.text:ti_sysbios_knl_Queue_destruct)
                  20015850    0000001c     sysbios.aem4 : BIOS.obj (.text:ti_sysbios_knl_Queue_put__E)
                  2001586c    00000004     --HOLE-- [fill = 0]
                  20015870    0000001c                  : BIOS.obj (.text:ti_sysbios_knl_Task_enter__I)
                  2001588c    00000004     --HOLE-- [fill = 0]
                  20015890    0000001c                  : BIOS.obj (.text:ti_sysbios_rts_ti_ReentSupport_getReent__F)
                  200158ac    0000001c     httpclient_release.a : httpclient.oem4 (.text:validateResponseHeader)
                  200158c8    0000001a     slnetifwifi.a : slnetifwifi.obj (.text:SlNetIfWifi_listen)
                  200158e2    0000001a     release_pem4.oem4 (.text:free)
                  200158fc    0000001a     sysbios.aem4 : m3_Hwi_asm.obj (.text:ti_sysbios_family_arm_m3_Hwi_pendSV__I)
                  20015916    00000002     --HOLE-- [fill = 0]
                  20015918    00000018     drivers_cc32xx.aem4 : PowerCC32XX.oem4 (.text:Power_idleFunc)
                  20015930    00000018     driverlib.a : uart.obj (.text:UARTBusy)
                  20015948    00000018     drivers_cc32xx.aem4 : UART.oem4 (.text:UART_Params_init)
                  20015960    00000018     rtsv7M4_T_le_eabi.lib : args_main.c.obj (.text:_args_main)
                  20015978    00000018                           : vsnprintf.c.obj (.text:_outc)
                  20015990    00000018                           : sprintf.c.obj (.text:_outs)
                  200159a8    00000018     httpclient_release.a : httpclient.oem4 (.text:countChar)
                  200159c0    00000018     rtsv7M4_T_le_eabi.lib : ll_mul_t2.asm.obj (.text)
                  200159d8    00000018                           : strcmp.c.obj (.text:strcmp)
                  200159f0    00000018     release_pem4.oem4 (.text:ti_sysbios_BIOS_rtsUnlock__I)
                  20015a08    00000018     release_pem4.oem4 (.text:ti_sysbios_family_arm_m3_Hwi_Module__startupDone__F)
                  20015a20    00000018     release_pem4.oem4 (.text:ti_sysbios_family_arm_m3_Timer_Module__startupDone__F)
                  20015a38    00000018     sysbios.aem4 : BIOS.obj (.text:ti_sysbios_gates_GateMutex_leave__E)
                  20015a50    00000018                  : BIOS.obj (.text:ti_sysbios_knl_Task_sleepTimeout__I)
                  20015a68    00000018     release_pem4.oem4 (.text:ti_sysbios_rts_ti_ReentSupport_getTlsAddr__I)
                  20015a80    00000018     sysbios.aem4 : BIOS.obj (.text:xdc_runtime_Error_init__E)
                  20015a98    00000018                  : BIOS.obj (.text:xdc_runtime_System_exit__E)
                  20015ab0    00000016     display.aem4 : DisplayUart.oem4 (.text:DisplayUartMin_close)
                  20015ac6    00000016     driverlib.a : prcm.obj (.text:PRCMHIBRegRead)
                  20015adc    00000016                 : prcm.obj (.text:PRCMHIBRegWrite)
                  20015af2    00000016     simplelink.a : driver.obj (.text:_SlDrvMemZero)
                  20015b08    00000016     httpclient_release.a : httpclient.oem4 (.text:clearNonPersistResponseFilter)
                  20015b1e    00000002     --HOLE-- [fill = 0]
                  20015b20    00000016     sysbios.aem4 : BIOS.obj (.text:pthread_mutex_destroy)
                  20015b36    00000016     rtsv7M4_T_le_eabi.lib : strchr.c.obj (.text:strchr)
                  20015b4c    00000016     release_pem4.oem4 (.text:ti_sysbios_BIOS_exitFunc__I)
                  20015b62    00000002     --HOLE-- [fill = 0]
                  20015b64    00000014     drivers_cc32xx.aem4 : PowerCC32XX.oem4 (.text:Power_getDependencyCount)
                  20015b78    00000014                         : SPI.oem4 (.text:SPI_Params_init)
                  20015b8c    00000004     --HOLE-- [fill = 0]
                  20015b90    00000014     sysbios.aem4 : BIOS.obj (.text:pthread_attr_setschedparam)
                  20015ba4    00000014     rtsv7M4_T_le_eabi.lib : strcpy.c.obj (.text:strcpy)
                  20015bb8    00000014                           : strlen.c.obj (.text:strlen)
                  20015bcc    00000014     release_pem4.oem4 (.text:ti_sysbios_family_arm_m3_Hwi_Object__get__S)
                  20015be0    00000014     sysbios.aem4 : BIOS.obj (.text:ti_sysbios_family_arm_m3_Hwi_switchFromBootStack__E)
                  20015bf4    00000014     release_pem4.oem4 (.text:ti_sysbios_heaps_HeapMem_Object__get__S)
                  20015c08    00000014     sysbios.aem4 : BIOS.obj (.text:ti_sysbios_knl_Clock_tickReconfig__E)
                  20015c1c    00000014     release_pem4.oem4 (.text:ti_sysbios_knl_Swi_Object__get__S)
                  20015c30    00000012     dpl_cc32xx.aem4 : SemaphoreP_tirtos.oem4 (.text:SemaphoreP_pend)
                  20015c42    00000012     slnetifwifi.a : slnetifwifi.obj (.text:SlNetIfWifi_close)
                  20015c54    00000004     --HOLE-- [fill = 0]
                  20015c58    00000012     sysbios.aem4 : BIOS.obj (.text:_pthread_runStub$41)
                  20015c6a    00000006     drivers_cc32xx.aem4 : SPICC32XXDMA.oem4 (.text:SPICC32XXDMA_control)
                  20015c70    00000012     sysbios.aem4 : BIOS.obj (.text:ti_sysbios_hal_Hwi_Module_startup__E)
                  20015c82    00000012     rtsv7M4_T_le_eabi.lib : wcslen.c.obj (.text:wcslen)
                  20015c94    00000012     release_pem4.oem4 (.text:xdc_runtime_Startup_exec__I)
                  20015ca6    00000010     ti_drivers_config.obj (.text:Board_init)
                  20015cb6    00000010     dpl_cc32xx.aem4 : HwiP_tirtos.oem4 (.text:HwiP_Params_init)
                  20015cc6    00000010     slnetsock_release.a : slnetsock.oem4 (.text:SlNetSock_secAttribCreate)
                  20015cd6    00000010     simplelink.a : driver.obj (.text:_SlDrvDispatchHttpServerEvents)
                  20015ce6    00000010                  : driver.obj (.text:_SlDrvDispatchNetAppRequestEvents)
                  20015cf6    00000010                  : driver.obj (.text:_SlDrvIsSpawnOwnGlobalLock)
                  20015d06    00000010     ti_drivers_config.obj (.text:dmaErrorFxn)
                  20015d16    00000002     --HOLE-- [fill = 0]
                  20015d18    00000010     sysbios.aem4 : BIOS.obj (.text:pthread_mutexattr_init)
                  20015d28    00000010                  : BIOS.obj (.text:pthread_mutexattr_settype)
                  20015d38    00000010     httpclient_release.a : httpclient.oem4 (.text:skipWhiteSpace)
                  20015d48    00000010     sysbios.aem4 : BIOS.obj (.text:ti_sysbios_BIOS_getCpuFreq__E)
                  20015d58    00000010                  : BIOS.obj (.text:ti_sysbios_BIOS_setThreadType__E)
                  20015d68    00000010                  : BIOS.obj (.text:ti_sysbios_BIOS_start__E)
                  20015d78    00000010                  : m3_TaskSupport_asm.obj (.text:ti_sysbios_family_arm_m3_TaskSupport_glue)
                  20015d88    00000010                  : m3_TaskSupport_asm.obj (.text:ti_sysbios_family_arm_m3_TaskSupport_swap__E)
                  20015d98    00000010                  : BIOS.obj (.text:ti_sysbios_gates_GateMutex_Instance_finalize__E)
                  20015da8    00000010     release_pem4.oem4 (.text:ti_sysbios_knl_Mailbox_Object__get__S)
                  20015db8    00000010     sysbios.aem4 : BIOS.obj (.text:ti_sysbios_knl_Semaphore_Instance_finalize__E)
                  20015dc8    00000010                  : BIOS.obj (.text:ti_sysbios_knl_Swi_disable__E)
                  20015dd8    00000010     release_pem4.oem4 (.text:ti_sysbios_knl_Task_Object__get__S)
                  20015de8    00000010     sysbios.aem4 : BIOS.obj (.text:ti_sysbios_knl_Task_disable__E)
                  20015df8    00000010                  : BIOS.obj (.text:xdc_runtime_Memory_free__E)
                  20015e08    00000010                  : BIOS.obj (.text:xdc_runtime_SysCallback_abort__E)
                  20015e18    00000010                  : BIOS.obj (.text:xdc_runtime_SysCallback_exit__E)
                  20015e28    00000010                  : BIOS.obj (.text:xdc_runtime_SysCallback_putch__E)
                  20015e38    00000010                  : BIOS.obj (.text:xdc_runtime_SysCallback_ready__E)
                  20015e48    00000010                  : BIOS.obj (.text:xdc_runtime_System_vsnprintf__E)
                  20015e58    0000000e     simplelink.a : driver.obj (.text:_SlDrvResetCmdExt)
                  20015e66    0000000e     rtsv7M4_T_le_eabi.lib : copy_decompress_none.c.obj (.text:decompress:none:__TI_decompress_none)
                  20015e74    0000000e     drivers_cc32xx.aem4 : SPICC32XXDMA.oem4 (.text:postNotifyFxn)
                  20015e82    00000006     driverlib.a : utils.obj (.text:UtilsDelay)
                  20015e88    0000000e     sysbios.aem4 : BIOS.obj (.text:pthread_attr_setdetachstate)
                  20015e96    00000002     --HOLE-- [fill = 0]
                  20015e98    0000000e                  : BIOS.obj (.text:sem_wait)
                  20015ea6    0000000e     simplelink.a : cc_pal.obj (.text:spi_Close)
                  20015eb4    00000004     --HOLE-- [fill = 0]
                  20015eb8    0000000e     sysbios.aem4 : BIOS.obj (.text:ti_sysbios_knl_Idle_loop__E)
                  20015ec6    00000002     --HOLE-- [fill = 0]
                  20015ec8    0000000e                  : BIOS.obj (.text:ti_sysbios_knl_Queue_empty__E)
                  20015ed6    0000000c     dpl_cc32xx.aem4 : ClockP_tirtos.oem4 (.text:ClockP_delete)
                  20015ee2    00000002     --HOLE-- [fill = 0]
                  20015ee4    0000000c                     : ClockP_tirtos.oem4 (.text:ClockP_getSystemTickPeriod)
                  20015ef0    0000000c                     : HwiP_tirtos.oem4 (.text:HwiP_delete)
                  20015efc    0000000c     simplelink.a : cc_pal.obj (.text:NwpMaskInterrupt)
                  20015f08    0000000c                  : cc_pal.obj (.text:NwpUnMaskInterrupt)
                  20015f14    0000000c     drivers_cc32xx.aem4 : PowerCC32XX.oem4 (.text:Power_getConstraintMask)
                  20015f20    0000000c     dpl_cc32xx.aem4 : SemaphoreP_tirtos.oem4 (.text:SemaphoreP_delete)
                  20015f2c    0000000c     platform.obj (.text:SimpleLinkHttpServerEventHandler)
                  20015f38    0000000c     platform.obj (.text:SimpleLinkNetAppRequestEventHandler)
                  20015f44    0000000c     simplelink.a : device.obj (.text:_SlDeviceResetRequestInitCompletedCB)
                  20015f50    0000000c     rtsv7M4_T_le_eabi.lib : _lock.c.obj (.text:_register_lock)
                  20015f5c    0000000c                           : _lock.c.obj (.text:_register_unlock)
                  20015f68    0000000c                           : s_copysign.c.obj (.text:copysign)
                  20015f74    0000000c                           : copy_zero_init.c.obj (.text:decompress:ZI:__TI_zero_init)
                  20015f80    0000000c     drivers_cc32xx.aem4 : UARTCC32XXDMA.oem4 (.text:postNotifyFxn)
                  20015f8c    00000004     --HOLE-- [fill = 0]
                  20015f90    0000000c     sysbios.aem4 : BIOS.obj (.text:pthread_self)
                  20015f9c    0000000c     release_pem4.oem4 (.text:ti_sysbios_family_arm_m3_Hwi_Params__init__S)
                  20015fa8    0000000c     sysbios.aem4 : BIOS.obj (.text:ti_sysbios_family_arm_m3_Hwi_disableFxn__E)
                  20015fb4    00000004     --HOLE-- [fill = 0]
                  20015fb8    0000000c                  : BIOS.obj (.text:ti_sysbios_family_arm_m3_TaskSupport_getStackAlignment__E)
                  20015fc4    00000004     --HOLE-- [fill = 0]
                  20015fc8    0000000c                  : BIOS.obj (.text:ti_sysbios_gates_GateHwi_enter__E)
                  20015fd4    0000000c     release_pem4.oem4 (.text:ti_sysbios_knl_Clock_Params__init__S)
                  20015fe0    0000000c     sysbios.aem4 : BIOS.obj (.text:ti_sysbios_knl_Clock_getTicks__E)
                  20015fec    00000004     --HOLE-- [fill = 0]
                  20015ff0    0000000c                  : BIOS.obj (.text:ti_sysbios_knl_Clock_setTicks__E)
                  20015ffc    00000004     --HOLE-- [fill = 0]
                  20016000    0000000c                  : BIOS.obj (.text:ti_sysbios_knl_Clock_tickStart__E)
                  2001600c    00000004     --HOLE-- [fill = 0]
                  20016010    0000000c                  : BIOS.obj (.text:ti_sysbios_knl_Clock_tickStop__E)
                  2001601c    0000000c     release_pem4.oem4 (.text:ti_sysbios_knl_Queue_Object__get__S)
                  20016028    0000000c     release_pem4.oem4 (.text:ti_sysbios_knl_Semaphore_Params__init__S)
                  20016034    0000000c     release_pem4.oem4 (.text:ti_sysbios_knl_Task_Params__init__S)
                  20016040    0000000c     sysbios.aem4 : BIOS.obj (.text:ti_sysbios_knl_Task_self__E)
                  2001604c    00000004     --HOLE-- [fill = 0]
                  20016050    0000000c                  : BIOS.obj (.text:ti_sysbios_rts_ti_ReentSupport_taskRegHook__I)
                  2001605c    0000000c     driverlib.a : udma.obj (.text:uDMAErrorStatusClear)
                  20016068    0000000c                 : udma.obj (.text:uDMAErrorStatusGet)
                  20016074    00000004     --HOLE-- [fill = 0]
                  20016078    0000000c     sysbios.aem4 : BIOS.obj (.text:xdc_runtime_Startup_rtsDone__E)
                  20016084    0000000a     dpl_cc32xx.aem4 : ClockP_tirtos.oem4 (.text:ClockP_Params_init)
                  2001608e    0000000a     drivers_cc32xx.aem4 : SPI.oem4 (.text:SPI_close)
                  20016098    0000000a                         : SPI.oem4 (.text:SPI_transfer)
                  200160a2    0000000a     platform.obj (.text:SimpleLinkFatalErrorEventHandler)
                  200160ac    0000000a     platform.obj (.text:SimpleLinkGeneralEventHandler)
                  200160b6    0000000a     platform.obj (.text:SimpleLinkNetAppRequestMemFreeEventHandler)
                  200160c0    0000000a     platform.obj (.text:SimpleLinkSockEventHandler)
                  200160ca    0000000a     platform.obj (.text:SimpleLinkWlanEventHandler)
                  200160d4    0000000a     drivers_cc32xx.aem4 : UART.oem4 (.text:UART_close)
                  200160de    0000000a                         : UART.oem4 (.text:UART_control)
                  200160e8    0000000a                         : UART.oem4 (.text:UART_write)
                  200160f2    0000000a     rtsv7M4_T_le_eabi.lib : sprintf.c.obj (.text:_outc)
                  200160fc    00000004     --HOLE-- [fill = 0]
                  20016100    0000000a     sysbios.aem4 : BIOS.obj (.text:sem_destroy)
                  2001610a    00000006     --HOLE-- [fill = 0]
                  20016110    0000000a                  : BIOS.obj (.text:sem_post)
                  2001611a    0000000a     simplelink.a : device.obj (.text:sl_Task)
                  20016124    0000000a     release_pem4.oem4 (.text:xdc_runtime_IHeap_alloc)
                  2001612e    0000000a     release_pem4.oem4 (.text:xdc_runtime_IHeap_free)
                  20016138    00000008     dpl_cc32xx.aem4 : SemaphoreP_tirtos.oem4 (.text:SemaphoreP_Params_init)
                  20016140    00000008     simplelink.a : cc_pal.obj (.text:TimerGetCurrentTimestamp)
                  20016148    00000008     drivers_cc32xx.aem4 : SPICC32XXDMA.oem4 (.text:blockingTransferCallback)
                  20016150    00000008     sysbios.aem4 : BIOS.obj (.text:pthread_attr_setstacksize)
                  20016158    00000008                  : BIOS.obj (.text:pthread_mutex_lock)
                  20016160    00000008     drivers_cc32xx.aem4 : UARTCC32XXDMA.oem4 (.text:readSemCallback)
                  20016168    00000008     sysbios.aem4 : BIOS.obj (.text:sem_getvalue)
                  20016170    00000008                  : BIOS.obj (.text:ti_sysbios_family_arm_m3_Hwi_doSwiRestore__I)
                  20016178    00000008                  : BIOS.obj (.text:ti_sysbios_family_arm_m3_Hwi_startup__E)
                  20016180    00000008     drivers_cc32xx.aem4 : UARTCC32XXDMA.oem4 (.text:writeSemCallback)
                  20016188    00000006     sysbios.aem4 : BIOS.obj (.text:ti_sysbios_family_arm_m3_Hwi_doTaskRestore__I)
                  2001618e    00000002     --HOLE-- [fill = 0]
                  20016190    00000006                  : BIOS.obj (.text:ti_sysbios_family_arm_m3_Hwi_restoreFxn__E)
                  20016196    00000002     --HOLE-- [fill = 0]
                  20016198    00000006                  : BIOS.obj (.text:ti_sysbios_gates_GateHwi_leave__E)
                  2001619e    00000002     --HOLE-- [fill = 0]
                  200161a0    00000006                  : BIOS.obj (.text:ti_sysbios_heaps_HeapMem_isBlocking__E)
                  200161a6    00000002     --HOLE-- [fill = 0]
                  200161a8    00000006                  : BIOS.obj (.text:ti_sysbios_knl_Clock_stop__E)
                  200161ae    00000002     --HOLE-- [fill = 0]
                  200161b0    00000006                  : BIOS.obj (.text:ti_sysbios_knl_Queue_Instance_init__E)
                  200161b6    00000002     --HOLE-- [fill = 0]
                  200161b8    00000006                  : BIOS.obj (.text:ti_sysbios_knl_Swi_startup__E)
                  200161be    00000002     --HOLE-- [fill = 0]
                  200161c0    00000006                  : BIOS.obj (.text:xdc_runtime_System_Module_startup__E)
                  200161c6    00000002     --HOLE-- [fill = 0]
                  200161c8    00000004                  : BIOS.obj (.text:__aeabi_errno_addr)
                  200161cc    00000004     --HOLE-- [fill = 0]
                  200161d0    00000004                  : BIOS.obj (.text:ti_sysbios_family_arm_m3_Timer_getMaxTicks__E)
                  200161d4    00000004     --HOLE-- [fill = 0]
                  200161d8    00000004                  : BIOS.obj (.text:ti_sysbios_gates_GateHwi_query__E)
                  200161dc    00000004     --HOLE-- [fill = 0]
                  200161e0    00000004                  : BIOS.obj (.text:ti_sysbios_gates_GateMutex_query__E)
                  200161e4    00000004     --HOLE-- [fill = 0]
                  200161e8    00000004                  : BIOS.obj (.text:ti_sysbios_knl_Clock_setTimeout__E)
                  200161ec    00000004     --HOLE-- [fill = 0]
                  200161f0    00000004                  : BIOS.obj (.text:ti_sysbios_knl_Task_startup__E)
                  200161f4    00000004     --HOLE-- [fill = 0]
                  200161f8    00000004                  : BIOS.obj (.text:xdc_runtime_SysCallback_defaultReady)
                  200161fc    00000004     --HOLE-- [fill = 0]
                  20016200    00000002                  : BIOS.obj (.text:ti_sysbios_BIOS_linkedWithIncorrectBootLibrary__E)
                  20016202    00000006     --HOLE-- [fill = 0]
                  20016208    00000002                  : BIOS.obj (.text:ti_sysbios_gates_GateHwi_Instance_init__E)
                  2001620a    00000006     --HOLE-- [fill = 0]
                  20016210    00000002                  : BIOS.obj (.text:ti_sysbios_knl_Clock_logTick__E)
                  20016212    00000006     --HOLE-- [fill = 0]
                  20016218    00000002                  : BIOS.obj (.text:xdc_runtime_SysCallback_defaultAbort)
                  2001621a    00000006     --HOLE-- [fill = 0]
                  20016220    00000002                  : BIOS.obj (.text:xdc_runtime_SysCallback_defaultExit)
                  20016222    00000006     --HOLE-- [fill = 0]
                  20016228    00000002                  : BIOS.obj (.text:xdc_runtime_SysCallback_defaultPutch)
                  2001622a    00000006     --HOLE-- [fill = 0]
                  20016230    00000002                  : BIOS.obj (.text:xdc_runtime_System_abortSpin__E)
                  20016232    00000006     --HOLE-- [fill = 0]
                  20016238    00000002                  : BIOS.obj (.text:xdc_runtime_System_exitSpin__E)

.bss       0    2001e400    00001471     UNINITIALIZED
                  2001e400    00000400     ti_drivers_config.obj (.bss:displayUARTBuffer)
                  2001e800    00000400     ti_drivers_config.obj (.bss:dmaControlTable)
                  2001ec00    000003fc     (.common:g_CB)
                  2001effc    0000030c     (.common:ti_sysbios_family_arm_m3_Hwi_dispatchTable)
                  2001f308    00000200     release_pem4.oem4 (.bss:taskStackSection)
                  2001f508    0000012c     (.common:PowerCC32XX_contextSave)
                  2001f634    00000088     (.common:spiCC32XXDMAObjects)
                  2001f6bc    00000080     slnetsock_release.a : slnetsock.oem4 (.bss:VirtualSockets)
                  2001f73c    0000006c     (.common:uartCC32XXObjects0)
                  2001f7a8    0000002c     (.common:GlobalLockObj)
                  2001f7d4    00000028     (.common:g_SlInternalSpawnCB)
                  2001f7fc    0000001c                         : slnetsock.oem4 (.bss:VirtualSocketSem)
                  2001f818    00000014     drivers_cc32xx.aem4 : UDMACC32XX.oem4 (.bss:postNotifyObj)
                  2001f82c    0000000c     (.common:DeviceCB)
                  2001f838    0000000c     (.common:Msg)
                  2001f844    0000000c     (.common:displayUartObject)
                  2001f850    00000008     (.common:spiCC32XXSDMAscratchBuf)
                  2001f858    00000008     (.common:udmaCC3220SObject)
                  2001f860    00000004     (.common:ClockP_tickPeriod)
                  2001f864    00000004     (.common:display)
                  2001f868    00000004     (.common:mode)
                  2001f86c    00000004     (.common:ti_sysbios_knl_Task_Instance_State_0_hookEnv__A)
                  2001f870    00000001     (.common:RxIrqCnt)

.const     0    2001f874    00000db3     
                  2001f874    00000288     httpclient_release.a : httpclient.oem4 (.const:.string)
                  2001fafc    00000101     rtsv7M4_T_le_eabi.lib : ctype.c.obj (.const:.string:_ctypes_)
                  2001fbfd    00000001     display.aem4 : Display.oem4 (.const:Display_defaultParams)
                  2001fbfe    00000002     release_pem4.oem4 (.const:ti_sysbios_family_arm_m3_Hwi_Module__id__C)
                  2001fc00    00000100     driverlib.a : pin.obj (.const:g_ulPinToPadMap)
                  2001fd00    000000a8                 : prcm.obj (.const:PRCM_PeriphRegsList)
                  2001fda8    00000078     ti_drivers_config.obj (.const:spiCC32XXDMAHWAttrs)
                  2001fe20    00000070     simplelink.a : driver.obj (.const:OpcodeTranslateTable)
                  2001fe90    00000050                  : driver.obj (.const:_SlActionLookupTable)
                  2001fee0    00000040     ti_drivers_config.obj (.const:PowerCC32XX_config)
                  2001ff20    0000003c     release_pem4.oem4 (.const:ti_sysbios_knl_Task_Object__PARAMS__C)
                  2001ff5c    00000030     release_pem4.oem4 (.const:ti_sysbios_family_arm_m3_Hwi_Object__PARAMS__C)
                  2001ff8c    00000028     drivers_cc32xx.aem4 : UARTCC32XXDMA.oem4 (.const:UARTCC32XXDMA_fxnTable)
                  2001ffb4    00000028     release_pem4.oem4 (.const:ti_sysbios_heaps_HeapMem_Module__FXNS__C)
                  2001ffdc    00000024     drivers_cc32xx.aem4 : UART.oem4 (.const:UART_defaultParams)
                  20020000    00000024     release_pem4.oem4 (.const:ti_sysbios_gates_GateHwi_Module__FXNS__C)
                  20020024    00000024     release_pem4.oem4 (.const:ti_sysbios_gates_GateMutex_Module__FXNS__C)
[...]
20016001  ti_sysbios_knl_Clock_tickStart__E                               
20016011  ti_sysbios_knl_Clock_tickStop__E                                
2001601d  ti_sysbios_knl_Queue_Object__get__S                             
20016029  ti_sysbios_knl_Semaphore_Params__init__S                        
20016035  ti_sysbios_knl_Task_Params__init__S                             
20016041  ti_sysbios_knl_Task_self__E                                     
20016051  ti_sysbios_rts_ti_ReentSupport_taskRegHook__I                   
2001605d  uDMAErrorStatusClear                                            
20016069  uDMAErrorStatusGet                                              
20016079  xdc_runtime_Startup_rtsDone__E                                  
20016085  ClockP_Params_init                                              
2001608f  SPI_close                                                       
20016099  SPI_transfer                                                    
200160a3  SimpleLinkFatalErrorEventHandler                                
200160ad  SimpleLinkGeneralEventHandler                                   
200160b7  SimpleLinkNetAppRequestMemFreeEventHandler                      
200160c1  SimpleLinkSockEventHandler                                      
200160cb  SimpleLinkWlanEventHandler                                      
200160d5  UART_close                                                      
200160df  UART_control                                                    
200160e9  UART_write                                                      
20016101  sem_destroy                                                     
20016111  sem_post                                                        
2001611b  sl_Task                                                         
20016125  xdc_runtime_Memory_HeapProxy_alloc__E                           
2001612f  xdc_runtime_Memory_HeapProxy_free__E                            
20016139  SemaphoreP_Params_init                                          
20016141  TimerGetCurrentTimestamp                                        
20016151  pthread_attr_setstacksize                                       
20016159  pthread_mutex_lock                                              
20016169  sem_getvalue                                                    
20016171  ti_sysbios_family_arm_m3_Hwi_doSwiRestore__I                    
20016179  ti_sysbios_family_arm_m3_Hwi_startup__E                         
20016179  ti_sysbios_hal_Hwi_HwiProxy_startup__E                          
20016179  ti_sysbios_hal_Hwi_startup__E                                   
20016189  ti_sysbios_family_arm_m3_Hwi_doTaskRestore__I                   
20016191  HwiP_restore                                                    
20016191  ti_sysbios_family_arm_m3_Hwi_restoreFxn__E                      
20016191  ti_sysbios_hal_Hwi_HwiProxy_restore__E                          
20016199  ti_sysbios_gates_GateHwi_leave__E                               
200161a1  ti_sysbios_heaps_HeapMem_isBlocking__E                          
200161a9  ti_sysbios_knl_Clock_stop__E                                    
200161b1  ti_sysbios_knl_Queue_Instance_init__E                           
200161b9  ti_sysbios_knl_Swi_startup__E                                   
200161c1  xdc_runtime_System_Module_startup__E                            
200161c9  __aeabi_errno_addr                                              
200161d1  ti_sysbios_family_arm_m3_Timer_getMaxTicks__E                   
200161d9  ti_sysbios_gates_GateHwi_query__E                               
200161d9  xdc_runtime_Main_Module_GateProxy_query__E                      
200161d9  xdc_runtime_System_Module_GateProxy_query__E                    
200161e1  ti_sysbios_BIOS_RtsGateProxy_query__E                           
200161e1  ti_sysbios_gates_GateMutex_query__E                             
200161e1  ti_sysbios_heaps_HeapMem_Module_GateProxy_query__E              
200161e9  ti_sysbios_knl_Clock_setTimeout__E                              
200161f1  ti_sysbios_knl_Task_startup__E                                  
200161f9  xdc_runtime_SysCallback_defaultReady                            
20016201  ti_sysbios_BIOS_linkedWithIncorrectBootLibrary__E               
20016209  ti_sysbios_gates_GateHwi_Instance_init__E                       
20016211  ti_sysbios_knl_Clock_logTick__E                                 
20016219  xdc_runtime_SysCallback_defaultAbort                            
20016221  xdc_runtime_SysCallback_defaultExit                             
20016229  xdc_runtime_SysCallback_defaultPutch                            
20016231  xdc_runtime_System_abortSpin__E                                 
20016239  xdc_runtime_System_exitSpin__E                                  
20016240  __primary_heap_start__                                          
2001e240  __primary_heap_end__                                            
2001ec00  g_CB                                                            
2001effc  ti_sysbios_family_arm_m3_Hwi_dispatchTable                      
2001f308  ti_sysbios_knl_Task_Instance_State_0_stack__A                   
2001f508  PowerCC32XX_contextSave                                         
2001f634  spiCC32XXDMAObjects                                             
2001f73c  uartCC32XXObjects0                                              
2001f7a8  GlobalLockObj                                                   
2001f7d4  g_SlInternalSpawnCB                                             
2001f82c  DeviceCB                                                        
2001f838  Msg                                                             
2001f844  displayUartObject                                               
2001f850  spiCC32XXSDMAscratchBuf                                         
2001f858  udmaCC3220SObject                                               
2001f860  ClockP_tickPeriod                                               
2001f864  display                                                         
2001f868  mode                                                            
2001f86c  ti_sysbios_knl_Task_Instance_State_0_hookEnv__A                 
2001f870  RxIrqCnt                                                        
2001fafc  _ctypes_                                                        
2001fbfd  Display_defaultParams                                           
2001fbfe  ti_sysbios_family_arm_m3_Hwi_Module__id__C                      
2001fda8  spiCC32XXDMAHWAttrs                                             
2001fe20  OpcodeTranslateTable                                            
2001fe90  _SlActionLookupTable                                            
2001fee0  PowerCC32XX_config                                              
2001ff20  ti_sysbios_knl_Task_Object__PARAMS__C                           
2001ff5c  ti_sysbios_family_arm_m3_Hwi_Object__PARAMS__C                  
2001ff8c  UARTCC32XXDMA_fxnTable                                          
2001ffb4  ti_sysbios_heaps_HeapMem_Module__FXNS__C                        
2001ffdc  UART_defaultParams                                              
20020000  ti_sysbios_gates_GateHwi_Module__FXNS__C                        
20020024  ti_sysbios_gates_GateMutex_Module__FXNS__C                      
20020048  ti_sysbios_heaps_HeapMem_Object__PARAMS__C                      
2002006c  ti_sysbios_knl_Clock_Object__PARAMS__C                          
20020090  ti_sysbios_knl_Semaphore_Object__PARAMS__C                      
200200fa  ti_sysbios_family_arm_m3_Timer_Module__id__C                    
200200fc  DisplayUartMin_fxnTable                                         
2002013c  SPI_defaultParams                                               
2002017c  ti_sysbios_family_arm_m3_Hwi_Object__DESC__C                    
2002019c  ti_sysbios_gates_GateHwi_Object__DESC__C                        
200201bc  ti_sysbios_gates_GateMutex_Object__DESC__C                      
200201dc  ti_sysbios_heaps_HeapMem_Object__DESC__C                        
200201fc  ti_sysbios_knl_Clock_Object__DESC__C                            
2002021c  ti_sysbios_knl_Queue_Object__DESC__C                            
2002023c  ti_sysbios_knl_Semaphore_Object__DESC__C                        
2002025c  ti_sysbios_knl_Task_Object__DESC__C                             
2002027c  xdc_runtime_Startup_sfxnTab__A                                  
2002029c  SPICC32XXDMA_fxnTable                                           
200202b4  SPI_config                                                      
200202cc  ti_sysbios_gates_GateHwi_Object__PARAMS__C                      
200202e4  ti_sysbios_gates_GateMutex_Object__PARAMS__C                    
200202fc  ti_sysbios_knl_Queue_Object__PARAMS__C                          
20020314  ti_sysbios_knl_Task_hooks__A                                    
200203b8  displayUartHWAttrs                                              
20020420  xdc_runtime_Startup_sfxnRts__A                                  
2002043c  Display_config                                                  
20020448  UART_config                                                     
20020478  udmaCC3220SHWAttrs                                              
20020484  xdc_runtime_Startup_firstFxns__A                                
20020498  UDMACC32XX_config                                               
200204c0  ti_sysbios_knl_Idle_funcList__A                                 
200204c8  ti_sysbios_knl_Idle_funcList__C                                 
200204d0  ti_sysbios_knl_Task_hooks__C                                    
200204d8  xdc_runtime_Startup_firstFxns__C                                
200204e0  xdc_runtime_Startup_lastFxns__C                                 
20020514  _SlNetAppSendResponseCmdCtrl                                    
20020518  _SlNetAppSendTokenValueCmdCtrl                                  
20020548  Display_count                                                   
20020549  CryptoCC32XX_count                                              
2002054a  SPI_count                                                       
2002054b  UART_count                                                      
2002054c  ti_sysbios_family_arm_m3_Hwi_E_alreadyDefined__C                
20020550  ti_sysbios_family_arm_m3_Hwi_E_badIntNum__C                     
20020554  ti_sysbios_family_arm_m3_Hwi_NUM_INTERRUPTS__C                  
20020558  ti_sysbios_family_arm_m3_Hwi_Object__count__C                   
2002055c  ti_sysbios_family_arm_m3_Hwi_ccr__C                             
20020560  ti_sysbios_family_arm_m3_Hwi_excHandlerFunc__C                  
20020564  ti_sysbios_family_arm_m3_Hwi_nullIsrFunc__C                     
20020568  ti_sysbios_family_arm_m3_Hwi_priGroup__C                        
2002056c  ti_sysbios_family_arm_m3_Hwi_swiDisable__C                      
20020570  ti_sysbios_family_arm_m3_Hwi_swiRestore__C                      
20020574  ti_sysbios_family_arm_m3_TaskSupport_stackAlignment__C          
20020578  ti_sysbios_family_arm_m3_Timer_E_cannotSupport__C               
2002057c  ti_sysbios_family_arm_m3_Timer_startupNeeded__C                 
20020580  ti_sysbios_gates_GateMutex_Instance_State_sem__O                
20020584  ti_sysbios_heaps_HeapMem_E_memory__C                            
20020588  ti_sysbios_heaps_HeapMem_Module__gateObj__C                     
2002058c  ti_sysbios_heaps_HeapMem_Object__count__C                       
20020590  ti_sysbios_heaps_HeapMem_primaryHeapBaseAddr__C                 
20020594  ti_sysbios_heaps_HeapMem_primaryHeapEndAddr__C                  
20020598  ti_sysbios_heaps_HeapMem_reqAlign__C                            
2002059c  ti_sysbios_knl_Clock_Module_State_clockQ__O                     
200205a0  ti_sysbios_knl_Clock_tickPeriod__C                              
200205a4  ti_sysbios_knl_Mailbox_Instance_State_freeQue__O                
200205a8  ti_sysbios_knl_Mailbox_Object__count__C                         
200205ac  ti_sysbios_knl_Mailbox_maxTypeAlign__C                          
200205b0  ti_sysbios_knl_Semaphore_Instance_State_pendQ__O                
200205b4  ti_sysbios_knl_Swi_Object__count__C                             
200205b8  ti_sysbios_knl_Task_Module_State_inactiveQ__O                   
200205bc  ti_sysbios_knl_Task_Object__count__C                            
200205c0  ti_sysbios_knl_Task_Object__heap__C                             
200205c4  ti_sysbios_knl_Task_allBlockedFunc__C                           
200205c8  ti_sysbios_knl_Task_defaultStackHeap__C                         
200205cc  ti_sysbios_knl_Task_defaultStackSize__C                         
200205d0  ti_sysbios_knl_Task_numConstructedTasks__C                      
200205d4  xdc_runtime_Error_E_memory__C                                   
200205d8  xdc_runtime_Error_policyFxn__C                                  
200205dc  xdc_runtime_IGateProvider_Interface__BASE__C                    
200205e0  xdc_runtime_IHeap_Interface__BASE__C                            
200205e4  xdc_runtime_IModule_Interface__BASE__C                          
200205e8  xdc_runtime_Memory_defaultHeapInstance__C                       
200205ec  xdc_runtime_Startup_execImpl__C                                 
200205f0  xdc_runtime_Startup_maxPasses__C                                
200205f4  xdc_runtime_Startup_sfxnRts__C                                  
200205f8  xdc_runtime_Startup_sfxnTab__C                                  
200205fc  xdc_runtime_SysCallback_abortFxn__C                             
20020600  xdc_runtime_SysCallback_exitFxn__C                              
20020604  xdc_runtime_SysCallback_putchFxn__C                             
20020608  xdc_runtime_SysCallback_readyFxn__C                             
2002060c  xdc_runtime_System_Module__gateObj__C                           
20020610  xdc_runtime_System_abortFxn__C                                  
20020614  xdc_runtime_System_exitFxn__C                                   
20020618  xdc_runtime_System_extendFxn__C                                 
2002061c  xdc_runtime_System_maxAtexitHandlers__C                         
20020620  ti_sysbios_heaps_HeapMem_Module__id__C                          
20020622  xdc_runtime_Memory_Module__id__C                                
20020624  ti_sysbios_knl_Clock_tickMode__C                                
20020625  ti_sysbios_knl_Clock_tickSource__C                              
20020626  xdc_runtime_Error_policy__C                                     
20020628  PowerCC32XX_module                                              
20020794  parkInfo                                                        
200209cc  ti_sysbios_knl_Swi_Module_State_0_readyQ__A                     
20020a4c  ti_sysbios_knl_Task_Module_State_0_readyQ__A                    
20020acc  SlNetIfConfigWifi                                               
20020b24  ti_sysbios_gates_GateMutex_Object__table__V                     
20020bc8  ti_sysbios_knl_Task_Object__table__V                            
20020c14  ti_sysbios_knl_Task_Module__state__V                            
20020c58  ti_sysbios_family_arm_m3_Hwi_Module__state__V                   
20020c8c  ti_sysbios_family_arm_m3_Timer_Object__table__V                 
20020cbc  ti_sysbios_knl_Swi_Object__table__V                             
20020cec  ti_sysbios_knl_Clock_Module__state__V                           
20020d18  g_LibsEvents                                                    
20020d3c  g_UserEvents                                                    
20020d60  ti_sysbios_BIOS_Module__state__V                                
20020d84  xdc_runtime_Error_IgnoreBlock                                   
20020da4  HTTP_METHOD_GET                                                 
20020da8  HTTP_METHOD_POST                                                
20020dac  HTTP_METHOD_HEAD                                                
20020db0  HTTP_METHOD_OPTIONS                                             
20020db4  HTTP_METHOD_PUT                                                 
20020db8  HTTP_METHOD_DELETE                                              
20020dbc  HTTP_METHOD_CONNECT                                             
20020dc0  ti_sysbios_knl_Swi_Module__state__V                             
20020ddc  ti_sysbios_family_arm_m3_Hwi_Object__table__V                   
20020df4  ti_sysbios_heaps_HeapMem_Object__table__V                       
20020e1c  ti_sysbios_family_arm_cc32xx_Seconds_Module__state__V           
20020e2c  gGlobalLockCntRequested                                         
20020e2d  gGlobalLockCntReleased                                          
20020e2e  g_SlDeviceStatus                                                
20020e30  g_pCB                                                           
20020e34  pPingCallBackFunc                                               
20020e38  ti_sysbios_family_arm_m3_Timer_Module__state__V                 
20020e44  _lock                                                           
20020e48  _unlock                                                         
20020e54  httpThread                                                      
20020e58  spawn_thread                                                    
20020e5c  ti_sysbios_family_arm_m3_Hwi_Module__root__V                    
20020e64  ti_sysbios_gates_GateHwi_Module__root__V                        
20020e6c  ti_sysbios_gates_GateMutex_Module__root__V                      
20020e74  ti_sysbios_heaps_HeapMem_Module__root__V                        
20020e7c  ti_sysbios_knl_Clock_Module__root__V                            
20020e84  ti_sysbios_knl_Queue_Module__root__V                            
20020e8c  ti_sysbios_knl_Semaphore_Module__root__V                        
20020e94  ti_sysbios_knl_Task_Module__root__V                             
20020e9c  xdc_runtime_Startup_Module__state__V                            
20020ea4  xdc_runtime_System_Module_State_0_atexitHandlers__A             
20020eac  xdc_runtime_System_Module__state__V                             
20020eb4  main_func_sp                                                    
20020eb8  g_intHandle                                                     
20020ec0  ti_sysbios_family_arm_m3_Hwi_Module_State_0_excContext__A       
20020ec4  ti_sysbios_family_arm_m3_Hwi_Module_State_0_excStack__A         
20020ec8  ti_sysbios_gates_GateHwi_Object__table__V                       
20020ecc  ti_sysbios_knl_Task_Module_State_0_idleTask__A                  
20020ed0  ti_sysbios_rts_ti_ReentSupport_Module__state__V                 
20020ed4  xdc_runtime_Memory_Module__state__V                             
20020ed8  ti_sysbios_family_arm_m3_Hwi_Module_State_0_excActive__A        
20020ee0  __TI_static_base__                                              
20021244  __TI_Handler_Table_Base                                         
20021250  __TI_Handler_Table_Limit                                        
20021258  __TI_CINIT_Base                                                 
20021268  __TI_CINIT_Limit                                                
e000e000  ti_sysbios_family_arm_m3_Hwi_nvic                               
ffffffff  __TI_pprof_out_hndl                                             
ffffffff  __TI_prof_data_size                                             
ffffffff  __TI_prof_data_start                                            
ffffffff  __binit__                                                       
ffffffff  __c_args__                                                      
ffffffff  binit                                                           
UNDEFED   SHT$$INIT_ARRAY$$Base                                           
UNDEFED   SHT$$INIT_ARRAY$$Limit                                          

[843 symbols]
