******************************************************************************
                  TI ARM Linker PC v18.12.3                    
******************************************************************************
>> Linked Tue Nov 19 16:31:49 2019

OUTPUT FILE NAME:   <httpget_CC3220S_LAUNCHXL_tirtos_ccs2.out>
ENTRY POINT SYMBOL: "_c_int00"  address: 200163dd


MEMORY CONFIGURATION

         name            origin    length      used     unused   attr    fill
----------------------  --------  ---------  --------  --------  ----  --------
  SRAM0                 20000000   00004000  0000070c  000038f4  RW X
  SRAM                  20004000   0003c000  00020c70  0001b390  RW X


SEGMENT ALLOCATION MAP

run origin  load origin   length   init length attrs members
----------  ----------- ---------- ----------- ----- -------
20003c00    20003c00    00000400   00000000    rw-
  20003c00    20003c00    00000400   00000000    rw- .stack
20004000    20004000    0001d4f8   000154f2    r-x
  20004000    20004000    0000003c   0000003c    r-- .resetVecs
  20004040    20004040    000154b2   000154b2    r-x .text
  200194f8    200194f8    00008000   00000000    r-- .priheap
20021800    20021800    00001518   00000000    rw-
  20021800    20021800    00001518   00000000    rw- .bss
20022d18    20022d18    00000f81   00000f81    r--
  20022d18    20022d18    00000f81   00000f81    r-- .const
20023c9c    20023c9c    00000e41   00000000    rw-
  20023c9c    20023c9c    00000e41   00000000    rw- .data
20024ae0    20024ae0    000004a8   000004a8    r--
  20024ae0    20024ae0    000004a8   000004a8    r-- .cinit


SECTION ALLOCATION MAP

 output                                  attributes/
section   page    origin      length       input sections
--------  ----  ----------  ----------   ----------------
.vecs      0    20000000    0000030c     NOLOAD SECTION
                  20000000    0000030c     release_pem4.oem4 (.vecs)

.stack     0    20003c00    00000400     UNINITIALIZED
                  20003c00    00000400     --HOLE--

.text      0    20004040    000154b2     
                  20004040    00000a4e     rtsv7M4_T_le_eabi.lib : _printfi.c.obj (.text:__TI_printfi)
                  20004a8e    00000002     ti_drivers_config.obj (.text:Board_initHook)
                  20004a90    000008cc     simplelink.a : driver.obj (.text:_SlDrvMsgRead)
                  2000535c    0000069c     httpget.obj (.text:httpTask)
                  200059f8    000004bc     simplelink.a : sl_socket.obj (.text:_SlSocketHandleAsync_Select)
                  20005eb4    0000042c     driverlib.a : prcm.obj (.text:PRCMCC3200MCUInit)
                  200062e0    0000040c     httpclient_release.a : httpclient.oem4 (.text:sendRequest)
                  200066ec    00000384     simplelink.a : driver.obj (.text:_SlDrvMsgWrite)
                  20006a70    000002e0                  : driver.obj (.text:_SlDrvWaitForPoolObj)
                  20006d50    000002d8                  : driver.obj (.text:_SlDrvRxHdrRead)
                  20007028    000002b4                  : sl_socket.obj (.text:sl_Select)
                  200072dc    00000294                  : driver.obj (.text:_SlDrvReleasePoolObj)
                  20007570    00000280     drivers_cc32xx.aem4 : UARTCC32XX.oem4 (.text:UARTCC32XX_open)
                  200077f0    0000027c     simplelink.a : wlan.obj (.text:sl_WlanConnect)
                  20007a6c    00000268     rtsv7M4_T_le_eabi.lib : _printfi.c.obj (.text:_pconv_a)
                  20007cd4    0000025c     simplelink.a : driver.obj (.text:_SlDrvDataReadOp)
                  20007f30    00000228     PEMS.obj (.text:update_values)
                  20008158    00000224     simplelink.a : driver.obj (.text:_SlDrvDriverCBInit)
                  2000837c    00000218                  : driver.obj (.text:_SlDrvDataWriteOp)
                  20008594    00000214     PEMS.obj (.text:execute_reading)
                  200087a8    000001fc     httpclient_release.a : httpclient.oem4 (.text:SlNetSock_connectURI)
                  200089a4    000001f4     simplelink.a : driver.obj (.text:_SlDrvMsgReadCmdCtx)
                  20008b98    000001f2                  : netapp.obj (.text:_SlNetAppEventHandler)
                  20008d8a    00000002     drivers_cc32xx.aem4 : CaptureCC32XX.oem4 (.text:CaptureCC32XX_init)
                  20008d8c    000001ec     PEMS.obj (.text:mainThread)
                  20008f78    000001e0     httpclient_release.a : httpclient.oem4 (.text:HTTPClient_connect2)
                  20009158    000001d4     drivers_cc32xx.aem4 : GPIOCC32XX.oem4 (.text:GPIO_setConfig)
                  2000932c    000001d0                         : SPICC32XXDMA.oem4 (.text:SPICC32XXDMA_transfer)
                  200094fc    000001cc     rtsv7M4_T_le_eabi.lib : _printfi.c.obj (.text:_pconv_g)
                  200096c8    000001c8     simplelink.a : device.obj (.text:sl_Stop)
                  20009890    000001b8     dht22.obj (.text:DHT_translateData)
                  20009a48    000001b8     drivers_cc32xx.aem4 : SPICC32XXDMA.oem4 (.text:configDMA)
                  20009c00    000001b6     rtsv7M4_T_le_eabi.lib : fd_add_t2.asm.obj (.text)
                  20009db6    00000002     drivers_cc32xx.aem4 : PWMTimerCC32XX.oem4 (.text:PWMTimerCC32XX_init)
                  20009db8    000001b4     simplelink.a : driver.obj (.text:_SlDrvReleaseAllActivePendingPoolObj)
                  20009f6c    000001ac                  : sl_socket.obj (.text:sl_Accept)
                  2000a118    000001a0     httpclient_release.a : httpclient.oem4 (.text:manageResponseHeaders)
                  2000a2b8    00000194                          : httpclient.oem4 (.text:redirect)
                  2000a44c    0000018c     simplelink.a : sl_socket.obj (.text:_SlDrvRegisterForSelectAsync)
                  2000a5d8    00000184                  : driver.obj (.text:_SlDrvFindAndSetActiveObj)
                  2000a75c    00000178                  : sl_socket.obj (.text:sl_Connect)
                  2000a8d4    00000177     httpclient_release.a : httpclient.oem4 (.text:readResponseHeader)
                  2000aa4b    00000001     --HOLE-- [fill = 0]
                  2000aa4c    00000170     simplelink.a : netapp.obj (.text:sl_NetAppDnsGetHostByName)
                  2000abbc    00000158     drivers_cc32xx.aem4 : SPICC32XXDMA.oem4 (.text:SPICC32XXDMA_open)
                  2000ad14    00000154     simplelink.a : sl_socket.obj (.text:sl_RecvFrom)
                  2000ae68    00000150     platform.obj (.text:SimpleLinkNetAppEventHandler)
                  2000afb8    0000014c     dpl_cc32xx.aem4 : PowerCC32XX_tirtos.oem4 (.text:PowerCC32XX_sleepPolicy)
                  2000b104    0000014c     simplelink.a : sl_socket.obj (.text:sl_StartTLS)
                  2000b250    00000148     drivers_cc32xx.aem4 : PowerCC32XX.oem4 (.text:parkPins)
                  2000b398    00000148     httpclient_release.a : httpclient.oem4 (.text:parseURI)
                  2000b4e0    00000144     PEMS.obj (.text:thresholdMax)
                  2000b624    00000144     PEMS.obj (.text:thresholdMin)
                  2000b768    00000140     drivers_cc32xx.aem4 : PWMTimerCC32XX.oem4 (.text:PWMTimerCC32XX_setDutyAndPeriod)
                  2000b8a8    00000140     simplelink.a : driver.obj (.text:_SlDrvMsgReadSpawnCtx)
                  2000b9e8    0000013c                  : driver.obj (.text:_SlDrvDriverCBDeinit)
                  2000bb24    0000013c                  : sl_socket.obj (.text:_SlDrvGetNextTimeoutValue)
                  2000bc60    0000013c     rtsv7M4_T_le_eabi.lib : _printfi.c.obj (.text:_pconv_e)
                  2000bd9c    00000138     drivers_cc32xx.aem4 : PowerCC32XX.oem4 (.text:Power_sleep)
                  2000bed4    00000138     simplelink.a : driver.obj (.text:_SlSpawnMsgListInsert)
                  2000c00c    00000136     rtsv7M4_T_le_eabi.lib : fd_div_t2.asm.obj (.text)
                  2000c142    00000002     drivers_cc32xx.aem4 : TimerCC32XX.oem4 (.text:TimerCC32XX_init)
                  2000c144    00000134     simplelink.a : sl_socket.obj (.text:_SlSocketHandleAsync_StartTLS)
                  2000c278    00000130     sysbios.aem4 : BIOS.obj (.text:ti_sysbios_knl_Semaphore_pend__E)
                  2000c3a8    00000128     drivers_cc32xx.aem4 : TimerCC32XX.oem4 (.text:TimerCC32XX_open)
                  2000c4d0    00000128     simplelink.a : driver.obj (.text:_SlDrvClassifyRxMsg)
                  2000c5f8    00000124                  : fs.obj (.text:sl_FsOpen)
                  2000c71c    00000121     httpclient_release.a : httpclient.oem4 (.text:getChunkedData)
                  2000c83d    00000001     --HOLE-- [fill = 0]
                  2000c83e    00000002     drivers_cc32xx.aem4 : UARTCC32XX.oem4 (.text:UARTCC32XX_init)
                  2000c840    00000120                         : UARTCC32XX.oem4 (.text:UARTCC32XX_close)
                  2000c960    00000120     simplelink.a : driver.obj (.text:_SlDrvAsyncEventGenericHandler)
                  2000ca80    00000120     rtsv7M4_T_le_eabi.lib : _printfi.c.obj (.text:fcvt)
                  2000cba0    00000120     simplelink.a : device.obj (.text:sl_Start)
                  2000ccc0    00000120     sysbios.aem4 : BIOS.obj (.text:xdc_runtime_Startup_startMods__I)
                  2000cde0    00000118     simplelink.a : netapp.obj (.text:_SlNetAppHandleAsync_DnsGetHostByService)
                  2000cef8    00000114     rtsv7M4_T_le_eabi.lib : fputs.c.obj (.text:fputs)
                  2000d00c    00000110     PEMS.obj (.text:enter)
                  2000d11c    00000110     platform.obj (.text:mainPost)
                  2000d22c    00000110     rtsv7M4_T_le_eabi.lib : strtoul.c.obj (.text:strtoul)
                  2000d33c    00000004     dpl_cc32xx.aem4 : ClockP_tirtos.oem4 (.text:ClockP_getCpuFreq)
                  2000d340    00000110     sysbios.aem4 : BIOS.obj (.text:ti_sysbios_knl_Task_postInit__I)
                  2000d450    00000108     httpclient_release.a : httpclient.oem4 (.text:HTTPClient_setHeader)
                  2000d558    00000108     slnetsock_release.a : slnetutils.oem4 (.text:SlNetUtil_str2BinIpV6)
                  2000d660    00000104     simplelink.a : device.obj (.text:_SlDeviceEventHandler)
                  2000d764    00000104                  : driver.obj (.text:_SlDrvCmdOp)
                  2000d868    00000104     sysbios.aem4 : BIOS.obj (.text:ti_sysbios_knl_Task_Instance_finalize__E)
                  2000d96c    00000100     simplelink.a : driver.obj (.text:_SlDrvObjGlobalLockWaitForever)
                  2000da6c    00000100                  : fs.obj (.text:sl_FsWrite)
                  2000db6c    000000fc     rtsv7M4_T_le_eabi.lib : fd_mul_t2.asm.obj (.text)
                  2000dc68    000000fc     simplelink.a : sl_socket.obj (.text:sl_Close)
                  2000dd64    000000f8     slnetifwifi.a : slnetifwifi.obj (.text:SlNetIfWifi_loadSecObj)
                  2000de5c    000000f4     httpclient_release.a : httpclient.oem4 (.text:httpProxyTunnel)
                  2000df50    000000f4     lcd.obj (.text:lcd_init_4bit)
                  2000e044    000000f4     simplelink.a : sl_socket.obj (.text:sl_SendTo)
                  2000e138    000000f2     drivers_cc32xx.aem4 : SPICC32XXDMA.oem4 (.text:SPICC32XXDMA_transferCancel)
                  2000e22a    000000f2                         : UARTCC32XX.oem4 (.text:UARTCC32XX_control)
                  2000e31c    000000f0                         : PWMTimerCC32XX.oem4 (.text:PWMTimerCC32XX_open)
                  2000e40c    00000004     dpl_cc32xx.aem4 : ClockP_tirtos.oem4 (.text:ClockP_setTimeout)
                  2000e410    000000f0     sysbios.aem4 : BIOS.obj (.text:pthread_create)
                  2000e500    000000f0                  : BIOS.obj (.text:ti_sysbios_knl_Task_Instance_init__E)
                  2000e5f0    000000ec                  : BIOS.obj (.text:clock_gettime)
                  2000e6dc    000000e8     slnetsock_release.a : slnetif.oem4 (.text:SlNetIf_add)
                  2000e7c4    000000e4     drivers_cc32xx.aem4 : CaptureCC32XX.oem4 (.text:CaptureCC32XX_open)
                  2000e8a8    000000dc     rtsv7M4_T_le_eabi.lib : setvbuf.c.obj (.text:setvbuf)
                  2000e984    000000dc     PEMS.obj (.text:update_text)
                  2000ea60    000000d8     drivers_cc32xx.aem4 : SPICC32XXDMA.oem4 (.text:SPICC32XXDMA_close)
                  2000eb38    000000d8     simplelink.a : device.obj (.text:_SlDeviceHandleAsync_InitComplete)
                  2000ec10    000000d8                  : driver.obj (.text:_SlDrvWaitForInternalAsyncEvent)
                  2000ece8    000000d8                  : netapp.obj (.text:_SlNetAppHandleAsync_NetAppReceive)
                  2000edc0    000000d2     httpclient_release.a : httpclient.oem4 (.text:HTTPClient_connect)
                  2000ee92    00000002     rtsv7M4_T_le_eabi.lib : _lock.c.obj (.text:_nop)
                  2000ee94    000000d0     simplelink.a : driver.obj (.text:_SlDrvRemoveFromList)
                  2000ef64    000000d0     httpclient_release.a : httpclient.oem4 (.text:getStatus)
                  2000f034    000000d0     rtsv7M4_T_le_eabi.lib : s_scalbn.c.obj (.text:scalbn)
                  2000f104    00000004     dpl_cc32xx.aem4 : ClockP_tirtos.oem4 (.text:ClockP_start)
                  2000f108    000000d0     sysbios.aem4 : BIOS.obj (.text:ti_sysbios_heaps_HeapMem_alloc__E)
                  2000f1d8    000000cc     httpclient_release.a : httpclient.oem4 (.text:sprsend)
                  2000f2a4    000000cc     sysbios.aem4 : m3_Hwi_asm.obj (.text:ti_sysbios_family_arm_m3_Hwi_dispatch__I)
                  2000f370    000000ca     drivers_cc32xx.aem4 : UARTCC32XX.oem4 (.text:UARTCC32XX_write)
                  2000f43a    000000c8                         : SPICC32XXDMA.oem4 (.text:spiHwiFxn)
                  2000f502    00000002     rtsv7M4_T_le_eabi.lib : div0.asm.obj (.text)
                  2000f504    000000c4     drivers_cc32xx.aem4 : GPIOCC32XX.oem4 (.text:GPIO_init)
                  2000f5c8    000000c4                         : PWMTimerCC32XX.oem4 (.text:PWMTimerCC32XX_stop)
                  2000f68c    00000004     dpl_cc32xx.aem4 : ClockP_tirtos.oem4 (.text:ClockP_stop)
                  2000f690    000000c4     sysbios.aem4 : BIOS.obj (.text:ti_sysbios_knl_Task_sleep__E)
                  2000f754    000000c0     simplelink.a : cc_pal.obj (.text:NwpPowerOff)
                  2000f814    000000c0     httpclient_release.a : httpclient.oem4 (.text:resHeaderFieldHandler)
                  2000f8d4    000000c0     drivers_cc32xx.aem4 : PowerCC32XX.oem4 (.text:restoreParkedPins)
                  2000f994    000000c0     simplelink.a : netcfg.obj (.text:sl_NetCfgGet)
                  2000fa54    000000bc                  : netapp.obj (.text:_SlNetAppSendResponse)
                  2000fb10    000000bc                  : sl_socket.obj (.text:sl_Send)
                  2000fbcc    00000004     dpl_cc32xx.aem4 : HwiP_tirtos.oem4 (.text:HwiP_clearInterrupt)
                  2000fbd0    000000bc     sysbios.aem4 : BIOS.obj (.text:xdc_runtime_Core_createObject__I)
                  2000fc8c    000000ba     drivers_cc32xx.aem4 : UARTCC32XX.oem4 (.text:UARTCC32XX_readPolling)
                  2000fd46    00000002     release_pem4.oem4 (.text:ti_sysbios_BIOS_nullFunc__I)
                  2000fd48    000000b8     httpclient_release.a : httpclient.oem4 (.text:HTTPClient_readResponseBody)
                  2000fe00    000000b8     drivers_cc32xx.aem4 : PWMTimerCC32XX.oem4 (.text:PWMTimerCC32XX_setDuty)
                  2000feb8    000000b8     simplelink.a : netapp.obj (.text:_SlNetAppHandleAsync_DnsGetHostByName)
                  2000ff70    000000b8                  : netapp.obj (.text:_SlNetAppHandleAsync_PingResponse)
                  20010028    000000b8     drivers_cc32xx.aem4 : UARTCC32XX.oem4 (.text:initHw)
                  200100e0    000000b8     simplelink.a : wlan.obj (.text:sl_WlanGet)
                  20010198    000000b8     sysbios.aem4 : BIOS.obj (.text:ti_sysbios_family_arm_m3_Hwi_Instance_init__E)
                  20010250    000000b6     drivers_cc32xx.aem4 : UARTCC32XX.oem4 (.text:readTaskCallback)
                  20010306    00000002     release_pem4.oem4 (.text:xdc_runtime_Startup_reset__I)
                  20010308    000000b4     dht22.obj (.text:DHT_read)
                  200103bc    000000b4     simplelink.a : driver.obj (.text:_SlDrvHandleFatalError)
                  20010470    000000b4                  : netutil.obj (.text:_SlNetUtilHandleAsync_Cmd)
                  20010524    000000b4                  : sl_socket.obj (.text:sl_GetSockOpt)
                  200105d8    000000b1     rtsv7M4_T_le_eabi.lib : _printfi.c.obj (.text:_ltostr)
                  20010689    00000003     --HOLE-- [fill = 0]
                  2001068c    000000b0     slnetifwifi.a : slnetifwifi.obj (.text:SlNetIfWifi_getSockOpt)
                  2001073c    000000ae                   : slnetifwifi.obj (.text:matchModeByRole)
                  200107ea    000000ae     drivers_cc32xx.aem4 : UARTCC32XX.oem4 (.text:readIsrTextBlocking)
                  20010898    000000ac     MHZ16.obj (.text:UART_CO2_init)
                  20010944    000000ac     simplelink.a : sl_socket.obj (.text:_SlSocketHandleAsync_Close)
                  200109f0    000000ac                  : sl_socket.obj (.text:_SlSocketHandleAsync_Connect)
                  20010a9c    000000ac     httpclient_release.a : httpclient.oem4 (.text:sendReqHeaders)
                  20010b48    000000a8     driverlib.a : prcm.obj (.text:PRCMPeripheralClockGet)
                  20010bf0    000000a8     drivers_cc32xx.aem4 : PowerCC32XX.oem4 (.text:PowerCC32XX_configureWakeup)
                  20010c98    000000a8                         : UARTCC32XX.oem4 (.text:readTaskBlocking)
                  20010d40    000000a8     simplelink.a : fs.obj (.text:sl_FsClose)
                  20010de8    000000a6                  : driver.obj (.text:_SlDrvIsTimeoutExpired)
                  20010e8e    00000002     --HOLE-- [fill = 0]
                  20010e90    000000a4     drivers_cc32xx.aem4 : PWMTimerCC32XX.oem4 (.text:initHw)
                  20010f34    000000a4     simplelink.a : sl_socket.obj (.text:sl_Bind)
                  20010fd8    000000a4     sysbios.aem4 : BIOS.obj (.text:ti_sysbios_knl_Task_setPri__E)
                  2001107c    000000a2     drivers_cc32xx.aem4 : UARTCC32XX.oem4 (.text:readIsrTextCallback)
                  2001111e    000000a2                         : UARTCC32XX.oem4 (.text:writeData)
                  200111c0    000000a0     simplelink.a : fs.obj (.text:FsGetCreateFsMode)
                  20011260    000000a0     IRBlaster.obj (.text:IR_Init)
                  20011300    000000a0     simplelink.a : sl_socket.obj (.text:_SlDrvUnRegisterForSelectAsync)
                  200113a0    000000a0                  : driver.obj (.text:_SlSpawnMsgListProcess)
                  20011440    000000a0     auto_init.aem4 : auto_init.oem4 (.text)
                  200114e0    0000009e     simplelink.a : cc_pal.obj (.text:spi_Read)
                  2001157e    0000009e                  : cc_pal.obj (.text:spi_Write)
                  2001161c    00000004     dpl_cc32xx.aem4 : HwiP_tirtos.oem4 (.text:HwiP_disable)
                  20011620    0000009c     sysbios.aem4 : BIOS.obj (.text:_pthread_removeThreadKeys)
                  200116bc    0000009c     rtsv7M4_T_le_eabi.lib : memcpy_t2.asm.obj (.text)
                  20011758    00000098     httpclient_release.a : httpclient.oem4 (.text:HTTPClient_sendRequest)
                  200117f0    00000098     drivers_cc32xx.aem4 : PWMTimerCC32XX.oem4 (.text:PWMTimerCC32XX_setPeriod)
                  20011888    00000098                         : GPIOCC32XX.oem4 (.text:powerNotifyFxn)
                  20011920    00000098     httpclient_release.a : httpclient.oem4 (.text:resHeaderNameToHash)
                  200119b8    00000096     rtsv7M4_T_le_eabi.lib : ull_div_t2.asm.obj (.text)
                  20011a4e    00000002     --HOLE-- [fill = 0]
                  20011a50    00000094     simplelink.a : cc_pal.obj (.text:Semaphore_pend_handle)
                  20011ae4    00000094     drivers_cc32xx.aem4 : SPICC32XXDMA.oem4 (.text:initHw)
                  20011b78    00000094     httpclient_release.a : httpclient.oem4 (.text:locationParser)
                  20011c0c    00000004     dpl_cc32xx.aem4 : HwiP_tirtos.oem4 (.text:HwiP_disableInterrupt)
                  20011c10    00000094     sysbios.aem4 : BIOS.obj (.text:ti_sysbios_knl_Task_exit__E)
                  20011ca4    00000092     slnetsock_release.a : slnetsock.oem4 (.text:SlNetSock_create)
                  20011d36    00000002     --HOLE-- [fill = 0]
                  20011d38    00000090     drivers_cc32xx.aem4 : CaptureCC32XX.oem4 (.text:CaptureCC32XX_hwiIntFunction)
                  20011dc8    00000090     slnetsock_release.a : slnetsock.oem4 (.text:SlNetSock_getVirtualSdConf)
                  20011e58    00000090     simplelink.a : device.obj (.text:_SlDeviceHandleAsync_Stop)
                  20011ee8    00000090                  : sl_socket.obj (.text:_SlSocketHandleAsync_Accept)
                  20011f78    00000090     drivers_cc32xx.aem4 : PowerCC32XX.oem4 (.text:restoreNVICRegs)
                  20012008    00000090     sysbios.aem4 : BIOS.obj (.text:ti_sysbios_knl_Task_Module_startup__E)
                  20012098    0000008c     simplelink.a : driver.obj (.text:_SlDrvDriverIsApiAllowed)
                  20012124    0000008c     rtsv7M4_T_le_eabi.lib : fputc.c.obj (.text:fputc)
                  200121b0    0000008c     simplelink.a : sl_socket.obj (.text:sl_Recv)
                  2001223c    00000004     dpl_cc32xx.aem4 : HwiP_tirtos.oem4 (.text:HwiP_enableInterrupt)
                  20012240    0000008c     sysbios.aem4 : BIOS.obj (.text:xdc_runtime_Memory_alloc__E)
                  200122cc    00000088     drivers_cc32xx.aem4 : PWMTimerCC32XX.oem4 (.text:PWMTimerCC32XX_close)
                  20012354    00000088     driverlib.a : pin.obj (.text:PinConfigSet)
                  200123dc    00000088     drivers_cc32xx.aem4 : TimerCC32XX.oem4 (.text:TimerCC32XX_setPeriod)
                  20012464    00000088     simplelink.a : driver.obj (.text:_SlDrvProtectAsyncRespSetting)
                  200124ec    00000088     httpclient_release.a : httpclient.oem4 (.text:createSecAttribs)
                  20012574    00000088     PEMS.obj (.text:down_arrows)
                  200125fc    00000088     httpclient_release.a : httpclient.oem4 (.text:readLine)
                  20012684    00000088     simplelink.a : eventreg.obj (.text:sl_UnregisterLibsEventHandler)
                  2001270c    00000004     drivers_cc32xx.aem4 : SPICC32XXDMA.oem4 (.text:SPICC32XXDMA_init)
                  20012710    00000088     sysbios.aem4 : BIOS.obj (.text:ti_sysbios_family_arm_m3_Hwi_initNVIC__E)
                  20012798    00000088     PEMS.obj (.text:up_arrows)
                  20012820    00000086     rtsv7M4_T_le_eabi.lib : fd_cmp_t2.asm.obj (.text:__aeabi_cdcmple)
                  200128a6    00000086                           : fd_cmp_t2.asm.obj (.text:__aeabi_cdrcmple)
                  2001292c    00000004     dpl_cc32xx.aem4 : SemaphoreP_tirtos.oem4 (.text:SemaphoreP_post)
                  20012930    00000086     sysbios.aem4 : BIOS.obj (.text:xdc_runtime_Core_constructObject__I)
                  200129b6    00000002     --HOLE-- [fill = 0]
                  200129b8    00000084     drivers_cc32xx.aem4 : PowerCC32XX.oem4 (.text:Power_init)
                  20012a3c    00000084     slnetifwifi.a : slnetifwifi.obj (.text:SlNetIfWifi_sockstartSec)
                  20012ac0    00000084     slnetsock_release.a : slnetutils.oem4 (.text:SlNetUtil_getHostByName)
                  20012b44    00000084     lcd.obj (.text:lcd_byte)
                  20012bc8    00000084     drivers_cc32xx.aem4 : PowerCC32XX.oem4 (.text:saveNVICRegs)
                  20012c4c    00000084     simplelink.a : sl_socket.obj (.text:sl_SetSockOpt)
                  20012cd0    00000084     sysbios.aem4 : BIOS.obj (.text:ti_sysbios_family_arm_m3_Hwi_postInit__I)
                  20012d54    00000004     slnetsock_release.a : slnetif.oem4 (.text:SlNetIf_init)
                  20012d58    00000084     sysbios.aem4 : BIOS.obj (.text:ti_sysbios_heaps_HeapMem_free__E)
                  20012ddc    00000080     drivers_cc32xx.aem4 : PowerCC32XX.oem4 (.text:Power_setDependency)
                  20012e5c    00000004     slnetsock_release.a : slnetutils.oem4 (.text:SlNetUtil_init)
                  20012e60    00000080     sysbios.aem4 : BIOS.obj (.text:ti_sysbios_knl_Clock_workFunc__E)
                  20012ee0    00000080     IRBlaster.obj (.text:turn_AC_OFF)
                  20012f60    00000080     IRBlaster.obj (.text:turn_AC_ON)
                  20012fe0    0000007c     drivers_cc32xx.aem4 : CaptureCC32XX.oem4 (.text:CaptureCC32XX_start)
                  2001305c    0000007c     platform.obj (.text:Connect)
                  200130d8    0000007c     drivers_cc32xx.aem4 : UDMACC32XX.oem4 (.text:UDMACC32XX_open)
                  20013154    00000004     rtsv7M4_T_le_eabi.lib : printf.c.obj (.text:_outc)
                  20013158    0000007c     sysbios.aem4 : BIOS.obj (.text:_pthread_abstime2ticks)
                  200131d4    0000007c     drivers_cc32xx.aem4 : UARTCC32XX.oem4 (.text:readIsrBinaryBlocking)
                  20013250    0000007a     rtsv7M4_T_le_eabi.lib : memset_t2.asm.obj (.text)
                  200132ca    00000002     --HOLE-- [fill = 0]
                  200132cc    00000078     drivers_cc32xx.aem4 : GPIOCC32XX.oem4 (.text:GPIO_hwiIntFxn)
                  20013344    00000078                         : TimerCC32XX.oem4 (.text:TimerCC32XX_start)
                  200133bc    00000078                         : CaptureCC32XX.oem4 (.text:initHw)
                  20013434    00000078                         : UARTCC32XX.oem4 (.text:readIsrBinaryCallback)
                  200134ac    00000078     simplelink.a : sl_socket.obj (.text:sl_Socket)
                  20013524    00000074     slnetsock_release.a : slnetsock.oem4 (.text:SlNetSock_AllocVirtualSocket)
                  20013598    00000074     drivers_cc32xx.aem4 : UARTCC32XX.oem4 (.text:UARTCC32XX_hwiIntFxn)
                  2001360c    00000074     rtsv7M4_T_le_eabi.lib : fclose.c.obj (.text:__TI_closefile)
                  20013680    00000074     sysbios.aem4 : BIOS.obj (.text:xdc_runtime_Core_deleteObject__I)
                  200136f4    00000070     httpclient_release.a : httpclient.oem4 (.text:HTTPClient_disconnect)
                  20013764    00000070     simplelink.a : driver.obj (.text:_SlDrvCmdSend_noLock)
                  200137d4    00000004     rtsv7M4_T_le_eabi.lib : printf.c.obj (.text:_outs)
                  200137d8    00000070     sysbios.aem4 : BIOS.obj (.text:acquireMutexNone$45)
                  20013848    00000070                  : BIOS.obj (.text:ti_sysbios_heaps_HeapMem_initPrimary__I)
                  200138b8    0000006e     rtsv7M4_T_le_eabi.lib : _printfi.c.obj (.text:_mcpy)
                  20013926    00000002     --HOLE-- [fill = 0]
                  20013928    0000006c     drivers_cc32xx.aem4 : CaptureCC32XX.oem4 (.text:CaptureCC32XX_close)
                  20013994    0000006c     rtsv7M4_T_le_eabi.lib : hostrename.c.obj (.text:HOSTrename)
                  20013a00    0000006c     httpclient_release.a : httpclient.oem4 (.text:HTTPClient_getHeader)
                  20013a6c    0000006c     slnetsock_release.a : slnetutils.oem4 (.text:SlNetUtil_str2BinIpV4)
                  20013ad8    0000006c     simplelink.a : device.obj (.text:_SlDeviceHandleResetRequestInternally)
                  20013b44    0000006c                  : sl_socket.obj (.text:_SlDrvOpenCtrlSocket)
                  20013bb0    0000006c                  : netapp.obj (.text:_SlNetAppSendTokenValue)
                  20013c1c    0000006c     PEMS.obj (.text:cursor_moveto)
                  20013c88    0000006c     sysbios.aem4 : BIOS.obj (.text:ti_sysbios_knl_Swi_restoreHwi__E)
                  20013cf4    00000068     rtsv7M4_T_le_eabi.lib : hostlseek.c.obj (.text:HOSTlseek)
                  20013d5c    00000068     drivers_cc32xx.aem4 : PWMTimerCC32XX.oem4 (.text:PWMTimerCC32XX_start)
                  20013dc4    00000068     simplelink.a : driver.obj (.text:_SlSpawnMsgListGetCount)
                  20013e2c    00000068     rtsv7M4_T_le_eabi.lib : copy_decompress_lzss.c.obj (.text:decompress:lzss:__TI_decompress_lzss)
                  20013e94    00000068                           : printf.c.obj (.text:printf)
                  20013efc    00000004     release_pem4.oem4 (.text:ti_sysbios_BIOS_RtsGateProxy_enter__E)
                  20013f00    00000068     sysbios.aem4 : BIOS.obj (.text:pthread_exit)
                  20013f68    00000068     simplelink.a : cc_pal.obj (.text:spi_Open)
                  20013fd0    00000066     drivers_cc32xx.aem4 : UARTCC32XX.oem4 (.text:UARTCC32XX_writeCancel)
                  20014036    00000002     --HOLE-- [fill = 0]
                  20014038    00000064                         : PowerCC32XX.oem4 (.text:PowerCC32XX_setParkState)
                  2001409c    00000064     rtsv7M4_T_le_eabi.lib : fseek.c.obj (.text:fseek)
                  20014100    00000064     main_tirtos.obj (.text:main)
                  20014164    00000004     release_pem4.oem4 (.text:ti_sysbios_BIOS_RtsGateProxy_leave__E)
                  20014168    00000064     sysbios.aem4 : BIOS.obj (.text:ti_sysbios_family_arm_m3_Hwi_dispatchC__I)
                  200141cc    00000062     drivers_cc32xx.aem4 : UARTCC32XX.oem4 (.text:UARTCC32XX_writePolling)
                  2001422e    00000062     rtsv7M4_T_le_eabi.lib : _io_perm.c.obj (.text:__TI_wrt_ok)
                  20014290    00000060                           : hostopen.c.obj (.text:HOSTopen)
                  200142f0    00000060     driverlib.a : prcm.obj (.text:PRCMSysResetCauseGet)
                  20014350    00000060     sysbios.aem4 : BIOS.obj (.text:ti_sysbios_knl_Semaphore_post__E)
                  200143b0    00000060                  : BIOS.obj (.text:ti_sysbios_knl_Swi_run__I)
                  20014410    0000005e     slnetifwifi.a : slnetifwifi.obj (.text:SlNetIfWifi_setSockOpt)
                  2001446e    00000002     --HOLE-- [fill = 0]
                  20014470    0000005c     drivers_cc32xx.aem4 : CaptureCC32XX.oem4 (.text:CaptureCC32XX_stop)
                  200144cc    0000005c                         : GPIOCC32XX.oem4 (.text:GPIO_setCallback)
                  20014528    0000005c     simplelink.a : spawn.obj (.text:_SlInternalSpawn)
                  20014584    0000005c     rtsv7M4_T_le_eabi.lib : close.c.obj (.text:close)
                  200145e0    0000005c                           : s_frexp.c.obj (.text:frexp)
                  2001463c    0000005c     httpclient_release.a : httpclient.oem4 (.text:readRawResponseBody)
                  20014698    0000005c     sysbios.aem4 : BIOS.obj (.text:ti_sysbios_family_arm_m3_Timer_start__E)
                  200146f4    00000004     release_pem4.oem4 (.text:ti_sysbios_family_arm_m3_Hwi_delete)
                  200146f8    0000005c     sysbios.aem4 : BIOS.obj (.text:ti_sysbios_knl_Swi_schedule__I)
                  20014754    00000004     release_pem4.oem4 (.text:ti_sysbios_family_arm_m3_TaskSupport_Module__startupDone__S)
                  20014758    0000005c     sysbios.aem4 : BIOS.obj (.text:ti_sysbios_knl_Task_startCore__E)
                  200147b4    00000004     release_pem4.oem4 (.text:ti_sysbios_heaps_HeapMem_Module_GateProxy_enter__E)
                  200147b8    0000005c     sysbios.aem4 : BIOS.obj (.text:xdc_runtime_Startup_exec__E)
                  20014814    00000058     drivers_cc32xx.aem4 : GPIOCC32XX.oem4 (.text:GPIO_write)
                  2001486c    00000058     rtsv7M4_T_le_eabi.lib : hostread.c.obj (.text:HOSTread)
                  200148c4    00000058                           : hostwrite.c.obj (.text:HOSTwrite)
                  2001491c    00000058     driverlib.a : prcm.obj (.text:PRCMPeripheralReset)
                  20014974    00000058     drivers_cc32xx.aem4 : PowerCC32XX.oem4 (.text:Power_releaseDependency)
                  200149cc    00000058     slnetsock_release.a : slnetsock.oem4 (.text:SlNetSock_recv)
                  20014a24    00000058                         : slnetsock.oem4 (.text:SlNetSock_send)
                  20014a7c    00000058     simplelink.a : sl_socket.obj (.text:_SlDrvClearCtrlSocket)
                  20014ad4    00000004     release_pem4.oem4 (.text:ti_sysbios_heaps_HeapMem_Module_GateProxy_leave__E)
                  20014ad8    00000058     sysbios.aem4 : BIOS.obj (.text:pthread_mutex_init)
                  20014b30    00000058     simplelink.a : sl_socket.obj (.text:sl_Listen)
                  20014b88    00000058                  : eventreg.obj (.text:sl_RegisterLibsEventHandler)
                  20014be0    00000058     sysbios.aem4 : BIOS.obj (.text:ti_sysbios_family_arm_cc32xx_Seconds_getCount__I)
                  20014c38    00000056     drivers_cc32xx.aem4 : TimerCC32XX.oem4 (.text:TimerCC32XX_stop)
                  20014c8e    00000056     rtsv7M4_T_le_eabi.lib : _printfi.c.obj (.text:_pconv_f)
                  20014ce4    00000054     simplelink.a : driver.obj (.text:_SlDrvRxIrqHandler)
                  20014d38    00000054     rtsv7M4_T_le_eabi.lib : ltoa.c.obj (.text:ltoa)
                  20014d8c    00000054     drivers_cc32xx.aem4 : UARTCC32XX.oem4 (.text:ringBufGet)
                  20014de0    00000054     sysbios.aem4 : BIOS.obj (.text:ti_sysbios_family_arm_cc32xx_Seconds_getTime__E)
                  20014e34    00000054     release_pem4.oem4 (.text:ti_sysbios_family_arm_m3_Hwi_create)
                  20014e88    00000054     sysbios.aem4 : BIOS.obj (.text:ti_sysbios_family_arm_m3_Timer_setPeriod__E)
                  20014edc    00000052     drivers_cc32xx.aem4 : PowerCC32XX_asm.oem4 (.text:PowerCC32XX_resumeLPDS)
                  20014f2e    00000052     rtsv7M4_T_le_eabi.lib : _printfi.c.obj (.text:_ecpy)
                  20014f80    00000052     drivers_cc32xx.aem4 : TimerCC32XX.oem4 (.text:initHw)
                  20014fd2    00000002     --HOLE-- [fill = 0]
                  20014fd4    00000050     dpl_cc32xx.aem4 : ClockP_tirtos.oem4 (.text:ClockP_create)
                  20015024    00000050     simplelink.a : cc_pal.obj (.text:NwpRegisterInterruptHandler)
                  20015074    00000050     slnetsock_release.a : slnetif.oem4 (.text:SlNetIf_queryIf)
                  200150c4    00000050     drivers_cc32xx.aem4 : TimerCC32XX.oem4 (.text:TimerCC32XX_allocateTimerResource)
                  20015114    00000050     simplelink.a : sl_socket.obj (.text:_SlDrvCloseCtrlSocket)
                  20015164    00000050                  : driver.obj (.text:_SlDrvCmdSend_noWait)
                  200151b4    00000050                  : driver.obj (.text:_SlDrvUpdateApiInProgress)
                  20015204    00000050                  : spawn.obj (.text:_SlInternalSpawnTaskEntry)
                  20015254    00000050                  : eventreg.obj (.text:_SlNetAppHttpServerHdlr)
                  200152a4    00000050                  : eventreg.obj (.text:_SlNetAppRequestHdlr)
                  200152f4    00000050     httpclient_release.a : httpclient.oem4 (.text:removeRequestHeader)
                  20015344    00000004     release_pem4.oem4 (.text:ti_sysbios_knl_Clock_TimerProxy_getMaxTicks__E)
                  20015348    00000050     sysbios.aem4 : BIOS.obj (.text:ti_sysbios_family_arm_m3_Hwi_Module_startup__E)
                  20015398    00000050                  : BIOS.obj (.text:ti_sysbios_knl_Clock_Instance_init__E)
                  200153e8    00000050     release_pem4.oem4 (.text:ti_sysbios_knl_Task_create)
                  20015438    0000004c     drivers_cc32xx.aem4 : GPIOCC32XX.oem4 (.text:GPIO_enableInt)
                  20015484    0000004c     simplelink.a : cc_pal.obj (.text:NwpWaitForShutDownInd)
                  200154d0    0000004c     drivers_cc32xx.aem4 : PowerCC32XX.oem4 (.text:PowerCC32XX_parkPin)
                  2001551c    0000004c     slnetifwifi.a : slnetifwifi.obj (.text:SlNetIfWifi_getConnectionStatus)
                  20015568    0000004c     slnetsock_release.a : slnetsock.oem4 (.text:SlNetSock_freeVirtualSocket)
                  200155b4    0000004c                         : slnetsock.oem4 (.text:SlNetSock_startSec)
                  20015600    0000004c     rtsv7M4_T_le_eabi.lib : fflush.c.obj (.text:__TI_doflush)
                  2001564c    0000004c                           : atoi.c.obj (.text:atoi)
                  20015698    0000004c                           : cpy_tbl.c.obj (.text:copy_in)
                  200156e4    0000004c     drivers_cc32xx.aem4 : PWMTimerCC32XX.oem4 (.text:getDutyCounts)
                  20015730    0000004c                         : PWMTimerCC32XX.oem4 (.text:getPeriodCounts)
                  2001577c    0000004c     dht22.obj (.text:initCapture)
                  200157c8    0000004c     MHZ16.obj (.text:readMHZ16)
                  20015814    0000004c     drivers_cc32xx.aem4 : PowerCC32XX.oem4 (.text:restorePeriphClocks)
                  20015860    0000004c     simplelink.a : wlan.obj (.text:sl_WlanSetMode)
                  200158ac    0000004c     sysbios.aem4 : m3_TaskSupport_asm.obj (.text:ti_sysbios_family_arm_m3_TaskSupport_buildTaskStack)
                  200158f8    0000004c                  : BIOS.obj (.text:ti_sysbios_heaps_HeapMem_getStats__E)
                  20015944    00000004     release_pem4.oem4 (.text:ti_sysbios_knl_Clock_TimerProxy_setPeriodMicroSecs__E)
                  20015948    0000004c     sysbios.aem4 : BIOS.obj (.text:ti_sysbios_knl_Swi_runLoop__I)
                  20015994    00000004     release_pem4.oem4 (.text:ti_sysbios_knl_Clock_TimerProxy_start__E)
                  20015998    0000004c     sysbios.aem4 : BIOS.obj (.text:ti_sysbios_knl_Task_allBlockedFunction__I)
                  200159e4    00000004     release_pem4.oem4 (.text:ti_sysbios_knl_Clock_TimerProxy_stop__E)
                  200159e8    0000004c     sysbios.aem4 : BIOS.obj (.text:ti_sysbios_knl_Task_schedule__I)
                  20015a34    00000048     driverlib.a : flash.obj (.text:FlashDisable)
                  20015a7c    00000048                 : prcm.obj (.text:PRCMLPDSEnter)
                  20015ac4    00000048                 : prcm.obj (.text:PRCMPeripheralClkEnable)
                  20015b0c    00000048     drivers_cc32xx.aem4 : PowerCC32XX.oem4 (.text:Power_releaseConstraint)
                  20015b54    00000048     slnetsock_release.a : slnetsock.oem4 (.text:SlNetSock_connect)
                  20015b9c    00000048                         : slnetsock.oem4 (.text:SlNetSock_init)
                  20015be4    00000048     simplelink.a : eventreg.obj (.text:_SlDeviceFatalErrorEvtHdlr)
                  20015c2c    00000048                  : eventreg.obj (.text:_SlDeviceGeneralEvtHdlr)
                  20015c74    00000048                  : driver.obj (.text:_SlDrvSyncObjWaitTimeout)
                  20015cbc    00000048                  : eventreg.obj (.text:_SlNetAppEvtHdlr)
                  20015d04    00000048                  : eventreg.obj (.text:_SlNetAppRequestMemFree)
                  20015d4c    00000048                  : eventreg.obj (.text:_SlSockEvtHdlr)
                  20015d94    00000048                  : eventreg.obj (.text:_SlWlanEvtHdlr)
                  20015ddc    00000048     dht22.obj (.text:capture)
                  20015e24    00000048     rtsv7M4_T_le_eabi.lib : fd_toi_t2.asm.obj (.text)
                  20015e6c    00000004     release_pem4.oem4 (.text:ti_sysbios_knl_Clock_delete)
                  20015e70    00000048     sysbios.aem4 : BIOS.obj (.text:ti_sysbios_family_arm_m3_Hwi_disableInterrupt__E)
                  20015eb8    00000048                  : BIOS.obj (.text:ti_sysbios_family_arm_m3_Hwi_enableInterrupt__E)
                  20015f00    00000048                  : m3_Hwi_asm_switch.obj (.text:ti_sysbios_family_arm_m3_Hwi_initStacks__E)
                  20015f48    00000048                  : BIOS.obj (.text:ti_sysbios_family_arm_m3_Timer_initDevice__I)
                  20015f90    00000048                  : BIOS.obj (.text:ti_sysbios_knl_Mailbox_Module_startup__E)
                  20015fd8    00000048                  : BIOS.obj (.text:xdc_runtime_Core_assignParams__I)
                  20016020    00000046     drivers_cc32xx.aem4 : RingBuf.oem4 (.text:RingBuf_put)
                  20016066    00000046                         : TimerCC32XX.oem4 (.text:getPrescaler)
                  200160ac    00000044                         : Capture.oem4 (.text:Capture_init)
                  200160f0    00000044     rtsv7M4_T_le_eabi.lib : hostclose.c.obj (.text:HOSTclose)
                  20016134    00000044                           : hostunlink.c.obj (.text:HOSTunlink)
                  20016178    00000044     httpclient_release.a : httpclient.oem4 (.text:HTTPClient_create)
                  200161bc    00000044     driverlib.a : prcm.obj (.text:PRCMLPDSRestoreInfoSet)
                  20016200    00000044     drivers_cc32xx.aem4 : PWM.oem4 (.text:PWM_init)
                  20016244    00000044                         : PowerCC32XX_asm.oem4 (.text:PowerCC32XX_enterLPDS)
                  20016288    00000044                         : SPI.oem4 (.text:SPI_init)
                  200162cc    00000044     slnetsock_release.a : slnetutils.oem4 (.text:SlNetUtil_strTok)
                  20016310    00000044     drivers_cc32xx.aem4 : Timer.oem4 (.text:Timer_init)
                  20016354    00000044                         : UART.oem4 (.text:UART_init)
                  20016398    00000044     IRBlaster.obj (.text:UNO)
                  200163dc    00000044     boot.aem4 : boot.oem4 (.text)
                  20016420    00000044     rtsv7M4_T_le_eabi.lib : getdevice.c.obj (.text:getdevice)
                  20016464    00000044                           : fd_tou_t2.asm.obj (.text)
                  200164a8    00000044     sysbios.aem4 : BIOS.obj (.text:ti_sysbios_family_arm_m3_Hwi_getStackInfo__E)
                  200164ec    00000004     release_pem4.oem4 (.text:ti_sysbios_knl_Semaphore_delete)
                  200164f0    00000044     sysbios.aem4 : BIOS.obj (.text:ti_sysbios_knl_Mailbox_postInit__I)
                  20016534    00000004     release_pem4.oem4 (.text:ti_sysbios_knl_Task_delete)
                  20016538    00000044     sysbios.aem4 : BIOS.obj (.text:ti_sysbios_knl_Swi_post__E)
                  2001657c    00000004     release_pem4.oem4 (.text:xdc_runtime_System_Module_GateProxy_enter__E)
                  20016580    00000044     sysbios.aem4 : BIOS.obj (.text:xdc_runtime_System_atexit__E)
                  200165c4    00000042     httpclient_release.a : httpclient.oem4 (.text:initializeCB)
                  20016606    00000002     --HOLE-- [fill = 0]
                  20016608    00000040     drivers_cc32xx.aem4 : Capture.oem4 (.text:Capture_open)
                  20016648    00000040     simplelink.a : sl_socket.obj (.text:CountSetBits)
                  20016688    00000040     dpl_cc32xx.aem4 : HwiP_tirtos.oem4 (.text:HwiP_create)
                  200166c8    00000040     drivers_cc32xx.aem4 : PWM.oem4 (.text:PWM_open)
                  20016708    00000040     driverlib.a : pin.obj (.text:PinModeSet)
                  20016748    00000040     drivers_cc32xx.aem4 : RingBuf.oem4 (.text:RingBuf_get)
                  20016788    00000040                         : SPI.oem4 (.text:SPI_open)
                  200167c8    00000040     slnetsock_release.a : slnetsock.oem4 (.text:SlNetSock_secAttribSet)
                  20016808    00000040     drivers_cc32xx.aem4 : Timer.oem4 (.text:Timer_open)
                  20016848    00000040                         : UARTCC32XX.oem4 (.text:UARTCC32XX_read)
                  20016888    00000040                         : UART.oem4 (.text:UART_open)
                  200168c8    00000040                         : UDMACC32XX.oem4 (.text:UDMACC32XX_init)
                  20016908    00000040     simplelink.a : driver.obj (.text:_SlDrvGlobalObjUnLock)
                  20016948    00000040                  : driver.obj (.text:_SlFindAndReleasePendingCmd)
                  20016988    00000040                  : spawn.obj (.text:_SlInternalSpawnWaitForEvent)
                  200169c8    00000040                  : eventreg.obj (.text:_SlIsEventRegistered)
                  20016a08    00000040     httpclient_release.a : httpclient.oem4 (.text:clearReqHeaders)
                  20016a48    00000040     rtsv7M4_T_le_eabi.lib : sprintf.c.obj (.text:sprintf)
                  20016a88    00000040     sysbios.aem4 : BIOS.obj (.text:ti_sysbios_heaps_HeapMem_Instance_init__E)
                  20016ac8    00000040     rtsv7M4_T_le_eabi.lib : vsnprintf.c.obj (.text:vsnprintf)
                  20016b08    0000003e     slnetsock_release.a : slnetsock.oem4 (.text:SlNetSock_close)
                  20016b46    0000003e     simplelink.a : sl_socket.obj (.text:_SlSocketBuildAddress)
                  20016b84    0000003e     rtsv7M4_T_le_eabi.lib : _printfi.c.obj (.text:_fcpy)
                  20016bc2    00000006     drivers_cc32xx.aem4 : CaptureCC32XX.oem4 (.text:CaptureCC32XX_control)
                  20016bc8    0000003e     sysbios.aem4 : BIOS.obj (.text:sem_timedwait)
                  20016c06    00000002     --HOLE-- [fill = 0]
                  20016c08    0000003c     drivers_cc32xx.aem4 : PowerCC32XX.oem4 (.text:Power_setConstraint)
                  20016c44    0000003c     dpl_cc32xx.aem4 : SemaphoreP_tirtos.oem4 (.text:SemaphoreP_create)
                  20016c80    0000003c     simplelink.a : netapp.obj (.text:_SlNetAppCopyPingResultsToReport)
                  20016cbc    00000004     release_pem4.oem4 (.text:xdc_runtime_System_Module_GateProxy_leave__E)
                  20016cc0    0000003c     sysbios.aem4 : BIOS.obj (.text:pthread_mutex_unlock)
                  20016cfc    00000004     --HOLE-- [fill = 0]
                  20016d00    0000003c                  : BIOS.obj (.text:sleep)
                  20016d3c    00000004     --HOLE-- [fill = 0]
                  20016d40    0000003c                  : BIOS.obj (.text:ti_sysbios_family_arm_m3_Hwi_Instance_finalize__E)
                  20016d7c    00000004     --HOLE-- [fill = 0]
                  20016d80    0000003c                  : BIOS.obj (.text:ti_sysbios_family_arm_m3_Timer_setPeriodMicroSecs__E)
                  20016dbc    0000003c     release_pem4.oem4 (.text:ti_sysbios_knl_Clock_create)
                  20016df8    0000003c     sysbios.aem4 : BIOS.obj (.text:ti_sysbios_knl_Clock_walkQueuePeriodic__E)
                  20016e34    00000004     --HOLE-- [fill = 0]
                  20016e38    0000003c                  : BIOS.obj (.text:ti_sysbios_knl_Swi_restore__E)
                  20016e74    0000003c     simplelink.a : sl_socket.obj (.text:to_mSec)
                  20016eb0    0000003c     sysbios.aem4 : BIOS.obj (.text:usleep)
                  20016eec    00000004     --HOLE-- [fill = 0]
                  20016ef0    0000003c                  : BIOS.obj (.text:xdc_runtime_System_processAtExit__E)
                  20016f2c    0000003a     slnetifwifi.a : slnetifwifi.obj (.text:SlNetIfWifi_getIPAddr)
                  20016f66    0000003a     drivers_cc32xx.aem4 : TimerCC32XX.oem4 (.text:TimerCC32XX_close)
                  20016fa0    0000003a     httpclient_release.a : httpclient.oem4 (.text:clearResponseValues)
                  20016fda    0000003a     dpl_cc32xx.aem4 : PowerCC32XX_tirtos.oem4 (.text:getCountsRTC)
                  20017014    0000003a     drivers_cc32xx.aem4 : CaptureCC32XX.oem4 (.text:getPowerMgrId)
                  2001704e    0000003a                         : PWMTimerCC32XX.oem4 (.text:getPowerMgrId)
                  20017088    0000003a     httpclient_release.a : httpclient.oem4 (.text:stringncasecmp)
                  200170c2    00000002     --HOLE-- [fill = 0]
                  200170c4    00000038     drivers_cc32xx.aem4 : GPIOCC32XX.oem4 (.text:GPIO_read)
                  200170fc    00000038     driverlib.a : prcm.obj (.text:PRCMLPDSEnterKeepDebugIf)
                  20017134    00000038     slnetifwifi.a : slnetifwifi.obj (.text:SlNetIfWifi_recvFrom)
                  2001716c    00000038                   : slnetifwifi.obj (.text:SlNetIfWifi_sendTo)
                  200171a4    00000038                   : slnetifwifi.obj (.text:SlNetIfWifi_socket)
                  200171dc    00000038     slnetsock_release.a : slnetif.oem4 (.text:SlNetIf_configCheck)
                  20017214    00000038                         : slnetutils.oem4 (.text:SlNetUtil_htonl)
                  2001724c    00000038     rtsv7M4_T_le_eabi.lib : trgmsg.c.obj (.text:__TI_writemsg)
                  20017284    00000038     drivers_cc32xx.aem4 : PowerCC32XX.oem4 (.text:notify)
                  200172bc    00000038     platform.obj (.text:printError)
                  200172f4    00000038     httpclient_release.a : httpclient.oem4 (.text:stringcasecmp)
                  2001732c    00000004     --HOLE-- [fill = 0]
                  20017330    00000038     sysbios.aem4 : BIOS.obj (.text:ti_sysbios_knl_Task_processVitalTaskFlag__I)
                  20017368    00000036     slnetifwifi.a : slnetifwifi.obj (.text:SlNetIfWifi_getHostByName)
                  2001739e    00000036                   : slnetifwifi.obj (.text:SlNetIfWifi_select)
                  200173d4    00000036     drivers_cc32xx.aem4 : TimerCC32XX.oem4 (.text:TimerCC32XX_hwiIntFunction)
                  2001740a    00000036     driverlib.a : timer.obj (.text:TimerControlStall)
                  20017440    00000036     drivers_cc32xx.aem4 : UARTCC32XX.oem4 (.text:UARTCC32XX_readCancel)
                  20017476    00000036     rtsv7M4_T_le_eabi.lib : strncpy.c.obj (.text:strncpy)
                  200174ac    00000034     IRBlaster.obj (.text:COMENZAR)
                  200174e0    00000034     dht22.obj (.text:CtoF)
                  20017514    00000034     driverlib.a : pin.obj (.text:PinModeGet)
                  20017548    00000034     drivers_cc32xx.aem4 : PowerCC32XX.oem4 (.text:PowerCC32XX_restoreParkState)
                  2001757c    00000034     slnetsock_release.a : slnetutils.oem4 (.text:SlNetUtil_htons)
                  200175b0    00000034     drivers_cc32xx.aem4 : TimerCC32XX.oem4 (.text:TimerCC32XX_freeTimerResource)
                  200175e4    00000034                         : UDMACC32XX.oem4 (.text:UDMACC32XX_close)
                  20017618    00000034     IRBlaster.obj (.text:ZERO)
                  2001764c    00000034     rtsv7M4_T_le_eabi.lib : fopen.c.obj (.text:__TI_cleanup)
                  20017680    00000034                           : trgmsg.c.obj (.text:__TI_readmsg)
                  200176b4    00000004     --HOLE-- [fill = 0]
                  200176b8    00000034     sysbios.aem4 : BIOS.obj (.text:_pthread_delete$41)
                  200176ec    00000034     drivers_cc32xx.aem4 : TimerCC32XX.oem4 (.text:getPowerMgrId)
                  20017720    00000034     rtsv7M4_T_le_eabi.lib : strstr.c.obj (.text:strstr)
                  20017754    00000004     --HOLE-- [fill = 0]
                  20017758    00000034     sysbios.aem4 : BIOS.obj (.text:ti_sysbios_family_arm_m3_Timer_periodicStub__I)
                  2001778c    00000034     release_pem4.oem4 (.text:ti_sysbios_knl_Semaphore_create)
                  200177c0    00000032     sysbios.aem4 : BIOS.obj (.text:ti_sysbios_hal_Hwi_initStack)
                  200177f2    00000030     drivers_cc32xx.aem4 : PowerCC32XX.oem4 (.text:PowerCC32XX_restoreParkedPin)
                  20017822    00000002     --HOLE-- [fill = 0]
                  20017824    00000030     driverlib.a : timer.obj (.text:TimerControlEvent)
                  20017854    00000030     simplelink.a : fs.obj (.text:_SlFsStrlen)
                  20017884    00000030     rtsv7M4_T_le_eabi.lib : vsnprintf.c.obj (.text:_outs)
                  200178b4    00000030                           : getdevice.c.obj (.text:finddevice)
                  200178e4    00000030     release_pem4.oem4 (.text:ti_sysbios_BIOS_atExitFunc__I)
                  20017914    00000030     release_pem4.oem4 (.text:ti_sysbios_BIOS_startFunc__I)
                  20017944    00000004     --HOLE-- [fill = 0]
                  20017948    00000030     sysbios.aem4 : BIOS.obj (.text:ti_sysbios_family_arm_m3_TaskSupport_start__E)
                  20017978    00000030     release_pem4.oem4 (.text:ti_sysbios_gates_GateHwi_Object__create__S)
                  200179a8    00000030     release_pem4.oem4 (.text:ti_sysbios_gates_GateMutex_Object__create__S)
                  200179d8    00000030     sysbios.aem4 : BIOS.obj (.text:ti_sysbios_gates_GateMutex_enter__E)
                  20017a08    00000030     release_pem4.oem4 (.text:ti_sysbios_heaps_HeapMem_Object__create__S)
                  20017a38    00000030     release_pem4.oem4 (.text:ti_sysbios_knl_Semaphore_construct)
                  20017a68    00000030     sysbios.aem4 : BIOS.obj (.text:ti_sysbios_knl_Semaphore_pendTimeout__I)
                  20017a98    00000030                  : BIOS.obj (.text:ti_sysbios_knl_Task_restore__E)
                  20017ac8    00000030                  : BIOS.obj (.text:ti_sysbios_knl_Task_unblockI__E)
                  20017af8    0000002e     simplelink.a : cc_pal.obj (.text:Mutex_create_handle)
                  20017b26    0000002e     rtsv7M4_T_le_eabi.lib : i_tofd_t2.asm.obj (.text)
                  20017b54    0000002e     release_pem4.oem4 (.text:ti_sysbios_rts_MemAlloc_alloc)
                  20017b82    0000002c     httpclient_release.a : httpclient.oem4 (.text:HTTPClient_destroy)
                  20017bae    00000002     --HOLE-- [fill = 0]
                  20017bb0    0000002c     simplelink.a : cc_pal.obj (.text:NwpPowerOn)
                  20017bdc    0000002c     drivers_cc32xx.aem4 : PowerCC32XX.oem4 (.text:PowerCC32XX_getParkState)
                  20017c08    0000002c     dpl_cc32xx.aem4 : SemaphoreP_tirtos.oem4 (.text:SemaphoreP_createBinary)
                  20017c34    0000002c     slnetifwifi.a : slnetifwifi.obj (.text:SlNetIfWifi_recv)
                  20017c60    0000002c                   : slnetifwifi.obj (.text:SlNetIfWifi_send)
                  20017c8c    0000002c     simplelink.a : driver.obj (.text:_SlDrvSyncObjWaitForever)
                  20017cb8    0000002c     sysbios.aem4 : BIOS.obj (.text:_pthread_cleanupFxn)
                  20017ce4    00000004     --HOLE-- [fill = 0]
                  20017ce8    0000002c                  : BIOS.obj (.text:clockFxn$39)
                  20017d14    00000004     --HOLE-- [fill = 0]
                  20017d18    0000002c                  : BIOS.obj (.text:getTime$20)
                  20017d44    0000002c     lcd.obj (.text:lcd_character)
                  20017d70    0000002c     lcd.obj (.text:lcd_command)
                  20017d9c    0000002c     lcd.obj (.text:lcd_string)
                  20017dc8    0000002c     rtsv7M4_T_le_eabi.lib : strncmp.c.obj (.text:strncmp)
                  20017df4    0000002c     release_pem4.oem4 (.text:ti_sysbios_gates_GateHwi_Handle__label__S)
                  20017e20    0000002c     release_pem4.oem4 (.text:ti_sysbios_gates_GateMutex_Handle__label__S)
                  20017e4c    0000002c     release_pem4.oem4 (.text:ti_sysbios_heaps_HeapMem_Handle__label__S)
                  20017e78    0000002c     release_pem4.oem4 (.text:ti_sysbios_knl_Clock_doTick__I)
                  20017ea4    0000002c     release_pem4.oem4 (.text:ti_sysbios_knl_Queue_construct)
                  20017ed0    0000002c     rtsv7M4_T_le_eabi.lib : unlink.c.obj (.text:unlink)
                  20017efc    0000002a     slnetsock_release.a : slnetutils.oem4 (.text:SlNetUtil_inetPton)
                  20017f26    0000002a     driverlib.a : timer.obj (.text:TimerLoadSet)
                  20017f50    0000002a                 : timer.obj (.text:TimerPrescaleSet)
                  20017f7a    0000002a     release_pem4.oem4 (.text:calloc)
                  20017fa4    00000004     --HOLE-- [fill = 0]
                  20017fa8    0000002a     sysbios.aem4 : BIOS.obj (.text:sem_init)
                  20017fd2    00000002     --HOLE-- [fill = 0]
                  20017fd4    00000028     dht22.obj (.text:DHT_begin)
                  20017ffc    00000028     driverlib.a : prcm.obj (.text:PRCMPeripheralClkDisable)
                  20018024    00000028     dpl_cc32xx.aem4 : PowerCC32XX_tirtos.oem4 (.text:PowerCC32XX_initPolicy)
                  2001804c    00000028     drivers_cc32xx.aem4 : PowerCC32XX.oem4 (.text:Power_registerNotify)
                  20018074    00000028     slnetsock_release.a : slnetif.oem4 (.text:SlNetIf_getIfByID)
                  2001809c    00000028                         : slnetsock.oem4 (.text:SlNetSock_secAttribDelete)
                  200180c4    00000028     simplelink.a : driver.obj (.text:_SlDrvProtectionObjLockWaitForever)
                  200180ec    00000028                  : driver.obj (.text:_SlDrvProtectionObjUnLock)
                  20018114    00000028                  : flowcont.obj (.text:_SlFlowContSet)
                  2001813c    00000028     rtsv7M4_T_le_eabi.lib : lseek.c.obj (.text:lseek)
                  20018164    00000028     sysbios.aem4 : m3_Hwi_asm.obj (.text:ti_sysbios_family_arm_m3_Hwi_excHandlerAsm__I)
                  2001818c    00000004     --HOLE-- [fill = 0]
                  20018190    00000028                  : BIOS.obj (.text:ti_sysbios_knl_Clock_addI__E)
                  200181b8    00000028                  : BIOS.obj (.text:ti_sysbios_knl_Swi_Module_startup__E)
                  200181e0    00000028     rtsv7M4_T_le_eabi.lib : write.c.obj (.text:write)
                  20018208    00000026     drivers_cc32xx.aem4 : List.oem4 (.text:List_put)
                  2001822e    00000026                         : List.oem4 (.text:List_remove)
                  20018254    00000024                         : PowerCC32XX.oem4 (.text:PowerCC32XX_reset)
                  20018278    00000024     slnetsock_release.a : slnetif.oem4 (.text:SlNetIf_getConnectionStatus)
                  2001829c    00000024                         : slnetsock.oem4 (.text:SlNetSock_getIfID)
                  200182c0    00000024     simplelink.a : driver.obj (.text:_SlDrvIsApiInProgress)
                  200182e4    00000024                  : driver.obj (.text:_SlDrvStartMeasureTimeout)
                  20018308    00000024     sysbios.aem4 : BIOS.obj (.text:pthread_attr_init)
                  2001832c    00000024     release_pem4.oem4 (.text:ti_sysbios_BIOS_registerRTSLock__I)
                  20018350    00000024     release_pem4.oem4 (.text:ti_sysbios_BIOS_removeRTSLock__I)
                  20018374    00000004     --HOLE-- [fill = 0]
                  20018378    00000024     sysbios.aem4 : BIOS.obj (.text:ti_sysbios_family_arm_m3_Timer_postInit__I)
                  2001839c    00000004     --HOLE-- [fill = 0]
                  200183a0    00000024                  : BIOS.obj (.text:ti_sysbios_family_arm_m3_Timer_startup__E)
                  200183c4    00000024     release_pem4.oem4 (.text:ti_sysbios_gates_GateMutex_Object__delete__S)
                  200183e8    00000024     sysbios.aem4 : BIOS.obj (.text:ti_sysbios_knl_Clock_Module_startup__E)
                  2001840c    00000024     release_pem4.oem4 (.text:ti_sysbios_knl_Clock_Object__delete__S)
                  20018430    00000024     sysbios.aem4 : BIOS.obj (.text:ti_sysbios_knl_Clock_start__E)
                  20018454    00000004     --HOLE-- [fill = 0]
                  20018458    00000024                  : BIOS.obj (.text:ti_sysbios_knl_Semaphore_Instance_init__E)
                  2001847c    00000024     release_pem4.oem4 (.text:ti_sysbios_knl_Semaphore_Object__delete__S)
                  200184a0    00000024     sysbios.aem4 : BIOS.obj (.text:ti_sysbios_knl_Task_restoreHwi__E)
                  200184c4    00000004     --HOLE-- [fill = 0]
                  200184c8    00000024                  : BIOS.obj (.text:xdc_runtime_Error_policyMin__E)
                  200184ec    00000022     driverlib.a : timer.obj (.text:TimerValueSet)
                  2001850e    00000002     --HOLE-- [fill = 0]
                  20018510    00000020     drivers_cc32xx.aem4 : PowerCC32XX.oem4 (.text:Power_unregisterNotify)
                  20018530    00000020                         : RingBuf.oem4 (.text:RingBuf_peek)
                  20018550    00000020     slnetifwifi.a : slnetifwifi.obj (.text:SlNetIfWifi_accept)
                  20018570    00000020     drivers_cc32xx.aem4 : SPICC32XXDMA.oem4 (.text:getPowerMgrId)
                  20018590    00000020                         : UARTCC32XX.oem4 (.text:getPowerMgrId)
                  200185b0    00000020     rtsv7M4_T_le_eabi.lib : memchr.c.obj (.text:memchr)
                  200185d0    00000020                           : u_tofd_t2.asm.obj (.text)
                  200185f0    00000020     release_pem4.oem4 (.text:ti_sysbios_BIOS_rtsLock__I)
                  20018610    00000020     release_pem4.oem4 (.text:ti_sysbios_family_arm_m3_Hwi_Object__delete__S)
                  20018630    00000020     sysbios.aem4 : BIOS.obj (.text:ti_sysbios_family_arm_m3_Hwi_clearInterrupt__E)
                  20018650    00000020     release_pem4.oem4 (.text:ti_sysbios_gates_GateHwi_Object__delete__S)
                  20018670    00000020     release_pem4.oem4 (.text:ti_sysbios_heaps_HeapMem_Object__delete__S)
                  20018690    00000020     sysbios.aem4 : BIOS.obj (.text:ti_sysbios_knl_Idle_run__E)
                  200186b0    00000020     release_pem4.oem4 (.text:ti_sysbios_knl_Semaphore_destruct)
                  200186d0    00000020     release_pem4.oem4 (.text:ti_sysbios_knl_Task_Object__delete__S)
                  200186f0    0000001e     slnetifwifi.a : slnetifwifi.obj (.text:SlNetIfWifi_bind)
                  2001870e    0000001e                   : slnetifwifi.obj (.text:SlNetIfWifi_connect)
                  2001872c    0000001e     driverlib.a : timer.obj (.text:TimerDisable)
                  2001874a    0000001e                 : timer.obj (.text:TimerEnable)
                  20018768    0000001e     simplelink.a : driver.obj (.text:_SlDrvObjLockWaitForever)
                  20018786    0000001e                  : driver.obj (.text:_SlDrvObjUnLock)
                  200187a4    0000001e                  : driver.obj (.text:_SlDrvSyncObjSignal)
                  200187c2    0000001e     drivers_cc32xx.aem4 : UDMACC32XX.oem4 (.text:postNotifyFxn)
                  200187e0    0000001e     httpclient_release.a : httpclient.oem4 (.text:searchRequestHeader)
                  200187fe    0000001e     rtsv7M4_T_le_eabi.lib : strcat.c.obj (.text:strcat)
                  2001881c    0000001e     sysbios.aem4 : m3_Hwi_asm_switch.obj (.text:ti_sysbios_family_xxx_Hwi_switchAndRunFunc)
                  2001883a    00000002     --HOLE-- [fill = 0]
                  2001883c    0000001c     driverlib.a : pin.obj (.text:PinToPadGet)
                  20018858    0000001c                 : timer.obj (.text:TimerValueGet)
                  20018874    0000001c     simplelink.a : device.obj (.text:_SlDeviceGetStartResponseConvert)
                  20018890    0000001c                  : spawn.obj (.text:_SlInternalIsItSpawnThread)
                  200188ac    0000001c     rtsv7M4_T_le_eabi.lib : memccpy.c.obj (.text:memccpy)
                  200188c8    0000001c     sysbios.aem4 : BIOS.obj (.text:ti_sysbios_family_arm_m3_Hwi_excHandler__I)
                  200188e4    00000004     --HOLE-- [fill = 0]
                  200188e8    0000001c                  : BIOS.obj (.text:ti_sysbios_family_arm_m3_Timer_Module_startup__E)
                  20018904    00000004     --HOLE-- [fill = 0]
                  20018908    0000001c                  : BIOS.obj (.text:ti_sysbios_family_arm_m3_Timer_stop__E)
                  20018924    00000004     --HOLE-- [fill = 0]
                  20018928    0000001c                  : BIOS.obj (.text:ti_sysbios_gates_GateMutex_Instance_init__E)
                  20018944    00000004     --HOLE-- [fill = 0]
                  20018948    0000001c                  : BIOS.obj (.text:ti_sysbios_knl_Clock_Instance_finalize__E)
                  20018964    0000001c     release_pem4.oem4 (.text:ti_sysbios_knl_Queue_destruct)
                  20018980    0000001c     sysbios.aem4 : BIOS.obj (.text:ti_sysbios_knl_Queue_put__E)
                  2001899c    00000004     --HOLE-- [fill = 0]
                  200189a0    0000001c                  : BIOS.obj (.text:ti_sysbios_knl_Task_enter__I)
                  200189bc    00000004     --HOLE-- [fill = 0]
                  200189c0    0000001c                  : BIOS.obj (.text:ti_sysbios_rts_ti_ReentSupport_getReent__F)
                  200189dc    0000001c     httpclient_release.a : httpclient.oem4 (.text:validateResponseHeader)
                  200189f8    0000001a     slnetifwifi.a : slnetifwifi.obj (.text:SlNetIfWifi_listen)
                  20018a12    0000001a     release_pem4.oem4 (.text:free)
                  20018a2c    0000001a     sysbios.aem4 : m3_Hwi_asm.obj (.text:ti_sysbios_family_arm_m3_Hwi_pendSV__I)
                  20018a46    00000002     --HOLE-- [fill = 0]
                  20018a48    00000018     drivers_cc32xx.aem4 : PowerCC32XX.oem4 (.text:Power_idleFunc)
                  20018a60    00000018                         : TimerCC32XX.oem4 (.text:TimerCC32XX_getCount)
                  20018a78    00000018     driverlib.a : timer.obj (.text:TimerIntDisable)
                  20018a90    00000018                 : timer.obj (.text:TimerIntEnable)
                  20018aa8    00000018                 : uart.obj (.text:UARTBusy)
                  20018ac0    00000018                 : uart.obj (.text:UARTIntEnable)
                  20018ad8    00000018     drivers_cc32xx.aem4 : UART.oem4 (.text:UART_Params_init)
                  20018af0    00000018     rtsv7M4_T_le_eabi.lib : args_main.c.obj (.text:_args_main)
                  20018b08    00000018                           : vsnprintf.c.obj (.text:_outc)
                  20018b20    00000018                           : sprintf.c.obj (.text:_outs)
                  20018b38    00000018     httpclient_release.a : httpclient.oem4 (.text:countChar)
                  20018b50    00000018     dht22.obj (.text:restartCapture)
                  20018b68    00000018     rtsv7M4_T_le_eabi.lib : ll_mul_t2.asm.obj (.text)
                  20018b80    00000018                           : strcmp.c.obj (.text:strcmp)
                  20018b98    00000018     release_pem4.oem4 (.text:ti_sysbios_BIOS_rtsUnlock__I)
                  20018bb0    00000018     release_pem4.oem4 (.text:ti_sysbios_family_arm_m3_Hwi_Module__startupDone__F)
                  20018bc8    00000018     release_pem4.oem4 (.text:ti_sysbios_family_arm_m3_Timer_Module__startupDone__F)
                  20018be0    00000018     sysbios.aem4 : BIOS.obj (.text:ti_sysbios_gates_GateMutex_leave__E)
                  20018bf8    00000018                  : BIOS.obj (.text:ti_sysbios_knl_Task_sleepTimeout__I)
                  20018c10    00000018     release_pem4.oem4 (.text:ti_sysbios_rts_ti_ReentSupport_getTlsAddr__I)
                  20018c28    00000018     PEMS.obj (.text:timer_callback)
                  20018c40    00000018     sysbios.aem4 : BIOS.obj (.text:xdc_runtime_Error_init__E)
                  20018c58    00000018                  : BIOS.obj (.text:xdc_runtime_System_exit__E)
                  20018c70    00000016     driverlib.a : prcm.obj (.text:PRCMHIBRegRead)
                  20018c86    00000016                 : prcm.obj (.text:PRCMHIBRegWrite)
                  20018c9c    00000016     simplelink.a : driver.obj (.text:_SlDrvMemZero)
                  20018cb2    00000016     httpclient_release.a : httpclient.oem4 (.text:clearNonPersistResponseFilter)
                  20018cc8    00000016     MHZ16.obj (.text:getPPM)
                  20018cde    00000002     --HOLE-- [fill = 0]
                  20018ce0    00000016     sysbios.aem4 : BIOS.obj (.text:pthread_mutex_destroy)
                  20018cf6    00000016     rtsv7M4_T_le_eabi.lib : strchr.c.obj (.text:strchr)
                  20018d0c    00000016     release_pem4.oem4 (.text:ti_sysbios_BIOS_exitFunc__I)
                  20018d22    00000002     --HOLE-- [fill = 0]
                  20018d24    00000014     drivers_cc32xx.aem4 : PWM.oem4 (.text:PWM_Params_init)
                  20018d38    00000014                         : PowerCC32XX.oem4 (.text:Power_getDependencyCount)
                  20018d4c    00000014                         : SPI.oem4 (.text:SPI_Params_init)
                  20018d60    00000014     sysbios.aem4 : BIOS.obj (.text:pthread_attr_setschedparam)
                  20018d74    00000014     drivers_cc32xx.aem4 : UARTCC32XX.oem4 (.text:releasePowerConstraint)
                  20018d88    00000014     rtsv7M4_T_le_eabi.lib : strcpy.c.obj (.text:strcpy)
                  20018d9c    00000014                           : strlen.c.obj (.text:strlen)
                  20018db0    00000014     release_pem4.oem4 (.text:ti_sysbios_family_arm_m3_Hwi_Object__get__S)
                  20018dc4    00000004     --HOLE-- [fill = 0]
                  20018dc8    00000014     sysbios.aem4 : BIOS.obj (.text:ti_sysbios_family_arm_m3_Hwi_switchFromBootStack__E)
                  20018ddc    00000014     release_pem4.oem4 (.text:ti_sysbios_heaps_HeapMem_Object__get__S)
                  20018df0    00000014     sysbios.aem4 : BIOS.obj (.text:ti_sysbios_knl_Clock_tickReconfig__E)
                  20018e04    00000014     release_pem4.oem4 (.text:ti_sysbios_knl_Swi_Object__get__S)
                  20018e18    00000014     IRBlaster.obj (.text:timerCallback)
                  20018e2c    00000012     drivers_cc32xx.aem4 : RingBuf.oem4 (.text:RingBuf_construct)
                  20018e3e    00000012     dpl_cc32xx.aem4 : SemaphoreP_tirtos.oem4 (.text:SemaphoreP_pend)
                  20018e50    00000012     slnetifwifi.a : slnetifwifi.obj (.text:SlNetIfWifi_close)
                  20018e62    00000012     driverlib.a : timer.obj (.text:TimerIntClear)
                  20018e74    00000004     --HOLE-- [fill = 0]
                  20018e78    00000012     sysbios.aem4 : BIOS.obj (.text:_pthread_runStub$41)
                  20018e8a    00000012     drivers_cc32xx.aem4 : PWMTimerCC32XX.oem4 (.text:postNotifyFxn)
                  20018e9c    00000004     --HOLE-- [fill = 0]
                  20018ea0    00000012     sysbios.aem4 : BIOS.obj (.text:ti_sysbios_hal_Hwi_Module_startup__E)
                  20018eb2    00000012     rtsv7M4_T_le_eabi.lib : wcslen.c.obj (.text:wcslen)
                  20018ec4    00000012     release_pem4.oem4 (.text:xdc_runtime_Startup_exec__I)
                  20018ed6    00000010     ti_drivers_config.obj (.text:Board_init)
                  20018ee6    00000002     --HOLE-- [fill = 0]
                  20018ee8    00000010     drivers_cc32xx.aem4 : Capture.oem4 (.text:Capture_Params_init)
                  20018ef8    00000010     dpl_cc32xx.aem4 : HwiP_tirtos.oem4 (.text:HwiP_Params_init)
                  20018f08    00000010     slnetsock_release.a : slnetsock.oem4 (.text:SlNetSock_secAttribCreate)
                  20018f18    00000010     drivers_cc32xx.aem4 : Timer.oem4 (.text:Timer_Params_init)
                  20018f28    00000010     simplelink.a : driver.obj (.text:_SlDrvDispatchHttpServerEvents)
                  20018f38    00000010                  : driver.obj (.text:_SlDrvDispatchNetAppRequestEvents)
                  20018f48    00000010                  : driver.obj (.text:_SlDrvIsSpawnOwnGlobalLock)
                  20018f58    00000010     ti_drivers_config.obj (.text:dmaErrorFxn)
                  20018f68    00000010     sysbios.aem4 : BIOS.obj (.text:pthread_mutexattr_init)
                  20018f78    00000010                  : BIOS.obj (.text:pthread_mutexattr_settype)
                  20018f88    00000010     drivers_cc32xx.aem4 : UARTCC32XX.oem4 (.text:readBlockingTimeout)
                  20018f98    00000010     httpclient_release.a : httpclient.oem4 (.text:skipWhiteSpace)
                  20018fa8    00000010     sysbios.aem4 : BIOS.obj (.text:ti_sysbios_BIOS_getCpuFreq__E)
                  20018fb8    00000010                  : BIOS.obj (.text:ti_sysbios_BIOS_setThreadType__E)
                  20018fc8    00000010                  : BIOS.obj (.text:ti_sysbios_BIOS_start__E)
                  20018fd8    00000010                  : m3_TaskSupport_asm.obj (.text:ti_sysbios_family_arm_m3_TaskSupport_glue)
                  20018fe8    00000010                  : m3_TaskSupport_asm.obj (.text:ti_sysbios_family_arm_m3_TaskSupport_swap__E)
                  20018ff8    00000010                  : BIOS.obj (.text:ti_sysbios_gates_GateMutex_Instance_finalize__E)
                  20019008    00000010     release_pem4.oem4 (.text:ti_sysbios_knl_Mailbox_Object__get__S)
                  20019018    00000010     sysbios.aem4 : BIOS.obj (.text:ti_sysbios_knl_Semaphore_Instance_finalize__E)
                  20019028    00000010                  : BIOS.obj (.text:ti_sysbios_knl_Swi_disable__E)
                  20019038    00000010     release_pem4.oem4 (.text:ti_sysbios_knl_Task_Object__get__S)
                  20019048    00000010     sysbios.aem4 : BIOS.obj (.text:ti_sysbios_knl_Task_disable__E)
                  20019058    00000010                  : BIOS.obj (.text:xdc_runtime_Memory_free__E)
                  20019068    00000010                  : BIOS.obj (.text:xdc_runtime_SysCallback_abort__E)
                  20019078    00000010                  : BIOS.obj (.text:xdc_runtime_SysCallback_exit__E)
                  20019088    0000000e     drivers_cc32xx.aem4 : RingBuf.oem4 (.text:RingBuf_isFull)
                  20019096    0000000e     simplelink.a : driver.obj (.text:_SlDrvResetCmdExt)
                  200190a4    0000000e     rtsv7M4_T_le_eabi.lib : copy_decompress_none.c.obj (.text:decompress:none:__TI_decompress_none)
                  200190b2    0000000e     drivers_cc32xx.aem4 : SPICC32XXDMA.oem4 (.text:postNotifyFxn)
                  200190c0    0000000e     sysbios.aem4 : BIOS.obj (.text:pthread_attr_setdetachstate)
                  200190ce    00000002     --HOLE-- [fill = 0]
                  200190d0    0000000e                  : BIOS.obj (.text:sem_wait)
                  200190de    0000000e     simplelink.a : cc_pal.obj (.text:spi_Close)
                  200190ec    00000004     --HOLE-- [fill = 0]
                  200190f0    0000000e     sysbios.aem4 : BIOS.obj (.text:ti_sysbios_knl_Idle_loop__E)
                  200190fe    00000002     --HOLE-- [fill = 0]
                  20019100    0000000e                  : BIOS.obj (.text:ti_sysbios_knl_Queue_empty__E)
                  2001910e    0000000c     dpl_cc32xx.aem4 : ClockP_tirtos.oem4 (.text:ClockP_delete)
                  2001911a    00000002     --HOLE-- [fill = 0]
                  2001911c    0000000c                     : ClockP_tirtos.oem4 (.text:ClockP_getSystemTickPeriod)
                  20019128    0000000c                     : HwiP_tirtos.oem4 (.text:HwiP_delete)
                  20019134    0000000c     simplelink.a : cc_pal.obj (.text:NwpMaskInterrupt)
                  20019140    0000000c                  : cc_pal.obj (.text:NwpUnMaskInterrupt)
                  2001914c    0000000c     drivers_cc32xx.aem4 : PowerCC32XX.oem4 (.text:Power_getConstraintMask)
                  20019158    0000000c     dpl_cc32xx.aem4 : SemaphoreP_tirtos.oem4 (.text:SemaphoreP_delete)
                  20019164    0000000c     platform.obj (.text:SimpleLinkHttpServerEventHandler)
                  20019170    0000000c     platform.obj (.text:SimpleLinkNetAppRequestEventHandler)
                  2001917c    0000000c     simplelink.a : device.obj (.text:_SlDeviceResetRequestInitCompletedCB)
                  20019188    0000000c     rtsv7M4_T_le_eabi.lib : _lock.c.obj (.text:_register_lock)
                  20019194    0000000c                           : _lock.c.obj (.text:_register_unlock)
                  200191a0    0000000c                           : s_copysign.c.obj (.text:copysign)
                  200191ac    0000000c                           : copy_zero_init.c.obj (.text:decompress:ZI:__TI_zero_init)
                  200191b8    0000000c     drivers_cc32xx.aem4 : CaptureCC32XX.oem4 (.text:postNotifyFxn)
                  200191c4    0000000c                         : TimerCC32XX.oem4 (.text:postNotifyFxn)
                  200191d0    0000000c                         : UARTCC32XX.oem4 (.text:postNotifyFxn)
                  200191dc    00000004     --HOLE-- [fill = 0]
                  200191e0    0000000c     sysbios.aem4 : BIOS.obj (.text:pthread_self)
                  200191ec    0000000c     release_pem4.oem4 (.text:ti_sysbios_family_arm_m3_Hwi_Params__init__S)
                  200191f8    0000000c     sysbios.aem4 : BIOS.obj (.text:ti_sysbios_family_arm_m3_Hwi_disableFxn__E)
                  20019204    00000004     --HOLE-- [fill = 0]
                  20019208    0000000c                  : BIOS.obj (.text:ti_sysbios_family_arm_m3_TaskSupport_getStackAlignment__E)
                  20019214    00000004     --HOLE-- [fill = 0]
                  20019218    0000000c                  : BIOS.obj (.text:ti_sysbios_gates_GateHwi_enter__E)
                  20019224    0000000c     release_pem4.oem4 (.text:ti_sysbios_knl_Clock_Params__init__S)
                  20019230    0000000c     sysbios.aem4 : BIOS.obj (.text:ti_sysbios_knl_Clock_getTicks__E)
                  2001923c    00000004     --HOLE-- [fill = 0]
                  20019240    0000000c                  : BIOS.obj (.text:ti_sysbios_knl_Clock_setTicks__E)
                  2001924c    00000004     --HOLE-- [fill = 0]
                  20019250    0000000c                  : BIOS.obj (.text:ti_sysbios_knl_Clock_tickStart__E)
                  2001925c    00000004     --HOLE-- [fill = 0]
                  20019260    0000000c                  : BIOS.obj (.text:ti_sysbios_knl_Clock_tickStop__E)
                  2001926c    0000000c     release_pem4.oem4 (.text:ti_sysbios_knl_Queue_Object__get__S)
                  20019278    0000000c     release_pem4.oem4 (.text:ti_sysbios_knl_Semaphore_Params__init__S)
                  20019284    0000000c     release_pem4.oem4 (.text:ti_sysbios_knl_Task_Params__init__S)
                  20019290    0000000c     sysbios.aem4 : BIOS.obj (.text:ti_sysbios_knl_Task_self__E)
                  2001929c    00000004     --HOLE-- [fill = 0]
                  200192a0    0000000c                  : BIOS.obj (.text:ti_sysbios_rts_ti_ReentSupport_taskRegHook__I)
                  200192ac    0000000c     driverlib.a : udma.obj (.text:uDMAErrorStatusClear)
[...]
20022bb4  pwmTimerCC32XXObjects                                           
20022c5c  DHT_Data                                                        
20022c68  DeviceCB                                                        
20022c74  Msg                                                             
20022c80  args                                                            
20022c8c  captParams                                                      
20022c98  finaldata                                                       
20022ca4  packet                                                          
20022cb0  params                                                          
20022cc4  parmbuf                                                         
20022ccc  udmaCC3220SObject                                               
20022cdc  CO2uart                                                         
20022ce0  ClockP_tickPeriod                                               
20022ce4  buffer                                                          
20022ce8  captHandle                                                      
20022cec  i                                                               
20022cf0  j                                                               
20022cf4  mode                                                            
20022cf8  pwm1                                                            
20022cfc  spiCC32XXSDMAscratchBuf                                         
20022d00  ti_sysbios_knl_Task_Instance_State_0_hookEnv__A                 
20022d04  timer                                                           
20022d08  timer0                                                          
20022d0c  uartCO2                                                         
20022d10  D4                                                              
20022d11  D5                                                              
20022d12  D6                                                              
20022d13  D7                                                              
20022d14  E                                                               
20022d15  Rs                                                              
20022d16  RxIrqCnt                                                        
20022d17  TEMP                                                            
20022fa0  _ctypes_                                                        
200230a1  ti_sysbios_knl_Clock_tickMode__C                                
200230a2  ti_sysbios_family_arm_m3_Hwi_Module__id__C                      
2002324c  OpcodeTranslateTable                                            
200232bc  _SlActionLookupTable                                            
2002330c  PowerCC32XX_config                                              
2002334c  spiCC32XXDMAHWAttrs                                             
20023388  ti_sysbios_knl_Task_Object__PARAMS__C                           
2002345a  ti_sysbios_family_arm_m3_Timer_Module__id__C                    
2002345c  ti_sysbios_family_arm_m3_Hwi_Object__PARAMS__C                  
2002348c  UARTCC32XX_fxnTable                                             
200234b4  ti_sysbios_heaps_HeapMem_Module__FXNS__C                        
200234dc  PWMTimerCC32XX_fxnTable                                         
20023500  UART_defaultParams                                              
20023524  ti_sysbios_gates_GateHwi_Module__FXNS__C                        
20023548  ti_sysbios_gates_GateMutex_Module__FXNS__C                      
2002356c  ti_sysbios_heaps_HeapMem_Object__PARAMS__C                      
20023590  ti_sysbios_knl_Clock_Object__PARAMS__C                          
200235b4  ti_sysbios_knl_Semaphore_Object__PARAMS__C                      
2002363f  ti_sysbios_knl_Clock_tickSource__C                              
20023660  SPI_defaultParams                                               
200236a0  TimerCC32XX_fxnTable                                            
20023700  ti_sysbios_family_arm_m3_Hwi_Object__DESC__C                    
20023720  ti_sysbios_gates_GateHwi_Object__DESC__C                        
20023740  ti_sysbios_gates_GateMutex_Object__DESC__C                      
20023760  ti_sysbios_heaps_HeapMem_Object__DESC__C                        
20023780  ti_sysbios_knl_Clock_Object__DESC__C                            
200237a0  ti_sysbios_knl_Queue_Object__DESC__C                            
200237c0  ti_sysbios_knl_Semaphore_Object__DESC__C                        
200237e0  ti_sysbios_knl_Task_Object__DESC__C                             
20023800  timerCC32XXHWAttrs                                              
20023820  xdc_runtime_Startup_sfxnTab__A                                  
20023840  CaptureCC32XX_fxnTable                                          
20023858  PWM_defaultParams                                               
20023870  SPICC32XXDMA_fxnTable                                           
20023888  Timer_config                                                    
200238a0  ti_sysbios_gates_GateHwi_Object__PARAMS__C                      
200238b8  ti_sysbios_gates_GateMutex_Object__PARAMS__C                    
200238d0  ti_sysbios_knl_Queue_Object__PARAMS__C                          
200238e8  ti_sysbios_knl_Task_hooks__A                                    
20023978  GPIOCC32XX_config                                               
20023a3c  xdc_runtime_Startup_sfxnRts__A                                  
20023a58  Capture_config                                                  
20023a64  PWM_config                                                      
20023a70  SPI_config                                                      
20023a7c  UART_config                                                     
20023ac4  udmaCC3220SHWAttrs                                              
20023ad0  xdc_runtime_Startup_firstFxns__A                                
20023ae4  UDMACC32XX_config                                               
20023aec  captureCC32XXHWAttrs                                            
20023b0c  outPinTypes                                                     
20023b1c  ti_sysbios_knl_Idle_funcList__A                                 
20023b24  ti_sysbios_knl_Idle_funcList__C                                 
20023b2c  ti_sysbios_knl_Task_hooks__C                                    
20023b3c  xdc_runtime_Startup_firstFxns__C                                
20023b44  xdc_runtime_Startup_lastFxns__C                                 
20023b52  inPinTypes                                                      
20023b58  outPinStrengths                                                 
20023b5e  Capture_count                                                   
20023b5f  CryptoCC32XX_count                                              
20023b60  PWM_count                                                       
20023b61  SPI_count                                                       
20023b62  Timer_count                                                     
20023b63  UART_count                                                      
20023b94  _SlNetAppSendResponseCmdCtrl                                    
20023b98  _SlNetAppSendTokenValueCmdCtrl                                  
20023bc8  pwmTimerCC32XXHWAttrs                                           
20023bcc  ti_sysbios_family_arm_m3_Hwi_E_alreadyDefined__C                
20023bd0  ti_sysbios_family_arm_m3_Hwi_E_badIntNum__C                     
20023bd4  ti_sysbios_family_arm_m3_Hwi_NUM_INTERRUPTS__C                  
20023bd8  ti_sysbios_family_arm_m3_Hwi_Object__count__C                   
20023bdc  ti_sysbios_family_arm_m3_Hwi_ccr__C                             
20023be0  ti_sysbios_family_arm_m3_Hwi_excHandlerFunc__C                  
20023be4  ti_sysbios_family_arm_m3_Hwi_nullIsrFunc__C                     
20023be8  ti_sysbios_family_arm_m3_Hwi_priGroup__C                        
20023bec  ti_sysbios_family_arm_m3_Hwi_swiDisable__C                      
20023bf0  ti_sysbios_family_arm_m3_Hwi_swiRestore__C                      
20023bf4  ti_sysbios_family_arm_m3_TaskSupport_stackAlignment__C          
20023bf8  ti_sysbios_family_arm_m3_Timer_E_cannotSupport__C               
20023bfc  ti_sysbios_family_arm_m3_Timer_startupNeeded__C                 
20023c00  ti_sysbios_gates_GateMutex_Instance_State_sem__O                
20023c04  ti_sysbios_heaps_HeapMem_E_memory__C                            
20023c08  ti_sysbios_heaps_HeapMem_Module__gateObj__C                     
20023c0c  ti_sysbios_heaps_HeapMem_Object__count__C                       
20023c10  ti_sysbios_heaps_HeapMem_primaryHeapBaseAddr__C                 
20023c14  ti_sysbios_heaps_HeapMem_primaryHeapEndAddr__C                  
20023c18  ti_sysbios_heaps_HeapMem_reqAlign__C                            
20023c1c  ti_sysbios_knl_Clock_Module_State_clockQ__O                     
20023c20  ti_sysbios_knl_Clock_tickPeriod__C                              
20023c24  ti_sysbios_knl_Mailbox_Instance_State_freeQue__O                
20023c28  ti_sysbios_knl_Mailbox_Object__count__C                         
20023c2c  ti_sysbios_knl_Mailbox_maxTypeAlign__C                          
20023c30  ti_sysbios_knl_Semaphore_Instance_State_pendQ__O                
20023c34  ti_sysbios_knl_Swi_Object__count__C                             
20023c38  ti_sysbios_knl_Task_Module_State_inactiveQ__O                   
20023c3c  ti_sysbios_knl_Task_Object__count__C                            
20023c40  ti_sysbios_knl_Task_Object__heap__C                             
20023c44  ti_sysbios_knl_Task_allBlockedFunc__C                           
20023c48  ti_sysbios_knl_Task_defaultStackHeap__C                         
20023c4c  ti_sysbios_knl_Task_defaultStackSize__C                         
20023c50  ti_sysbios_knl_Task_numConstructedTasks__C                      
20023c54  xdc_runtime_Error_E_memory__C                                   
20023c58  xdc_runtime_Error_policyFxn__C                                  
20023c5c  xdc_runtime_IGateProvider_Interface__BASE__C                    
20023c60  xdc_runtime_IHeap_Interface__BASE__C                            
20023c64  xdc_runtime_IModule_Interface__BASE__C                          
20023c68  xdc_runtime_Memory_defaultHeapInstance__C                       
20023c6c  xdc_runtime_Startup_execImpl__C                                 
20023c70  xdc_runtime_Startup_maxPasses__C                                
20023c74  xdc_runtime_Startup_sfxnRts__C                                  
20023c78  xdc_runtime_Startup_sfxnTab__C                                  
20023c7c  xdc_runtime_SysCallback_abortFxn__C                             
20023c80  xdc_runtime_SysCallback_exitFxn__C                              
20023c84  xdc_runtime_System_Module__gateObj__C                           
20023c88  xdc_runtime_System_abortFxn__C                                  
20023c8c  xdc_runtime_System_exitFxn__C                                   
20023c90  xdc_runtime_System_maxAtexitHandlers__C                         
20023c94  ti_sysbios_heaps_HeapMem_Module__id__C                          
20023c96  xdc_runtime_Memory_Module__id__C                                
20023c98  xdc_runtime_Error_policy__C                                     
20023c9c  s_text                                                          
20023e2c  PowerCC32XX_module                                              
20023f98  parkInfo                                                        
20024090  _ftable                                                         
20024180  ARRAY_OFF                                                       
20024244  ARRAY_ON                                                        
20024448  ti_sysbios_knl_Swi_Module_State_0_readyQ__A                     
200244c8  ti_sysbios_knl_Task_Module_State_0_readyQ__A                    
20024548  _device                                                         
200245c0  SlNetIfConfigWifi                                               
20024618  ti_sysbios_gates_GateMutex_Object__table__V                     
200246bc  _stream                                                         
2002470c  ti_sysbios_knl_Task_Object__table__V                            
20024758  ti_sysbios_knl_Task_Module__state__V                            
2002479c  ti_sysbios_family_arm_m3_Hwi_Module__state__V                   
200247d0  gpioCallbackFunctions                                           
20024800  gpioPinConfigs                                                  
20024830  ti_sysbios_family_arm_m3_Timer_Object__table__V                 
20024860  ti_sysbios_knl_Swi_Object__table__V                             
20024890  ti_sysbios_knl_Clock_Module__state__V                           
200248bc  g_LibsEvents                                                    
200248e0  g_UserEvents                                                    
20024904  ti_sysbios_BIOS_Module__state__V                                
20024928  edit                                                            
20024929  screen                                                          
2002492a  c_pos                                                           
2002492b  cursor                                                          
2002492c  seconds                                                         
2002492e  maxT                                                            
20024930  minT                                                            
20024932  maxH                                                            
20024934  minH                                                            
20024936  maxC                                                            
20024938  minC                                                            
2002493a  Temp                                                            
2002493c  Hum                                                             
2002493e  CO                                                              
20024940  T                                                               
20024941  H                                                               
20024942  C                                                               
20024943  R1                                                              
20024944  R2                                                              
20024945  flag                                                            
20024946  olda                                                            
20024947  oldb                                                            
20024948  newa                                                            
20024949  newb                                                            
2002494a  lookup_index                                                    
2002494c  xdc_runtime_Error_IgnoreBlock                                   
2002496c  HTTP_METHOD_GET                                                 
20024970  HTTP_METHOD_POST                                                
20024974  HTTP_METHOD_HEAD                                                
20024978  HTTP_METHOD_OPTIONS                                             
2002497c  HTTP_METHOD_PUT                                                 
20024980  HTTP_METHOD_DELETE                                              
20024984  HTTP_METHOD_CONNECT                                             
20024988  ti_sysbios_knl_Swi_Module__state__V                             
200249a4  ti_sysbios_family_arm_m3_Hwi_Object__table__V                   
200249bc  ti_sysbios_heaps_HeapMem_Object__table__V                       
200249e4  __TI_ft_end                                                     
200249e8  __aeabi_stdin                                                   
200249ec  __aeabi_stdout                                                  
200249f0  __aeabi_stderr                                                  
200249f4  ti_sysbios_family_arm_cc32xx_Seconds_Module__state__V           
20024a04  __TI_cleanup_ptr                                                
20024a08  __TI_dtors_ptr                                                  
20024a0c  __TI_enable_exit_profile_output                                 
20024a10  gGlobalLockCntRequested                                         
20024a11  gGlobalLockCntReleased                                          
20024a12  g_SlDeviceStatus                                                
20024a14  g_pCB                                                           
20024a18  pPingCallBackFunc                                               
20024a1c  ti_sysbios_family_arm_m3_Timer_Module__state__V                 
20024a31  readCO2                                                         
20024a3a  ti_sysbios_family_arm_m3_Hwi_Module_State_0_excActive__A        
20024a3c  _lock                                                           
20024a40  _unlock                                                         
20024a44  countData                                                       
20024a48  allDataCaptured                                                 
20024a54  httpThread                                                      
20024a58  spawn_thread                                                    
20024a5c  ti_sysbios_family_arm_m3_Hwi_Module__root__V                    
20024a64  ti_sysbios_gates_GateHwi_Module__root__V                        
20024a6c  ti_sysbios_gates_GateMutex_Module__root__V                      
20024a74  ti_sysbios_heaps_HeapMem_Module__root__V                        
20024a7c  ti_sysbios_knl_Clock_Module__root__V                            
20024a84  ti_sysbios_knl_Queue_Module__root__V                            
20024a8c  ti_sysbios_knl_Semaphore_Module__root__V                        
20024a94  ti_sysbios_knl_Task_Module__root__V                             
20024a9c  xdc_runtime_Startup_Module__state__V                            
20024aa4  xdc_runtime_System_Module_State_0_atexitHandlers__A             
20024aac  xdc_runtime_System_Module__state__V                             
20024ab4  main_func_sp                                                    
20024ab8  g_intHandle                                                     
20024ac0  ti_sysbios_family_arm_m3_Hwi_Module_State_0_excContext__A       
20024ac4  ti_sysbios_family_arm_m3_Hwi_Module_State_0_excStack__A         
20024ac8  ti_sysbios_gates_GateHwi_Object__table__V                       
20024acc  ti_sysbios_knl_Task_Module_State_0_idleTask__A                  
20024ad0  ti_sysbios_rts_ti_ReentSupport_Module__state__V                 
20024ad4  xdc_runtime_Memory_Module__state__V                             
20024ae0  __TI_static_base__                                              
20024f60  __TI_Handler_Table_Base                                         
20024f6c  __TI_Handler_Table_Limit                                        
20024f78  __TI_CINIT_Base                                                 
20024f88  __TI_CINIT_Limit                                                
e000e000  ti_sysbios_family_arm_m3_Hwi_nvic                               
ffffffff  __TI_pprof_out_hndl                                             
ffffffff  __TI_prof_data_size                                             
ffffffff  __TI_prof_data_start                                            
ffffffff  __binit__                                                       
ffffffff  __c_args__                                                      
ffffffff  binit                                                           
UNDEFED   SHT$$INIT_ARRAY$$Base                                           
UNDEFED   SHT$$INIT_ARRAY$$Limit                                          

[1030 symbols]
